[i] Cleaning up previous scan results
[i] Running images.. (if frozen - make sure Docker is available)
 Container radar-rabbitmq-1  Running
 Container postgres  Running
 Container radar-api  Running
 Container radar-rabbitmq-1  Waiting
 Container postgres  Waiting
 Container postgres  Healthy
 Container radar-rabbitmq-1  Healthy
[i] Copying folder from radar container to a shared docker volume
[i] Language detected: rust
[i] AST successfully generated for folder
[i] Scan initiated for folder
[i] Ran 57 templates
[i] Scanned 1 file (account.rs)

[ [92mLow[0m ] Type Cosplay found at:
 * /tmp/radar-c2-wrap/anchor-account-reload-owner.secure/pkg/src/account.rs:305:27-42
 * /tmp/radar-c2-wrap/anchor-account-reload-owner.secure/pkg/src/account.rs:320:34-49

[i] radar completed successfully. json results were saved to disk.
[i] Results written to /root/st-fix-20260901/radar-out/anchor-account-reload-owner.secure.json
