[i] Cleaning up previous scan results
[i] Running images.. (if frozen - make sure Docker is available)
 Container postgres  Running
 Container radar-rabbitmq-1  Running
 Container radar-api  Running
 Container postgres  Waiting
 Container radar-rabbitmq-1  Waiting
 Container postgres  Healthy
 Container radar-rabbitmq-1  Healthy
[i] Copying folder from radar container to a shared docker volume
[i] Language detected: rust
[i] AST successfully generated for folder
[i] Scan initiated for folder
[i] Ran 57 templates
[i] Scanned 1 file (transfer.rs)

[ [91mHigh[0m ] Unvalidated Price Data Account found at:
 * /tmp/radar-c2-wrap/metaplex-token-metadata.secure/pkg/src/transfer.rs:209:58-73


[ [92mLow[0m ] Account Data Matching found at:
 * /tmp/radar-c2-wrap/metaplex-token-metadata.secure/pkg/src/transfer.rs:209:26-32

[i] radar completed successfully. json results were saved to disk.
[i] Results written to /root/st-fix-20260901/radar-out/metaplex-token-metadata.secure.json
