[i] Cleaning up previous scan results
[i] Running images.. (if frozen - make sure Docker is available)
 Container radar-rabbitmq-1  Running
 Container postgres  Running
 Container radar-api  Running
 Container postgres  Waiting
 Container radar-rabbitmq-1  Waiting
 Container postgres  Healthy
 Container radar-rabbitmq-1  Healthy
[i] Copying folder from radar container to a shared docker volume
[i] Language detected: rust
[i] AST successfully generated for folder
[i] Scan initiated for folder
[i] Ran 57 templates
[i] Scanned 1 file (processor.rs)

[ [91mHigh[0m ] Missing Pyth Confidence Interval found at:
 * /tmp/radar-c2-wrap/solend-owner-checks.insecure/pkg/src/processor.rs:309:24-33
 * /tmp/radar-c2-wrap/solend-owner-checks.insecure/pkg/src/processor.rs:449:38-47
 * /tmp/radar-c2-wrap/solend-owner-checks.insecure/pkg/src/processor.rs:2109:4-13


[ [91mHigh[0m ] Unvalidated Price Data Account found at:
 * /tmp/radar-c2-wrap/solend-owner-checks.insecure/pkg/src/processor.rs:2124:43-58
 * /tmp/radar-c2-wrap/solend-owner-checks.insecure/pkg/src/processor.rs:2178:45-60


[ [94mMedium[0m ] Invoke Signed Unvalidated Seeds found at:
 * /tmp/radar-c2-wrap/solend-owner-checks.insecure/pkg/src/processor.rs:2262:9-22


[ [92mLow[0m ] Account Data Matching found at:
 * /tmp/radar-c2-wrap/solend-owner-checks.insecure/pkg/src/processor.rs:42:43-49
 * /tmp/radar-c2-wrap/solend-owner-checks.insecure/pkg/src/processor.rs:2064:11-17


[ [92mLow[0m ] Account Precreation DoS found at:
 * /tmp/radar-c2-wrap/solend-owner-checks.insecure/pkg/src/processor.rs:131:4-31
 * /tmp/radar-c2-wrap/solend-owner-checks.insecure/pkg/src/processor.rs:194:4-24
 * /tmp/radar-c2-wrap/solend-owner-checks.insecure/pkg/src/processor.rs:733:4-27
 * /tmp/radar-c2-wrap/solend-owner-checks.insecure/pkg/src/processor.rs:2213:4-26

[i] radar completed successfully. json results were saved to disk.
[i] Results written to /root/st-fix-20260901/radar-out/solend-owner-checks.insecure.json
