[i] Cleaning up previous scan results
[i] Running images.. (if frozen - make sure Docker is available)
 Container radar-rabbitmq-1  Running
 Container postgres  Running
 Container radar-api  Running
 Container radar-rabbitmq-1  Waiting
 Container postgres  Waiting
 Container radar-rabbitmq-1  Healthy
 Container postgres  Healthy
[i] Copying folder from radar container to a shared docker volume
[i] Language detected: rust
[i] AST successfully generated for folder
[i] Scan initiated for folder
[i] Ran 57 templates
[i] Scanned 1 file (state.rs)

[ [91mHigh[0m ] Anchor Reward Overflow found at:
 * /tmp/radar-c2-wrap/solido-anker-arbitrary-cpi.secure/pkg/src/state.rs:665:10-16
 * /tmp/radar-c2-wrap/solido-anker-arbitrary-cpi.secure/pkg/src/state.rs:687:10-16


[ [92mLow[0m ] Unchecked Arithmetics found at:
 * /tmp/radar-c2-wrap/solido-anker-arbitrary-cpi.secure/pkg/src/state.rs:665:25-28
 * /tmp/radar-c2-wrap/solido-anker-arbitrary-cpi.secure/pkg/src/state.rs:687:25-28

[i] radar completed successfully. json results were saved to disk.
[i] Results written to /root/st-fix-20260901/radar-out/solido-anker-arbitrary-cpi.secure.json
