[i] Cleaning up previous scan results
[i] Running images.. (if frozen - make sure Docker is available)
 Container radar-rabbitmq-1  Running
 Container postgres  Running
 Container radar-api  Running
 Container postgres  Waiting
 Container radar-rabbitmq-1  Waiting
 Container postgres  Healthy
 Container radar-rabbitmq-1  Healthy
[i] Copying folder from radar container to a shared docker volume
[i] Language detected: rust
[i] AST successfully generated for folder
[i] Scan initiated for folder
[i] Ran 57 templates
[i] Scanned 1 file (processor.rs)

[ [92mLow[0m ] Account Data Matching found at:
 * /tmp/radar-c2-wrap/token-2022-confidential-approve-mint.insecure/pkg/src/processor.rs:70:52-58
 * /tmp/radar-c2-wrap/token-2022-confidential-approve-mint.insecure/pkg/src/processor.rs:111:64-70
 * /tmp/radar-c2-wrap/token-2022-confidential-approve-mint.insecure/pkg/src/processor.rs:127:45-51
 * /tmp/radar-c2-wrap/token-2022-confidential-approve-mint.insecure/pkg/src/processor.rs:172:64-70
 * /tmp/radar-c2-wrap/token-2022-confidential-approve-mint.insecure/pkg/src/processor.rs:176:45-51
 * /tmp/radar-c2-wrap/token-2022-confidential-approve-mint.insecure/pkg/src/processor.rs:211:64-70
 * /tmp/radar-c2-wrap/token-2022-confidential-approve-mint.insecure/pkg/src/processor.rs:259:45-51
 * /tmp/radar-c2-wrap/token-2022-confidential-approve-mint.insecure/pkg/src/processor.rs:271:64-70
 * /tmp/radar-c2-wrap/token-2022-confidential-approve-mint.insecure/pkg/src/processor.rs:359:45-51
 * /tmp/radar-c2-wrap/token-2022-confidential-approve-mint.insecure/pkg/src/processor.rs:371:64-70
 * /tmp/radar-c2-wrap/token-2022-confidential-approve-mint.insecure/pkg/src/processor.rs:448:45-51
 * /tmp/radar-c2-wrap/token-2022-confidential-approve-mint.insecure/pkg/src/processor.rs:638:64-70
 * /tmp/radar-c2-wrap/token-2022-confidential-approve-mint.insecure/pkg/src/processor.rs:702:44-50
 * /tmp/radar-c2-wrap/token-2022-confidential-approve-mint.insecure/pkg/src/processor.rs:764:64-70
 * /tmp/radar-c2-wrap/token-2022-confidential-approve-mint.insecure/pkg/src/processor.rs:831:44-50
 * /tmp/radar-c2-wrap/token-2022-confidential-approve-mint.insecure/pkg/src/processor.rs:936:64-70
 * /tmp/radar-c2-wrap/token-2022-confidential-approve-mint.insecure/pkg/src/processor.rs:983:64-70
 * /tmp/radar-c2-wrap/token-2022-confidential-approve-mint.insecure/pkg/src/processor.rs:1014:64-70


[ [92mLow[0m ] Account Precreation DoS found at:
 * /tmp/radar-c2-wrap/token-2022-confidential-approve-mint.insecure/pkg/src/processor.rs:37:4-27

[i] radar completed successfully. json results were saved to disk.
[i] Results written to /root/st-fix-20260901/radar-out/token-2022-confidential-approve-mint.insecure.json
