[i] Cleaning up previous scan results
[i] Running images.. (if frozen - make sure Docker is available)
 Container radar-rabbitmq-1  Running
 Container postgres  Running
 Container radar-api  Running
 Container postgres  Waiting
 Container radar-rabbitmq-1  Waiting
 Container radar-rabbitmq-1  Healthy
 Container postgres  Healthy
[i] Copying folder from radar container to a shared docker volume
[i] Language detected: rust
[i] AST successfully generated for folder
[i] Scan initiated for folder
[i] Ran 57 templates
[i] Scanned 1 file (processor.rs)

[ [92mLow[0m ] Account Data Matching found at:
 * /tmp/radar-c2-wrap/token-2022-confidential-approve-mint.secure/pkg/src/processor.rs:70:52-58
 * /tmp/radar-c2-wrap/token-2022-confidential-approve-mint.secure/pkg/src/processor.rs:111:64-70
 * /tmp/radar-c2-wrap/token-2022-confidential-approve-mint.secure/pkg/src/processor.rs:127:45-51
 * /tmp/radar-c2-wrap/token-2022-confidential-approve-mint.secure/pkg/src/processor.rs:172:64-70
 * /tmp/radar-c2-wrap/token-2022-confidential-approve-mint.secure/pkg/src/processor.rs:180:45-51
 * /tmp/radar-c2-wrap/token-2022-confidential-approve-mint.secure/pkg/src/processor.rs:215:64-70
 * /tmp/radar-c2-wrap/token-2022-confidential-approve-mint.secure/pkg/src/processor.rs:263:45-51
 * /tmp/radar-c2-wrap/token-2022-confidential-approve-mint.secure/pkg/src/processor.rs:275:64-70
 * /tmp/radar-c2-wrap/token-2022-confidential-approve-mint.secure/pkg/src/processor.rs:363:45-51
 * /tmp/radar-c2-wrap/token-2022-confidential-approve-mint.secure/pkg/src/processor.rs:375:64-70
 * /tmp/radar-c2-wrap/token-2022-confidential-approve-mint.secure/pkg/src/processor.rs:452:45-51
 * /tmp/radar-c2-wrap/token-2022-confidential-approve-mint.secure/pkg/src/processor.rs:642:64-70
 * /tmp/radar-c2-wrap/token-2022-confidential-approve-mint.secure/pkg/src/processor.rs:706:44-50
 * /tmp/radar-c2-wrap/token-2022-confidential-approve-mint.secure/pkg/src/processor.rs:768:64-70
 * /tmp/radar-c2-wrap/token-2022-confidential-approve-mint.secure/pkg/src/processor.rs:835:44-50
 * /tmp/radar-c2-wrap/token-2022-confidential-approve-mint.secure/pkg/src/processor.rs:940:64-70
 * /tmp/radar-c2-wrap/token-2022-confidential-approve-mint.secure/pkg/src/processor.rs:987:64-70
 * /tmp/radar-c2-wrap/token-2022-confidential-approve-mint.secure/pkg/src/processor.rs:1018:64-70


[ [92mLow[0m ] Account Precreation DoS found at:
 * /tmp/radar-c2-wrap/token-2022-confidential-approve-mint.secure/pkg/src/processor.rs:37:4-27

[i] radar completed successfully. json results were saved to disk.
[i] Results written to /root/st-fix-20260901/radar-out/token-2022-confidential-approve-mint.secure.json
