COMMAND: docker run --rm --network none -v /tmp/sealevel-attacks/programs/5-arbitrary-cpi/insecure:/src:ro --entrypoint /bin/sh vaultlint-runner:local -c vaultlint scan --fail-on never /src >&2; vaultlint scan --format json --fail-on never /src
EXIT: 0
WALL_SECONDS: 0.37

STDOUT:
{
  "findings": [
    {
      "column": 9,
      "docs_url": "https://vaultlint.com/rules/VL005/",
      "file": "/src/src/lib.rs",
      "help": "Use Anchor's typed CPI helpers, or verify the id first, e.g. `require_keys_eq!(program.key(), expected::ID)`.",
      "line": 11,
      "message": "`ctx.accounts.token_program.key` supplies the program id for this CPI, and nothing in the handler proves which program it is. An attacker who controls that account can point the invocation at their own program.",
      "rule_id": "VL005",
      "severity": "medium",
      "snippet": "solana_program::program::invoke(",
      "title": "unchecked CPI to unknown program"
    }
  ],
  "skipped": []
}


STDERR:
→ analyzing 1 Rust file (Anchor 0.20.1) …

⚠ MED  unchecked CPI to unknown program
        /src/src/lib.rs:11
        `ctx.accounts.token_program.key` supplies the program id for this CPI, and nothing in the handler proves which program it is. An attacker who controls that account can point the invocation at their own program.
        Use Anchor's typed CPI helpers, or verify the id first, e.g. `require_keys_eq!(program.key(), expected::ID)`.
        https://vaultlint.com/rules/VL005/

1 issue found · 0 high · 1 medium

