COMMAND: radar scan -p /root/scannertruth/raw/radar-c2-2026-09-02-24c56f9/_staged/anchor-interface-account.secure.pkg -f none -o /root/scannertruth/raw/radar-c2-2026-09-02-24c56f9/anchor-interface-account.secure/radar.json
EXIT: 0
WALL_SECONDS: 52.9

STDOUT:
[i] Cleaning up previous scan results
[i] Running images.. (if frozen - make sure Docker is available)
[i] Copying folder from radar container to a shared docker volume
[i] Language detected: rust
[i] AST successfully generated for folder
[i] Scan initiated for folder
[i] Ran 57 templates
[i] Scanned 1 file (interface_account.rs)

[ [92mLow[0m ] Type Cosplay found at:
 * /root/scannertruth/raw/radar-c2-2026-09-02-24c56f9/_staged/anchor-interface-account.secure.pkg/pkg/src/interface_account.rs:219:31-46
 * /root/scannertruth/raw/radar-c2-2026-09-02-24c56f9/_staged/anchor-interface-account.secure.pkg/pkg/src/interface_account.rs:245:16-31

[i] radar completed successfully. json results were saved to disk.
[i] Results written to /root/scannertruth/raw/radar-c2-2026-09-02-24c56f9/anchor-interface-account.secure/radar.json


STDERR:
 Container radar-rabbitmq-1  Running
 Container postgres  Running
 Container radar-api  Running
 Container radar-rabbitmq-1  Waiting
 Container postgres  Waiting
 Container postgres  Healthy
 Container radar-rabbitmq-1  Healthy

