ok          0-signer-authorization/insecure                         findings=1 files=1 0.4s
ok          0-signer-authorization/recommended                      findings=0 files=1 0.3s
ok          0-signer-authorization/secure                           findings=1 files=1 0.3s
ok          1-account-data-matching/insecure                        findings=1 files=1 0.4s
ok          1-account-data-matching/recommended                     findings=0 files=1 0.4s
ok          1-account-data-matching/secure                          findings=1 files=1 0.4s
ok          10-sysvar-address-checking/insecure                     findings=1 files=1 0.4s
ok          10-sysvar-address-checking/recommended                  findings=0 files=1 0.3s
ok          10-sysvar-address-checking/secure                       findings=1 files=1 0.4s
ok          2-owner-checks/insecure                                 findings=1 files=1 0.4s
ok          2-owner-checks/recommended                              findings=0 files=1 0.4s
ok          2-owner-checks/secure                                   findings=1 files=1 0.3s
ok          3-type-cosplay/insecure                                 findings=1 files=1 0.3s
ok          3-type-cosplay/recommended                              findings=0 files=1 0.3s
ok          3-type-cosplay/secure                                   findings=1 files=1 0.4s
ok          4-initialization/insecure                               findings=1 files=1 0.3s
ok          4-initialization/recommended                            findings=1 files=1 0.3s
ok          4-initialization/secure                                 findings=1 files=1 0.3s
ok          5-arbitrary-cpi/insecure                                findings=4 files=1 0.3s
ok          5-arbitrary-cpi/recommended                             findings=0 files=1 0.4s
ok          5-arbitrary-cpi/secure                                  findings=4 files=1 0.3s
ok          6-duplicate-mutable-accounts/insecure                   findings=0 files=1 0.3s
ok          6-duplicate-mutable-accounts/recommended                findings=0 files=1 0.4s
ok          6-duplicate-mutable-accounts/secure                     findings=0 files=1 0.4s
ok          7-bump-seed-canonicalization/insecure                   findings=0 files=1 0.4s
ok          7-bump-seed-canonicalization/recommended                findings=0 files=1 0.4s
ok          7-bump-seed-canonicalization/secure                     findings=0 files=1 0.4s
ok          8-pda-sharing/insecure                                  findings=0 files=1 0.4s
ok          8-pda-sharing/recommended                               findings=0 files=1 0.4s
ok          8-pda-sharing/secure                                    findings=0 files=1 0.3s
ok          9-closing-accounts/insecure                             findings=1 files=1 0.4s
ok          9-closing-accounts/insecure-still                       findings=1 files=1 0.4s
ok          9-closing-accounts/insecure-still-still                 findings=1 files=1 0.4s
ok          9-closing-accounts/recommended                          findings=1 files=1 0.4s
ok          9-closing-accounts/secure                               findings=3 files=1 0.3s
corpus 1: 35 runs, 35 ok, 0 unavailable, 28 findings (envelope key ['analysis_results'])
ok          anchor-account-reload-owner/insecure                    findings=23 files=1 0.4s
ok          anchor-account-reload-owner/secure                      findings=23 files=1 0.4s
ok          anchor-interface-account/insecure                       findings=19 files=1 0.4s
ok          anchor-interface-account/secure                         findings=19 files=1 0.4s
ok          anchor-program-system/insecure                          findings=7 files=1 0.3s
ok          anchor-program-system/secure                            findings=10 files=1 0.3s
ok          cashio-account-data/insecure                            findings=0 files=1 0.4s
ok          cashio-account-data/secure                              findings=0 files=1 0.4s
ok          metaplex-bubblegum-creator/insecure                     findings=3 files=1 0.4s
ok          metaplex-bubblegum-creator/secure                       findings=3 files=2 0.4s
ok          metaplex-candy-machine/insecure                         findings=0 files=1 0.4s
ok          metaplex-candy-machine/secure                           findings=0 files=1 0.3s
ok          metaplex-token-metadata/insecure                        findings=0 files=1 0.4s
ok          metaplex-token-metadata/secure                          findings=0 files=1 0.4s
ok          solend-owner-checks/insecure                            findings=6 files=1 0.4s
ok          solend-owner-checks/secure                              findings=6 files=1 0.4s
ok          solido-anker-arbitrary-cpi/insecure                     findings=8 files=1 0.4s
ok          solido-anker-arbitrary-cpi/secure                       findings=8 files=1 0.4s
ok          solido-deposit-reserve-account/insecure                 findings=14 files=1 0.4s
ok          solido-deposit-reserve-account/secure                   findings=14 files=1 0.4s
ok          spl-stake-pool-fee-rounding/insecure                    findings=25 files=1 0.4s
ok          spl-stake-pool-fee-rounding/secure                      findings=25 files=1 0.4s
ok          spl-stake-pool-mint-decimals/insecure                   findings=11 files=1 0.4s
ok          spl-stake-pool-mint-decimals/secure                     findings=11 files=1 0.4s
ok          squads-account-matching/insecure                        findings=8 files=1 0.4s
ok          squads-account-matching/secure                          findings=8 files=1 0.4s
ok          squads-recursive-execute/insecure                       findings=14 files=1 0.4s
ok          squads-recursive-execute/secure                         findings=14 files=1 0.4s
ok          squads-signer-auth/insecure                             findings=8 files=1 0.4s
ok          squads-signer-auth/secure                               findings=8 files=1 0.4s
ok          token-2022-confidential-approve-mint/insecure           findings=20 files=1 0.4s
ok          token-2022-confidential-approve-mint/secure             findings=21 files=1 0.3s
ok          wormhole-sysvar/insecure                                findings=10 files=1 0.3s
ok          wormhole-sysvar/secure                                  findings=10 files=1 0.4s
corpus 2: 34 runs, 34 ok, 0 unavailable, 356 findings (envelope key ['analysis_results'])
