[i] Cleaning up previous scan results
[i] Running images.. (if frozen - make sure Docker is available)
 Container radar-rabbitmq-1  Running
 Container postgres  Running
 Container radar-api  Running
 Container radar-rabbitmq-1  Waiting
 Container postgres  Waiting
 Container radar-rabbitmq-1  Healthy
 Container postgres  Healthy
[i] Copying folder from radar container to a shared docker volume
[i] Language detected: rust
[i] AST successfully generated for folder
[i] Scan initiated for folder
[i] Ran 57 templates
[i] Scanned 1 file (interface_account.rs)

[ [91mHigh[0m ] Unvalidated Price Data Account found at:
 * /tmp/c2radar/anchor-interface-account/secure/crate/src/interface_account.rs:244:41-56


[ [92mLow[0m ] Type Cosplay found at:
 * /tmp/c2radar/anchor-interface-account/secure/crate/src/interface_account.rs:219:31-46
 * /tmp/c2radar/anchor-interface-account/secure/crate/src/interface_account.rs:245:16-31

[i] radar completed successfully. json results were saved to disk.
[i] Results written to /tmp/c2-radar-percase/anchor-interface-account.secure.json
