[i] Cleaning up previous scan results
[i] Running images.. (if frozen - make sure Docker is available)
 Container postgres  Running
 Container radar-rabbitmq-1  Running
 Container radar-api  Running
 Container postgres  Waiting
 Container radar-rabbitmq-1  Waiting
 Container postgres  Healthy
 Container radar-rabbitmq-1  Healthy
[i] Copying folder from radar container to a shared docker volume
[i] Language detected: rust
[i] AST successfully generated for folder
[i] Scan initiated for folder
[i] Ran 57 templates
[i] Scanned 7 files (collection.rs,compression.rs,error.rs,lib.rs,metadata.rs,mod.rs,pda.rs)

[ [91mHigh[0m ] Unconstrained UncheckedAccount found at 40 locations, see output file for more details.


[ [91mHigh[0m ] Unvalidated Price Data Account found at:
 * /tmp/c2radar/metaplex-bubblegum-creator/secure/crate/src/collection.rs:76:48-63


[ [94mMedium[0m ] Duplicate Mutable Accounts found at:
 * /tmp/c2radar/metaplex-bubblegum-creator/secure/crate/src/lib.rs:394:23-30
 * /tmp/c2radar/metaplex-bubblegum-creator/secure/crate/src/lib.rs:396:29-36


[ [94mMedium[0m ] Invoke Signed Unvalidated Seeds found at:
 * /tmp/c2radar/metaplex-bubblegum-creator/secure/crate/src/lib.rs:776:9-22
 * /tmp/c2radar/metaplex-bubblegum-creator/secure/crate/src/lib.rs:1430:21-34
 * /tmp/c2radar/metaplex-bubblegum-creator/secure/crate/src/mod.rs:108:5-18


[ [94mMedium[0m ] Unchecked Close Target found at:
 * /tmp/c2radar/metaplex-bubblegum-creator/secure/crate/src/lib.rs:305:17-27


[ [92mLow[0m ] Missing Signer Check found at:
 * /tmp/c2radar/metaplex-bubblegum-creator/secure/crate/src/lib.rs:126:3-9
 * /tmp/c2radar/metaplex-bubblegum-creator/secure/crate/src/lib.rs:208:3-9


[ [92mLow[0m ] Random Authority Generation found at:
 * /tmp/c2radar/metaplex-bubblegum-creator/secure/crate/src/collection.rs:153:29-39
 * /tmp/c2radar/metaplex-bubblegum-creator/secure/crate/src/mod.rs:208:39-49


[ [92mLow[0m ] Unchecked Arithmetics found at:
 * /tmp/c2radar/metaplex-bubblegum-creator/secure/crate/src/mod.rs:85:8-25
 * /tmp/c2radar/metaplex-bubblegum-creator/secure/crate/src/mod.rs:161:8-20

[i] radar completed successfully. json results were saved to disk.
[i] Results written to /tmp/c2-radar-percase/metaplex-bubblegum-creator.secure.json
