COMMAND: radar scan -p /root/scannertruth/raw/radar-c2-2026-09-02-24c56f9/_staged/spl-stake-pool-mint-decimals.secure.pkg -f none -o /root/scannertruth/raw/radar-c2-2026-09-02-24c56f9/spl-stake-pool-mint-decimals.secure.run2/radar.json
EXIT: 0
WALL_SECONDS: 71.85

STDOUT:
[i] Cleaning up previous scan results
[i] Running images.. (if frozen - make sure Docker is available)
[i] Copying folder from radar container to a shared docker volume
[i] Language detected: rust
[i] AST successfully generated for folder
[i] Scan initiated for folder
[i] Ran 57 templates
[i] Scanned 1 file (processor.rs)

[ [94mMedium[0m ] Invoke Signed Unvalidated Seeds found at:
 * /root/scannertruth/raw/radar-c2-2026-09-02-24c56f9/_staged/spl-stake-pool-mint-decimals.secure.pkg/pkg/src/processor.rs:346:5-18
 * /root/scannertruth/raw/radar-c2-2026-09-02-24c56f9/_staged/spl-stake-pool-mint-decimals.secure.pkg/pkg/src/processor.rs:383:9-22
 * /root/scannertruth/raw/radar-c2-2026-09-02-24c56f9/_staged/spl-stake-pool-mint-decimals.secure.pkg/pkg/src/processor.rs:411:9-22
 * /root/scannertruth/raw/radar-c2-2026-09-02-24c56f9/_staged/spl-stake-pool-mint-decimals.secure.pkg/pkg/src/processor.rs:430:9-22
 * /root/scannertruth/raw/radar-c2-2026-09-02-24c56f9/_staged/spl-stake-pool-mint-decimals.secure.pkg/pkg/src/processor.rs:457:9-22
 * /root/scannertruth/raw/radar-c2-2026-09-02-24c56f9/_staged/spl-stake-pool-mint-decimals.secure.pkg/pkg/src/processor.rs:530:9-22
 * /root/scannertruth/raw/radar-c2-2026-09-02-24c56f9/_staged/spl-stake-pool-mint-decimals.secure.pkg/pkg/src/processor.rs:579:9-22
 * /root/scannertruth/raw/radar-c2-2026-09-02-24c56f9/_staged/spl-stake-pool-mint-decimals.secure.pkg/pkg/src/processor.rs:614:9-22
 * /root/scannertruth/raw/radar-c2-2026-09-02-24c56f9/_staged/spl-stake-pool-mint-decimals.secure.pkg/pkg/src/processor.rs:672:9-22
 * /root/scannertruth/raw/radar-c2-2026-09-02-24c56f9/_staged/spl-stake-pool-mint-decimals.secure.pkg/pkg/src/processor.rs:3543:9-22
 * /root/scannertruth/raw/radar-c2-2026-09-02-24c56f9/_staged/spl-stake-pool-mint-decimals.secure.pkg/pkg/src/processor.rs:3622:9-22


[ [92mLow[0m ] Account Data Matching found at:
 * /root/scannertruth/raw/radar-c2-2026-09-02-24c56f9/_staged/spl-stake-pool-mint-decimals.secure.pkg/pkg/src/processor.rs:2566:54-60


[ [92mLow[0m ] Account Precreation DoS found at:
 * /root/scannertruth/raw/radar-c2-2026-09-02-24c56f9/_staged/spl-stake-pool-mint-decimals.secure.pkg/pkg/src/processor.rs:710:8-26


[ [92mLow[0m ] Integer Division Overflow found at:
 * /root/scannertruth/raw/radar-c2-2026-09-02-24c56f9/_staged/spl-stake-pool-mint-decimals.secure.pkg/pkg/src/processor.rs:2162:8-45


[ [92mLow[0m ] Type Cosplay found at:
 * /root/scannertruth/raw/radar-c2-2026-09-02-24c56f9/_staged/spl-stake-pool-mint-decimals.secure.pkg/pkg/src/processor.rs:3750:49-63

[i] radar completed successfully. json results were saved to disk.
[i] Results written to /root/scannertruth/raw/radar-c2-2026-09-02-24c56f9/spl-stake-pool-mint-decimals.secure.run2/radar.json


STDERR:
 Container radar-rabbitmq-1  Running
 Container postgres  Running
 Container radar-api  Running
 Container postgres  Waiting
 Container radar-rabbitmq-1  Waiting
 Container radar-rabbitmq-1  Healthy
 Container postgres  Healthy

