COMMAND: radar scan -p /root/scannertruth/raw/radar-c2-2026-09-02-24c56f9/_staged/metaplex-candy-machine.insecure.pkg -f none -o /root/scannertruth/raw/radar-c2-2026-09-02-24c56f9/metaplex-candy-machine.insecure/radar.json
EXIT: 0
WALL_SECONDS: 53.05

STDOUT:
[i] Cleaning up previous scan results
[i] Running images.. (if frozen - make sure Docker is available)
[i] Copying folder from radar container to a shared docker volume
[i] Language detected: rust
[i] AST successfully generated for folder
[i] Scan initiated for folder
[i] Ran 57 templates
[i] Scanned 1 file (set_collection_during_mint.rs)

[ [91mHigh[0m ] Unconstrained UncheckedAccount found at:
 * /root/scannertruth/raw/radar-c2-2026-09-02-24c56f9/_staged/metaplex-candy-machine.insecure.pkg/pkg/src/set_collection_during_mint.rs:19:15-31
 * /root/scannertruth/raw/radar-c2-2026-09-02-24c56f9/_staged/metaplex-candy-machine.insecure.pkg/pkg/src/set_collection_during_mint.rs:30:22-38
 * /root/scannertruth/raw/radar-c2-2026-09-02-24c56f9/_staged/metaplex-candy-machine.insecure.pkg/pkg/src/set_collection_during_mint.rs:32:26-42
 * /root/scannertruth/raw/radar-c2-2026-09-02-24c56f9/_staged/metaplex-candy-machine.insecure.pkg/pkg/src/set_collection_during_mint.rs:34:32-48
 * /root/scannertruth/raw/radar-c2-2026-09-02-24c56f9/_staged/metaplex-candy-machine.insecure.pkg/pkg/src/set_collection_during_mint.rs:36:16-32
 * /root/scannertruth/raw/radar-c2-2026-09-02-24c56f9/_staged/metaplex-candy-machine.insecure.pkg/pkg/src/set_collection_during_mint.rs:38:34-50


[ [94mMedium[0m ] Invoke Signed Unvalidated Seeds found at:
 * /root/scannertruth/raw/radar-c2-2026-09-02-24c56f9/_staged/metaplex-candy-machine.insecure.pkg/pkg/src/set_collection_during_mint.rs:152:5-18

[i] radar completed successfully. json results were saved to disk.
[i] Results written to /root/scannertruth/raw/radar-c2-2026-09-02-24c56f9/metaplex-candy-machine.insecure/radar.json


STDERR:
 Container radar-rabbitmq-1  Running
 Container postgres  Running
 Container radar-api  Running
 Container postgres  Waiting
 Container radar-rabbitmq-1  Waiting
 Container radar-rabbitmq-1  Healthy
 Container postgres  Healthy

