COMMAND: radar scan -p /root/scannertruth/raw/radar-c2-2026-09-02-24c56f9/_staged/metaplex-bubblegum-creator.insecure.pkg -f none -o /root/scannertruth/raw/radar-c2-2026-09-02-24c56f9/metaplex-bubblegum-creator.insecure.run2/radar.json
EXIT: 0
WALL_SECONDS: 53.25

STDOUT:
[i] Cleaning up previous scan results
[i] Running images.. (if frozen - make sure Docker is available)
[i] Copying folder from radar container to a shared docker volume
[i] Language detected: rust
[i] AST successfully generated for folder
[i] Scan initiated for folder
[i] Ran 57 templates
[i] Scanned 1 file (metadata.rs)
[i] radar completed successfully. No results found.
[i] Results written to /root/scannertruth/raw/radar-c2-2026-09-02-24c56f9/metaplex-bubblegum-creator.insecure.run2/radar.json


STDERR:
 Container radar-rabbitmq-1  Running
 Container postgres  Running
 Container radar-api  Running
 Container radar-rabbitmq-1  Waiting
 Container postgres  Waiting
 Container radar-rabbitmq-1  Healthy
 Container postgres  Healthy

