COMMAND: radar scan -p /root/st-fw-20260901/raw/radar-c2-2026-09-01-fw/_staged/anchor-interface-account.insecure.pkg -f none -o /root/st-fw-20260901/raw/radar-c2-2026-09-01-fw/anchor-interface-account.insecure.run2/radar.json
EXIT: 0
WALL_SECONDS: 52.98

STDOUT:
[i] Cleaning up previous scan results
[i] Running images.. (if frozen - make sure Docker is available)
[i] Copying folder from radar container to a shared docker volume
[i] Language detected: rust
[i] AST successfully generated for folder
[i] Scan initiated for folder
[i] Ran 57 templates
[i] Scanned 1 file (interface_account.rs)
[i] radar completed successfully. No results found.
[i] Results written to /root/st-fw-20260901/raw/radar-c2-2026-09-01-fw/anchor-interface-account.insecure.run2/radar.json


STDERR:
 Container radar-rabbitmq-1  Running
 Container postgres  Running
 Container radar-api  Running
 Container postgres  Waiting
 Container radar-rabbitmq-1  Waiting
 Container radar-rabbitmq-1  Healthy
 Container postgres  Healthy

