COMMAND: radar scan -p /root/scannertruth/raw/radar-c2-2026-09-02-24c56f9/_staged/spl-token-lending-rounding.insecure.pkg -f none -o /root/scannertruth/raw/radar-c2-2026-09-02-24c56f9/spl-token-lending-rounding.insecure/radar.json
EXIT: 0
WALL_SECONDS: 59.92

STDOUT:
[i] Cleaning up previous scan results
[i] Running images.. (if frozen - make sure Docker is available)
[i] Copying folder from radar container to a shared docker volume
[i] Language detected: rust
[i] AST successfully generated for folder
[i] Scan initiated for folder
[i] Ran 57 templates
[i] Scanned 2 files (rate.rs,reserve.rs)

[ [94mMedium[0m ] Unrestricted Token Minting found at:
 * /root/scannertruth/raw/radar-c2-2026-09-02-24c56f9/_staged/spl-token-lending-rounding.insecure.pkg/pkg/src/reserve.rs:508:12-16


[ [92mLow[0m ] Unchecked Arithmetics found at:
 * /root/scannertruth/raw/radar-c2-2026-09-02-24c56f9/_staged/spl-token-lending-rounding.insecure.pkg/pkg/src/rate.rs:60:12-24

[i] radar completed successfully. json results were saved to disk.
[i] Results written to /root/scannertruth/raw/radar-c2-2026-09-02-24c56f9/spl-token-lending-rounding.insecure/radar.json


STDERR:
 Container postgres  Running
 Container radar-rabbitmq-1  Running
 Container radar-api  Running
 Container postgres  Waiting
 Container radar-rabbitmq-1  Waiting
 Container postgres  Healthy
 Container radar-rabbitmq-1  Healthy

