COMMAND: radar scan -p /root/scannertruth/raw/radar-c1-2026-09-02-24c56f9/_staged/2-owner-checks.secure.pkg -f none -o /root/scannertruth/raw/radar-c1-2026-09-02-24c56f9/2-owner-checks.secure/radar.json
EXIT: 0
WALL_SECONDS: 52.9

STDOUT:
[i] Cleaning up previous scan results
[i] Running images.. (if frozen - make sure Docker is available)
[i] Copying folder from radar container to a shared docker volume
[i] Language detected: rust
[i] Framework/Toolchain: Anchor (Solana)
[i] AST successfully generated for folder
[i] Scan initiated for folder
[i] Ran 38 templates
[i] Scanned 1 file (lib.rs)
[i] radar completed successfully. No results found.
[i] Results written to /root/scannertruth/raw/radar-c1-2026-09-02-24c56f9/2-owner-checks.secure/radar.json


STDERR:
 Container radar-rabbitmq-1  Running
 Container postgres  Running
 Container radar-api  Running
 Container postgres  Waiting
 Container radar-rabbitmq-1  Waiting
 Container radar-rabbitmq-1  Healthy
 Container postgres  Healthy

