COMMAND: radar scan -p /root/scannertruth/raw/radar-c2-2026-09-02-24c56f9/_staged/solido-anker-arbitrary-cpi.insecure.pkg -f none -o /root/scannertruth/raw/radar-c2-2026-09-02-24c56f9/solido-anker-arbitrary-cpi.insecure/radar.json
EXIT: 0
WALL_SECONDS: 53.22

STDOUT:
[i] Cleaning up previous scan results
[i] Running images.. (if frozen - make sure Docker is available)
[i] Copying folder from radar container to a shared docker volume
[i] Language detected: rust
[i] AST successfully generated for folder
[i] Scan initiated for folder
[i] Ran 57 templates
[i] Scanned 1 file (state.rs)

[ [91mHigh[0m ] Anchor Reward Overflow found at:
 * /root/scannertruth/raw/radar-c2-2026-09-02-24c56f9/_staged/solido-anker-arbitrary-cpi.insecure.pkg/pkg/src/state.rs:649:10-16
 * /root/scannertruth/raw/radar-c2-2026-09-02-24c56f9/_staged/solido-anker-arbitrary-cpi.insecure.pkg/pkg/src/state.rs:671:10-16


[ [92mLow[0m ] Account Data Matching found at:
 * /root/scannertruth/raw/radar-c2-2026-09-02-24c56f9/_staged/solido-anker-arbitrary-cpi.insecure.pkg/pkg/src/state.rs:324:40-46


[ [92mLow[0m ] Unchecked Arithmetics found at:
 * /root/scannertruth/raw/radar-c2-2026-09-02-24c56f9/_staged/solido-anker-arbitrary-cpi.insecure.pkg/pkg/src/state.rs:649:25-28
 * /root/scannertruth/raw/radar-c2-2026-09-02-24c56f9/_staged/solido-anker-arbitrary-cpi.insecure.pkg/pkg/src/state.rs:671:25-28

[i] radar completed successfully. json results were saved to disk.
[i] Results written to /root/scannertruth/raw/radar-c2-2026-09-02-24c56f9/solido-anker-arbitrary-cpi.insecure/radar.json


STDERR:
 Container radar-rabbitmq-1  Running
 Container postgres  Running
 Container radar-api  Running
 Container radar-rabbitmq-1  Waiting
 Container postgres  Waiting
 Container radar-rabbitmq-1  Healthy
 Container postgres  Healthy

