COMMAND: radar scan -p /root/st-fw-20260901/raw/radar-c2-2026-09-01-fw/_staged/metaplex-token-metadata.insecure.pkg -f none -o /root/st-fw-20260901/raw/radar-c2-2026-09-01-fw/metaplex-token-metadata.insecure/radar.json
EXIT: 0
WALL_SECONDS: 53.74

STDOUT:
[i] Cleaning up previous scan results
[i] Running images.. (if frozen - make sure Docker is available)
[i] Copying folder from radar container to a shared docker volume
[i] Language detected: rust
[i] AST successfully generated for folder
[i] Scan initiated for folder
[i] Ran 57 templates
[i] Scanned 1 file (transfer.rs)

[ [91mHigh[0m ] Unvalidated Price Data Account found at:
 * /root/st-fw-20260901/raw/radar-c2-2026-09-01-fw/_staged/metaplex-token-metadata.insecure.pkg/pkg/src/transfer.rs:197:58-73


[ [92mLow[0m ] Account Data Matching found at:
 * /root/st-fw-20260901/raw/radar-c2-2026-09-01-fw/_staged/metaplex-token-metadata.insecure.pkg/pkg/src/transfer.rs:197:26-32

[i] radar completed successfully. json results were saved to disk.
[i] Results written to /root/st-fw-20260901/raw/radar-c2-2026-09-01-fw/metaplex-token-metadata.insecure/radar.json


STDERR:
 Container postgres  Running
 Container radar-rabbitmq-1  Running
 Container radar-api  Running
 Container radar-rabbitmq-1  Waiting
 Container postgres  Waiting
 Container postgres  Healthy
 Container radar-rabbitmq-1  Healthy

