COMMAND: radar scan -p /root/scannertruth/raw/radar-c2-2026-09-02-24c56f9/_staged/wormhole-sysvar.secure.pkg -f none -o /root/scannertruth/raw/radar-c2-2026-09-02-24c56f9/wormhole-sysvar.secure.run2/radar.json
EXIT: 0
WALL_SECONDS: 53.52

STDOUT:
[i] Cleaning up previous scan results
[i] Running images.. (if frozen - make sure Docker is available)
[i] Copying folder from radar container to a shared docker volume
[i] Language detected: rust
[i] AST successfully generated for folder
[i] Scan initiated for folder
[i] Ran 57 templates
[i] Scanned 1 file (verify_signature.rs)

[ [94mMedium[0m ] Arbitrary Cross-Program Invocation found at:
 * /root/scannertruth/raw/radar-c2-2026-09-02-24c56f9/_staged/wormhole-sysvar.secure.pkg/pkg/src/verify_signature.rs:68:8-25


[ [94mMedium[0m ] Missing Rent Exemption Check found at:
 * /root/scannertruth/raw/radar-c2-2026-09-02-24c56f9/_staged/wormhole-sysvar.secure.pkg/pkg/src/verify_signature.rs:179:54-68


[ [92mLow[0m ] Unchecked Arithmetics found at:
 * /root/scannertruth/raw/radar-c2-2026-09-02-24c56f9/_staged/wormhole-sysvar.secure.pkg/pkg/src/verify_signature.rs:68:8-25
 * /root/scannertruth/raw/radar-c2-2026-09-02-24c56f9/_staged/wormhole-sysvar.secure.pkg/pkg/src/verify_signature.rs:204:14-23

[i] radar completed successfully. json results were saved to disk.
[i] Results written to /root/scannertruth/raw/radar-c2-2026-09-02-24c56f9/wormhole-sysvar.secure.run2/radar.json


STDERR:
 Container radar-rabbitmq-1  Running
 Container postgres  Running
 Container radar-api  Running
 Container postgres  Waiting
 Container radar-rabbitmq-1  Waiting
 Container postgres  Healthy
 Container radar-rabbitmq-1  Healthy

