COMMAND: radar scan -p /root/st-fw-20260901/raw/radar-c2-2026-09-01-fw/_staged/token-2022-confidential-approve-mint.insecure.pkg -f none -o /root/st-fw-20260901/raw/radar-c2-2026-09-01-fw/token-2022-confidential-approve-mint.insecure/radar.json
EXIT: 0
WALL_SECONDS: 56.87

STDOUT:
[i] Cleaning up previous scan results
[i] Running images.. (if frozen - make sure Docker is available)
[i] Copying folder from radar container to a shared docker volume
[i] Language detected: rust
[i] AST successfully generated for folder
[i] Scan initiated for folder
[i] Ran 57 templates
[i] Scanned 1 file (processor.rs)

[ [92mLow[0m ] Account Data Matching found at:
 * /root/st-fw-20260901/raw/radar-c2-2026-09-01-fw/_staged/token-2022-confidential-approve-mint.insecure.pkg/pkg/src/processor.rs:70:52-58
 * /root/st-fw-20260901/raw/radar-c2-2026-09-01-fw/_staged/token-2022-confidential-approve-mint.insecure.pkg/pkg/src/processor.rs:111:64-70
 * /root/st-fw-20260901/raw/radar-c2-2026-09-01-fw/_staged/token-2022-confidential-approve-mint.insecure.pkg/pkg/src/processor.rs:127:45-51
 * /root/st-fw-20260901/raw/radar-c2-2026-09-01-fw/_staged/token-2022-confidential-approve-mint.insecure.pkg/pkg/src/processor.rs:172:64-70
 * /root/st-fw-20260901/raw/radar-c2-2026-09-01-fw/_staged/token-2022-confidential-approve-mint.insecure.pkg/pkg/src/processor.rs:176:45-51
 * /root/st-fw-20260901/raw/radar-c2-2026-09-01-fw/_staged/token-2022-confidential-approve-mint.insecure.pkg/pkg/src/processor.rs:211:64-70
 * /root/st-fw-20260901/raw/radar-c2-2026-09-01-fw/_staged/token-2022-confidential-approve-mint.insecure.pkg/pkg/src/processor.rs:259:45-51
 * /root/st-fw-20260901/raw/radar-c2-2026-09-01-fw/_staged/token-2022-confidential-approve-mint.insecure.pkg/pkg/src/processor.rs:271:64-70
 * /root/st-fw-20260901/raw/radar-c2-2026-09-01-fw/_staged/token-2022-confidential-approve-mint.insecure.pkg/pkg/src/processor.rs:359:45-51
 * /root/st-fw-20260901/raw/radar-c2-2026-09-01-fw/_staged/token-2022-confidential-approve-mint.insecure.pkg/pkg/src/processor.rs:371:64-70
 * /root/st-fw-20260901/raw/radar-c2-2026-09-01-fw/_staged/token-2022-confidential-approve-mint.insecure.pkg/pkg/src/processor.rs:448:45-51
 * /root/st-fw-20260901/raw/radar-c2-2026-09-01-fw/_staged/token-2022-confidential-approve-mint.insecure.pkg/pkg/src/processor.rs:638:64-70
 * /root/st-fw-20260901/raw/radar-c2-2026-09-01-fw/_staged/token-2022-confidential-approve-mint.insecure.pkg/pkg/src/processor.rs:702:44-50
 * /root/st-fw-20260901/raw/radar-c2-2026-09-01-fw/_staged/token-2022-confidential-approve-mint.insecure.pkg/pkg/src/processor.rs:764:64-70
 * /root/st-fw-20260901/raw/radar-c2-2026-09-01-fw/_staged/token-2022-confidential-approve-mint.insecure.pkg/pkg/src/processor.rs:831:44-50
 * /root/st-fw-20260901/raw/radar-c2-2026-09-01-fw/_staged/token-2022-confidential-approve-mint.insecure.pkg/pkg/src/processor.rs:936:64-70
 * /root/st-fw-20260901/raw/radar-c2-2026-09-01-fw/_staged/token-2022-confidential-approve-mint.insecure.pkg/pkg/src/processor.rs:983:64-70
 * /root/st-fw-20260901/raw/radar-c2-2026-09-01-fw/_staged/token-2022-confidential-approve-mint.insecure.pkg/pkg/src/processor.rs:1014:64-70


[ [92mLow[0m ] Account Precreation DoS found at:
 * /root/st-fw-20260901/raw/radar-c2-2026-09-01-fw/_staged/token-2022-confidential-approve-mint.insecure.pkg/pkg/src/processor.rs:37:4-27

[i] radar completed successfully. json results were saved to disk.
[i] Results written to /root/st-fw-20260901/raw/radar-c2-2026-09-01-fw/token-2022-confidential-approve-mint.insecure/radar.json


STDERR:
 Container postgres  Running
 Container radar-rabbitmq-1  Running
 Container radar-api  Running
 Container postgres  Waiting
 Container radar-rabbitmq-1  Waiting
 Container radar-rabbitmq-1  Healthy
 Container postgres  Healthy

