[
 {
  "leaf": "0-signer-authorization/insecure",
  "status": "ok",
  "findings": 1,
  "rc": 0,
  "wall_s": 4.7,
  "files_scanned": 1,
  "artefact": "/root/st-fix-20260901/semgrep-out/c1/0-signer-authorization.insecure.json"
 },
 {
  "leaf": "0-signer-authorization/recommended",
  "status": "ok",
  "findings": 0,
  "rc": 0,
  "wall_s": 4.5,
  "files_scanned": 1,
  "artefact": "/root/st-fix-20260901/semgrep-out/c1/0-signer-authorization.recommended.json"
 },
 {
  "leaf": "0-signer-authorization/secure",
  "status": "ok",
  "findings": 1,
  "rc": 0,
  "wall_s": 4.7,
  "files_scanned": 1,
  "artefact": "/root/st-fix-20260901/semgrep-out/c1/0-signer-authorization.secure.json"
 },
 {
  "leaf": "1-account-data-matching/insecure",
  "status": "ok",
  "findings": 1,
  "rc": 0,
  "wall_s": 4.7,
  "files_scanned": 1,
  "artefact": "/root/st-fix-20260901/semgrep-out/c1/1-account-data-matching.insecure.json"
 },
 {
  "leaf": "1-account-data-matching/recommended",
  "status": "ok",
  "findings": 0,
  "rc": 0,
  "wall_s": 4.4,
  "files_scanned": 1,
  "artefact": "/root/st-fix-20260901/semgrep-out/c1/1-account-data-matching.recommended.json"
 },
 {
  "leaf": "1-account-data-matching/secure",
  "status": "ok",
  "findings": 1,
  "rc": 0,
  "wall_s": 4.5,
  "files_scanned": 1,
  "artefact": "/root/st-fix-20260901/semgrep-out/c1/1-account-data-matching.secure.json"
 },
 {
  "leaf": "10-sysvar-address-checking/insecure",
  "status": "ok",
  "findings": 1,
  "rc": 0,
  "wall_s": 4.2,
  "files_scanned": 1,
  "artefact": "/root/st-fix-20260901/semgrep-out/c1/10-sysvar-address-checking.insecure.json"
 },
 {
  "leaf": "10-sysvar-address-checking/recommended",
  "status": "ok",
  "findings": 0,
  "rc": 0,
  "wall_s": 4.5,
  "files_scanned": 1,
  "artefact": "/root/st-fix-20260901/semgrep-out/c1/10-sysvar-address-checking.recommended.json"
 },
 {
  "leaf": "10-sysvar-address-checking/secure",
  "status": "ok",
  "findings": 1,
  "rc": 0,
  "wall_s": 4.5,
  "files_scanned": 1,
  "artefact": "/root/st-fix-20260901/semgrep-out/c1/10-sysvar-address-checking.secure.json"
 },
 {
  "leaf": "2-owner-checks/insecure",
  "status": "ok",
  "findings": 1,
  "rc": 0,
  "wall_s": 4.7,
  "files_scanned": 1,
  "artefact": "/root/st-fix-20260901/semgrep-out/c1/2-owner-checks.insecure.json"
 },
 {
  "leaf": "2-owner-checks/recommended",
  "status": "ok",
  "findings": 0,
  "rc": 0,
  "wall_s": 4.4,
  "files_scanned": 1,
  "artefact": "/root/st-fix-20260901/semgrep-out/c1/2-owner-checks.recommended.json"
 },
 {
  "leaf": "2-owner-checks/secure",
  "status": "ok",
  "findings": 1,
  "rc": 0,
  "wall_s": 4.3,
  "files_scanned": 1,
  "artefact": "/root/st-fix-20260901/semgrep-out/c1/2-owner-checks.secure.json"
 },
 {
  "leaf": "3-type-cosplay/insecure",
  "status": "ok",
  "findings": 1,
  "rc": 0,
  "wall_s": 4.6,
  "files_scanned": 1,
  "artefact": "/root/st-fix-20260901/semgrep-out/c1/3-type-cosplay.insecure.json"
 },
 {
  "leaf": "3-type-cosplay/recommended",
  "status": "ok",
  "findings": 0,
  "rc": 0,
  "wall_s": 4.7,
  "files_scanned": 1,
  "artefact": "/root/st-fix-20260901/semgrep-out/c1/3-type-cosplay.recommended.json"
 },
 {
  "leaf": "3-type-cosplay/secure",
  "status": "ok",
  "findings": 1,
  "rc": 0,
  "wall_s": 4.3,
  "files_scanned": 1,
  "artefact": "/root/st-fix-20260901/semgrep-out/c1/3-type-cosplay.secure.json"
 },
 {
  "leaf": "4-initialization/insecure",
  "status": "ok",
  "findings": 2,
  "rc": 0,
  "wall_s": 4.3,
  "files_scanned": 1,
  "artefact": "/root/st-fix-20260901/semgrep-out/c1/4-initialization.insecure.json"
 },
 {
  "leaf": "4-initialization/recommended",
  "status": "ok",
  "findings": 0,
  "rc": 0,
  "wall_s": 4.4,
  "files_scanned": 1,
  "artefact": "/root/st-fix-20260901/semgrep-out/c1/4-initialization.recommended.json"
 },
 {
  "leaf": "4-initialization/secure",
  "status": "ok",
  "findings": 2,
  "rc": 0,
  "wall_s": 4.5,
  "files_scanned": 1,
  "artefact": "/root/st-fix-20260901/semgrep-out/c1/4-initialization.secure.json"
 },
 {
  "leaf": "5-arbitrary-cpi/insecure",
  "status": "ok",
  "findings": 4,
  "rc": 0,
  "wall_s": 4.3,
  "files_scanned": 1,
  "artefact": "/root/st-fix-20260901/semgrep-out/c1/5-arbitrary-cpi.insecure.json"
 },
 {
  "leaf": "5-arbitrary-cpi/recommended",
  "status": "ok",
  "findings": 0,
  "rc": 0,
  "wall_s": 4.2,
  "files_scanned": 1,
  "artefact": "/root/st-fix-20260901/semgrep-out/c1/5-arbitrary-cpi.recommended.json"
 },
 {
  "leaf": "5-arbitrary-cpi/secure",
  "status": "ok",
  "findings": 4,
  "rc": 0,
  "wall_s": 4.9,
  "files_scanned": 1,
  "artefact": "/root/st-fix-20260901/semgrep-out/c1/5-arbitrary-cpi.secure.json"
 },
 {
  "leaf": "6-duplicate-mutable-accounts/insecure",
  "status": "ok",
  "findings": 0,
  "rc": 0,
  "wall_s": 4.5,
  "files_scanned": 1,
  "artefact": "/root/st-fix-20260901/semgrep-out/c1/6-duplicate-mutable-accounts.insecure.json"
 },
 {
  "leaf": "6-duplicate-mutable-accounts/recommended",
  "status": "ok",
  "findings": 0,
  "rc": 0,
  "wall_s": 4.6,
  "files_scanned": 1,
  "artefact": "/root/st-fix-20260901/semgrep-out/c1/6-duplicate-mutable-accounts.recommended.json"
 },
 {
  "leaf": "6-duplicate-mutable-accounts/secure",
  "status": "ok",
  "findings": 0,
  "rc": 0,
  "wall_s": 4.3,
  "files_scanned": 1,
  "artefact": "/root/st-fix-20260901/semgrep-out/c1/6-duplicate-mutable-accounts.secure.json"
 },
 {
  "leaf": "7-bump-seed-canonicalization/insecure",
  "status": "ok",
  "findings": 0,
  "rc": 0,
  "wall_s": 4.8,
  "files_scanned": 1,
  "artefact": "/root/st-fix-20260901/semgrep-out/c1/7-bump-seed-canonicalization.insecure.json"
 },
 {
  "leaf": "7-bump-seed-canonicalization/recommended",
  "status": "ok",
  "findings": 1,
  "rc": 0,
  "wall_s": 4.3,
  "files_scanned": 1,
  "artefact": "/root/st-fix-20260901/semgrep-out/c1/7-bump-seed-canonicalization.recommended.json"
 },
 {
  "leaf": "7-bump-seed-canonicalization/secure",
  "status": "ok",
  "findings": 0,
  "rc": 0,
  "wall_s": 4.1,
  "files_scanned": 1,
  "artefact": "/root/st-fix-20260901/semgrep-out/c1/7-bump-seed-canonicalization.secure.json"
 },
 {
  "leaf": "8-pda-sharing/insecure",
  "status": "ok",
  "findings": 1,
  "rc": 0,
  "wall_s": 4.3,
  "files_scanned": 1,
  "artefact": "/root/st-fix-20260901/semgrep-out/c1/8-pda-sharing.insecure.json"
 },
 {
  "leaf": "8-pda-sharing/recommended",
  "status": "ok",
  "findings": 2,
  "rc": 0,
  "wall_s": 4.3,
  "files_scanned": 1,
  "artefact": "/root/st-fix-20260901/semgrep-out/c1/8-pda-sharing.recommended.json"
 },
 {
  "leaf": "8-pda-sharing/secure",
  "status": "ok",
  "findings": 1,
  "rc": 0,
  "wall_s": 4.4,
  "files_scanned": 1,
  "artefact": "/root/st-fix-20260901/semgrep-out/c1/8-pda-sharing.secure.json"
 },
 {
  "leaf": "9-closing-accounts/insecure",
  "status": "ok",
  "findings": 3,
  "rc": 0,
  "wall_s": 4.5,
  "files_scanned": 1,
  "artefact": "/root/st-fix-20260901/semgrep-out/c1/9-closing-accounts.insecure.json"
 },
 {
  "leaf": "9-closing-accounts/insecure-still",
  "status": "ok",
  "findings": 4,
  "rc": 0,
  "wall_s": 4.4,
  "files_scanned": 1,
  "artefact": "/root/st-fix-20260901/semgrep-out/c1/9-closing-accounts.insecure-still.json"
 },
 {
  "leaf": "9-closing-accounts/insecure-still-still",
  "status": "ok",
  "findings": 4,
  "rc": 0,
  "wall_s": 4.6,
  "files_scanned": 1,
  "artefact": "/root/st-fix-20260901/semgrep-out/c1/9-closing-accounts.insecure-still-still.json"
 },
 {
  "leaf": "9-closing-accounts/recommended",
  "status": "ok",
  "findings": 2,
  "rc": 0,
  "wall_s": 4.6,
  "files_scanned": 1,
  "artefact": "/root/st-fix-20260901/semgrep-out/c1/9-closing-accounts.recommended.json"
 },
 {
  "leaf": "9-closing-accounts/secure",
  "status": "ok",
  "findings": 8,
  "rc": 0,
  "wall_s": 4.6,
  "files_scanned": 1,
  "artefact": "/root/st-fix-20260901/semgrep-out/c1/9-closing-accounts.secure.json"
 }
]