[
 {
  "leaf": "0-signer-authorization/insecure",
  "status": "error",
  "reason": "exit 0",
  "exit_code": 0,
  "wall_seconds": 0.44,
  "files_scanned": null,
  "raw": "raw/0-signer-authorization__insecure.txt",
  "cmd": "docker run --rm --network none -v /tmp/sealevel-attacks/programs/0-signer-authorization/insecure:/work:ro --entrypoint /src/sol-azy/target/release/sol-azy solazy-runner:built sast -d /work -s"
 },
 {
  "leaf": "0-signer-authorization/secure",
  "status": "error",
  "reason": "exit 0",
  "exit_code": 0,
  "wall_seconds": 0.37,
  "files_scanned": null,
  "raw": "raw/0-signer-authorization__secure.txt",
  "cmd": "docker run --rm --network none -v /tmp/sealevel-attacks/programs/0-signer-authorization/secure:/work:ro --entrypoint /src/sol-azy/target/release/sol-azy solazy-runner:built sast -d /work -s"
 },
 {
  "leaf": "0-signer-authorization/recommended",
  "status": "error",
  "reason": "exit 0",
  "exit_code": 0,
  "wall_seconds": 0.4,
  "files_scanned": null,
  "raw": "raw/0-signer-authorization__recommended.txt",
  "cmd": "docker run --rm --network none -v /tmp/sealevel-attacks/programs/0-signer-authorization/recommended:/work:ro --entrypoint /src/sol-azy/target/release/sol-azy solazy-runner:built sast -d /work -s"
 },
 {
  "leaf": "1-account-data-matching/insecure",
  "status": "error",
  "reason": "exit 0",
  "exit_code": 0,
  "wall_seconds": 0.38,
  "files_scanned": null,
  "raw": "raw/1-account-data-matching__insecure.txt",
  "cmd": "docker run --rm --network none -v /tmp/sealevel-attacks/programs/1-account-data-matching/insecure:/work:ro --entrypoint /src/sol-azy/target/release/sol-azy solazy-runner:built sast -d /work -s"
 },
 {
  "leaf": "1-account-data-matching/secure",
  "status": "error",
  "reason": "exit 0",
  "exit_code": 0,
  "wall_seconds": 0.37,
  "files_scanned": null,
  "raw": "raw/1-account-data-matching__secure.txt",
  "cmd": "docker run --rm --network none -v /tmp/sealevel-attacks/programs/1-account-data-matching/secure:/work:ro --entrypoint /src/sol-azy/target/release/sol-azy solazy-runner:built sast -d /work -s"
 },
 {
  "leaf": "1-account-data-matching/recommended",
  "status": "error",
  "reason": "exit 0",
  "exit_code": 0,
  "wall_seconds": 0.34,
  "files_scanned": null,
  "raw": "raw/1-account-data-matching__recommended.txt",
  "cmd": "docker run --rm --network none -v /tmp/sealevel-attacks/programs/1-account-data-matching/recommended:/work:ro --entrypoint /src/sol-azy/target/release/sol-azy solazy-runner:built sast -d /work -s"
 },
 {
  "leaf": "10-sysvar-address-checking/insecure",
  "status": "error",
  "reason": "exit 0",
  "exit_code": 0,
  "wall_seconds": 0.34,
  "files_scanned": null,
  "raw": "raw/10-sysvar-address-checking__insecure.txt",
  "cmd": "docker run --rm --network none -v /tmp/sealevel-attacks/programs/10-sysvar-address-checking/insecure:/work:ro --entrypoint /src/sol-azy/target/release/sol-azy solazy-runner:built sast -d /work -s"
 },
 {
  "leaf": "10-sysvar-address-checking/secure",
  "status": "error",
  "reason": "exit 0",
  "exit_code": 0,
  "wall_seconds": 0.37,
  "files_scanned": null,
  "raw": "raw/10-sysvar-address-checking__secure.txt",
  "cmd": "docker run --rm --network none -v /tmp/sealevel-attacks/programs/10-sysvar-address-checking/secure:/work:ro --entrypoint /src/sol-azy/target/release/sol-azy solazy-runner:built sast -d /work -s"
 },
 {
  "leaf": "10-sysvar-address-checking/recommended",
  "status": "error",
  "reason": "exit 0",
  "exit_code": 0,
  "wall_seconds": 0.37,
  "files_scanned": null,
  "raw": "raw/10-sysvar-address-checking__recommended.txt",
  "cmd": "docker run --rm --network none -v /tmp/sealevel-attacks/programs/10-sysvar-address-checking/recommended:/work:ro --entrypoint /src/sol-azy/target/release/sol-azy solazy-runner:built sast -d /work -s"
 },
 {
  "leaf": "2-owner-checks/insecure",
  "status": "error",
  "reason": "exit 0",
  "exit_code": 0,
  "wall_seconds": 0.37,
  "files_scanned": null,
  "raw": "raw/2-owner-checks__insecure.txt",
  "cmd": "docker run --rm --network none -v /tmp/sealevel-attacks/programs/2-owner-checks/insecure:/work:ro --entrypoint /src/sol-azy/target/release/sol-azy solazy-runner:built sast -d /work -s"
 },
 {
  "leaf": "2-owner-checks/secure",
  "status": "error",
  "reason": "exit 0",
  "exit_code": 0,
  "wall_seconds": 0.36,
  "files_scanned": null,
  "raw": "raw/2-owner-checks__secure.txt",
  "cmd": "docker run --rm --network none -v /tmp/sealevel-attacks/programs/2-owner-checks/secure:/work:ro --entrypoint /src/sol-azy/target/release/sol-azy solazy-runner:built sast -d /work -s"
 },
 {
  "leaf": "2-owner-checks/recommended",
  "status": "error",
  "reason": "exit 0",
  "exit_code": 0,
  "wall_seconds": 0.38,
  "files_scanned": null,
  "raw": "raw/2-owner-checks__recommended.txt",
  "cmd": "docker run --rm --network none -v /tmp/sealevel-attacks/programs/2-owner-checks/recommended:/work:ro --entrypoint /src/sol-azy/target/release/sol-azy solazy-runner:built sast -d /work -s"
 },
 {
  "leaf": "3-type-cosplay/insecure",
  "status": "error",
  "reason": "exit 0",
  "exit_code": 0,
  "wall_seconds": 0.36,
  "files_scanned": null,
  "raw": "raw/3-type-cosplay__insecure.txt",
  "cmd": "docker run --rm --network none -v /tmp/sealevel-attacks/programs/3-type-cosplay/insecure:/work:ro --entrypoint /src/sol-azy/target/release/sol-azy solazy-runner:built sast -d /work -s"
 },
 {
  "leaf": "3-type-cosplay/secure",
  "status": "error",
  "reason": "exit 0",
  "exit_code": 0,
  "wall_seconds": 0.33,
  "files_scanned": null,
  "raw": "raw/3-type-cosplay__secure.txt",
  "cmd": "docker run --rm --network none -v /tmp/sealevel-attacks/programs/3-type-cosplay/secure:/work:ro --entrypoint /src/sol-azy/target/release/sol-azy solazy-runner:built sast -d /work -s"
 },
 {
  "leaf": "3-type-cosplay/recommended",
  "status": "error",
  "reason": "exit 0",
  "exit_code": 0,
  "wall_seconds": 0.29,
  "files_scanned": null,
  "raw": "raw/3-type-cosplay__recommended.txt",
  "cmd": "docker run --rm --network none -v /tmp/sealevel-attacks/programs/3-type-cosplay/recommended:/work:ro --entrypoint /src/sol-azy/target/release/sol-azy solazy-runner:built sast -d /work -s"
 },
 {
  "leaf": "4-initialization/insecure",
  "status": "error",
  "reason": "exit 0",
  "exit_code": 0,
  "wall_seconds": 0.31,
  "files_scanned": null,
  "raw": "raw/4-initialization__insecure.txt",
  "cmd": "docker run --rm --network none -v /tmp/sealevel-attacks/programs/4-initialization/insecure:/work:ro --entrypoint /src/sol-azy/target/release/sol-azy solazy-runner:built sast -d /work -s"
 },
 {
  "leaf": "4-initialization/secure",
  "status": "error",
  "reason": "exit 0",
  "exit_code": 0,
  "wall_seconds": 0.33,
  "files_scanned": null,
  "raw": "raw/4-initialization__secure.txt",
  "cmd": "docker run --rm --network none -v /tmp/sealevel-attacks/programs/4-initialization/secure:/work:ro --entrypoint /src/sol-azy/target/release/sol-azy solazy-runner:built sast -d /work -s"
 },
 {
  "leaf": "4-initialization/recommended",
  "status": "error",
  "reason": "exit 0",
  "exit_code": 0,
  "wall_seconds": 0.34,
  "files_scanned": null,
  "raw": "raw/4-initialization__recommended.txt",
  "cmd": "docker run --rm --network none -v /tmp/sealevel-attacks/programs/4-initialization/recommended:/work:ro --entrypoint /src/sol-azy/target/release/sol-azy solazy-runner:built sast -d /work -s"
 },
 {
  "leaf": "5-arbitrary-cpi/insecure",
  "status": "error",
  "reason": "exit 0",
  "exit_code": 0,
  "wall_seconds": 0.35,
  "files_scanned": null,
  "raw": "raw/5-arbitrary-cpi__insecure.txt",
  "cmd": "docker run --rm --network none -v /tmp/sealevel-attacks/programs/5-arbitrary-cpi/insecure:/work:ro --entrypoint /src/sol-azy/target/release/sol-azy solazy-runner:built sast -d /work -s"
 },
 {
  "leaf": "5-arbitrary-cpi/secure",
  "status": "error",
  "reason": "exit 0",
  "exit_code": 0,
  "wall_seconds": 0.34,
  "files_scanned": null,
  "raw": "raw/5-arbitrary-cpi__secure.txt",
  "cmd": "docker run --rm --network none -v /tmp/sealevel-attacks/programs/5-arbitrary-cpi/secure:/work:ro --entrypoint /src/sol-azy/target/release/sol-azy solazy-runner:built sast -d /work -s"
 },
 {
  "leaf": "5-arbitrary-cpi/recommended",
  "status": "error",
  "reason": "exit 0",
  "exit_code": 0,
  "wall_seconds": 0.36,
  "files_scanned": null,
  "raw": "raw/5-arbitrary-cpi__recommended.txt",
  "cmd": "docker run --rm --network none -v /tmp/sealevel-attacks/programs/5-arbitrary-cpi/recommended:/work:ro --entrypoint /src/sol-azy/target/release/sol-azy solazy-runner:built sast -d /work -s"
 },
 {
  "leaf": "6-duplicate-mutable-accounts/insecure",
  "status": "error",
  "reason": "exit 0",
  "exit_code": 0,
  "wall_seconds": 0.33,
  "files_scanned": null,
  "raw": "raw/6-duplicate-mutable-accounts__insecure.txt",
  "cmd": "docker run --rm --network none -v /tmp/sealevel-attacks/programs/6-duplicate-mutable-accounts/insecure:/work:ro --entrypoint /src/sol-azy/target/release/sol-azy solazy-runner:built sast -d /work -s"
 },
 {
  "leaf": "6-duplicate-mutable-accounts/secure",
  "status": "error",
  "reason": "exit 0",
  "exit_code": 0,
  "wall_seconds": 0.36,
  "files_scanned": null,
  "raw": "raw/6-duplicate-mutable-accounts__secure.txt",
  "cmd": "docker run --rm --network none -v /tmp/sealevel-attacks/programs/6-duplicate-mutable-accounts/secure:/work:ro --entrypoint /src/sol-azy/target/release/sol-azy solazy-runner:built sast -d /work -s"
 },
 {
  "leaf": "6-duplicate-mutable-accounts/recommended",
  "status": "error",
  "reason": "exit 0",
  "exit_code": 0,
  "wall_seconds": 0.35,
  "files_scanned": null,
  "raw": "raw/6-duplicate-mutable-accounts__recommended.txt",
  "cmd": "docker run --rm --network none -v /tmp/sealevel-attacks/programs/6-duplicate-mutable-accounts/recommended:/work:ro --entrypoint /src/sol-azy/target/release/sol-azy solazy-runner:built sast -d /work -s"
 },
 {
  "leaf": "7-bump-seed-canonicalization/insecure",
  "status": "error",
  "reason": "exit 0",
  "exit_code": 0,
  "wall_seconds": 0.36,
  "files_scanned": null,
  "raw": "raw/7-bump-seed-canonicalization__insecure.txt",
  "cmd": "docker run --rm --network none -v /tmp/sealevel-attacks/programs/7-bump-seed-canonicalization/insecure:/work:ro --entrypoint /src/sol-azy/target/release/sol-azy solazy-runner:built sast -d /work -s"
 },
 {
  "leaf": "7-bump-seed-canonicalization/secure",
  "status": "error",
  "reason": "exit 0",
  "exit_code": 0,
  "wall_seconds": 0.37,
  "files_scanned": null,
  "raw": "raw/7-bump-seed-canonicalization__secure.txt",
  "cmd": "docker run --rm --network none -v /tmp/sealevel-attacks/programs/7-bump-seed-canonicalization/secure:/work:ro --entrypoint /src/sol-azy/target/release/sol-azy solazy-runner:built sast -d /work -s"
 },
 {
  "leaf": "7-bump-seed-canonicalization/recommended",
  "status": "error",
  "reason": "exit 0",
  "exit_code": 0,
  "wall_seconds": 0.38,
  "files_scanned": null,
  "raw": "raw/7-bump-seed-canonicalization__recommended.txt",
  "cmd": "docker run --rm --network none -v /tmp/sealevel-attacks/programs/7-bump-seed-canonicalization/recommended:/work:ro --entrypoint /src/sol-azy/target/release/sol-azy solazy-runner:built sast -d /work -s"
 },
 {
  "leaf": "8-pda-sharing/insecure",
  "status": "error",
  "reason": "exit 0",
  "exit_code": 0,
  "wall_seconds": 0.4,
  "files_scanned": null,
  "raw": "raw/8-pda-sharing__insecure.txt",
  "cmd": "docker run --rm --network none -v /tmp/sealevel-attacks/programs/8-pda-sharing/insecure:/work:ro --entrypoint /src/sol-azy/target/release/sol-azy solazy-runner:built sast -d /work -s"
 },
 {
  "leaf": "8-pda-sharing/secure",
  "status": "error",
  "reason": "exit 0",
  "exit_code": 0,
  "wall_seconds": 0.36,
  "files_scanned": null,
  "raw": "raw/8-pda-sharing__secure.txt",
  "cmd": "docker run --rm --network none -v /tmp/sealevel-attacks/programs/8-pda-sharing/secure:/work:ro --entrypoint /src/sol-azy/target/release/sol-azy solazy-runner:built sast -d /work -s"
 },
 {
  "leaf": "8-pda-sharing/recommended",
  "status": "error",
  "reason": "exit 0",
  "exit_code": 0,
  "wall_seconds": 0.37,
  "files_scanned": null,
  "raw": "raw/8-pda-sharing__recommended.txt",
  "cmd": "docker run --rm --network none -v /tmp/sealevel-attacks/programs/8-pda-sharing/recommended:/work:ro --entrypoint /src/sol-azy/target/release/sol-azy solazy-runner:built sast -d /work -s"
 },
 {
  "leaf": "9-closing-accounts/insecure",
  "status": "error",
  "reason": "exit 0",
  "exit_code": 0,
  "wall_seconds": 0.31,
  "files_scanned": null,
  "raw": "raw/9-closing-accounts__insecure.txt",
  "cmd": "docker run --rm --network none -v /tmp/sealevel-attacks/programs/9-closing-accounts/insecure:/work:ro --entrypoint /src/sol-azy/target/release/sol-azy solazy-runner:built sast -d /work -s"
 },
 {
  "leaf": "9-closing-accounts/secure",
  "status": "error",
  "reason": "exit 0",
  "exit_code": 0,
  "wall_seconds": 0.33,
  "files_scanned": null,
  "raw": "raw/9-closing-accounts__secure.txt",
  "cmd": "docker run --rm --network none -v /tmp/sealevel-attacks/programs/9-closing-accounts/secure:/work:ro --entrypoint /src/sol-azy/target/release/sol-azy solazy-runner:built sast -d /work -s"
 },
 {
  "leaf": "9-closing-accounts/recommended",
  "status": "error",
  "reason": "exit 0",
  "exit_code": 0,
  "wall_seconds": 0.32,
  "files_scanned": null,
  "raw": "raw/9-closing-accounts__recommended.txt",
  "cmd": "docker run --rm --network none -v /tmp/sealevel-attacks/programs/9-closing-accounts/recommended:/work:ro --entrypoint /src/sol-azy/target/release/sol-azy solazy-runner:built sast -d /work -s"
 }
]