[
 {
  "leaf": "0-signer-authorization/insecure",
  "rc": 0,
  "wall_s": 0.1,
  "profile": "all",
  "artefact": "D:/Users/stank/Desktop/Forge/scannertruth\\raw\\sol-audit-v3-2026-09-01\\c1\\0-signer-authorization.insecure.all.json",
  "status": "ok",
  "files_scanned": 1,
  "findings": 2,
  "errors": []
 },
 {
  "leaf": "0-signer-authorization/recommended",
  "rc": 0,
  "wall_s": 0.1,
  "profile": "all",
  "artefact": "D:/Users/stank/Desktop/Forge/scannertruth\\raw\\sol-audit-v3-2026-09-01\\c1\\0-signer-authorization.recommended.all.json",
  "status": "ok",
  "files_scanned": 1,
  "findings": 0,
  "errors": []
 },
 {
  "leaf": "0-signer-authorization/secure",
  "rc": 0,
  "wall_s": 0.1,
  "profile": "all",
  "artefact": "D:/Users/stank/Desktop/Forge/scannertruth\\raw\\sol-audit-v3-2026-09-01\\c1\\0-signer-authorization.secure.all.json",
  "status": "ok",
  "files_scanned": 1,
  "findings": 1,
  "errors": []
 },
 {
  "leaf": "1-account-data-matching/insecure",
  "rc": 0,
  "wall_s": 0.1,
  "profile": "all",
  "artefact": "D:/Users/stank/Desktop/Forge/scannertruth\\raw\\sol-audit-v3-2026-09-01\\c1\\1-account-data-matching.insecure.all.json",
  "status": "ok",
  "files_scanned": 1,
  "findings": 2,
  "errors": []
 },
 {
  "leaf": "1-account-data-matching/recommended",
  "rc": 0,
  "wall_s": 0.1,
  "profile": "all",
  "artefact": "D:/Users/stank/Desktop/Forge/scannertruth\\raw\\sol-audit-v3-2026-09-01\\c1\\1-account-data-matching.recommended.all.json",
  "status": "ok",
  "files_scanned": 1,
  "findings": 0,
  "errors": []
 },
 {
  "leaf": "1-account-data-matching/secure",
  "rc": 0,
  "wall_s": 0.1,
  "profile": "all",
  "artefact": "D:/Users/stank/Desktop/Forge/scannertruth\\raw\\sol-audit-v3-2026-09-01\\c1\\1-account-data-matching.secure.all.json",
  "status": "ok",
  "files_scanned": 1,
  "findings": 2,
  "errors": []
 },
 {
  "leaf": "10-sysvar-address-checking/insecure",
  "rc": 0,
  "wall_s": 0.1,
  "profile": "all",
  "artefact": "D:/Users/stank/Desktop/Forge/scannertruth\\raw\\sol-audit-v3-2026-09-01\\c1\\10-sysvar-address-checking.insecure.all.json",
  "status": "ok",
  "files_scanned": 1,
  "findings": 2,
  "errors": []
 },
 {
  "leaf": "10-sysvar-address-checking/recommended",
  "rc": 0,
  "wall_s": 0.1,
  "profile": "all",
  "artefact": "D:/Users/stank/Desktop/Forge/scannertruth\\raw\\sol-audit-v3-2026-09-01\\c1\\10-sysvar-address-checking.recommended.all.json",
  "status": "ok",
  "files_scanned": 1,
  "findings": 0,
  "errors": []
 },
 {
  "leaf": "10-sysvar-address-checking/secure",
  "rc": 0,
  "wall_s": 0.1,
  "profile": "all",
  "artefact": "D:/Users/stank/Desktop/Forge/scannertruth\\raw\\sol-audit-v3-2026-09-01\\c1\\10-sysvar-address-checking.secure.all.json",
  "status": "ok",
  "files_scanned": 1,
  "findings": 1,
  "errors": []
 },
 {
  "leaf": "2-owner-checks/insecure",
  "rc": 0,
  "wall_s": 0.1,
  "profile": "all",
  "artefact": "D:/Users/stank/Desktop/Forge/scannertruth\\raw\\sol-audit-v3-2026-09-01\\c1\\2-owner-checks.insecure.all.json",
  "status": "ok",
  "files_scanned": 1,
  "findings": 2,
  "errors": []
 },
 {
  "leaf": "2-owner-checks/recommended",
  "rc": 0,
  "wall_s": 0.1,
  "profile": "all",
  "artefact": "D:/Users/stank/Desktop/Forge/scannertruth\\raw\\sol-audit-v3-2026-09-01\\c1\\2-owner-checks.recommended.all.json",
  "status": "ok",
  "files_scanned": 1,
  "findings": 0,
  "errors": []
 },
 {
  "leaf": "2-owner-checks/secure",
  "rc": 0,
  "wall_s": 0.1,
  "profile": "all",
  "artefact": "D:/Users/stank/Desktop/Forge/scannertruth\\raw\\sol-audit-v3-2026-09-01\\c1\\2-owner-checks.secure.all.json",
  "status": "ok",
  "files_scanned": 1,
  "findings": 1,
  "errors": []
 },
 {
  "leaf": "3-type-cosplay/insecure",
  "rc": 0,
  "wall_s": 0.1,
  "profile": "all",
  "artefact": "D:/Users/stank/Desktop/Forge/scannertruth\\raw\\sol-audit-v3-2026-09-01\\c1\\3-type-cosplay.insecure.all.json",
  "status": "ok",
  "files_scanned": 1,
  "findings": 1,
  "errors": []
 },
 {
  "leaf": "3-type-cosplay/recommended",
  "rc": 0,
  "wall_s": 0.1,
  "profile": "all",
  "artefact": "D:/Users/stank/Desktop/Forge/scannertruth\\raw\\sol-audit-v3-2026-09-01\\c1\\3-type-cosplay.recommended.all.json",
  "status": "ok",
  "files_scanned": 1,
  "findings": 0,
  "errors": []
 },
 {
  "leaf": "3-type-cosplay/secure",
  "rc": 0,
  "wall_s": 0.1,
  "profile": "all",
  "artefact": "D:/Users/stank/Desktop/Forge/scannertruth\\raw\\sol-audit-v3-2026-09-01\\c1\\3-type-cosplay.secure.all.json",
  "status": "ok",
  "files_scanned": 1,
  "findings": 0,
  "errors": []
 },
 {
  "leaf": "4-initialization/insecure",
  "rc": 0,
  "wall_s": 0.1,
  "profile": "all",
  "artefact": "D:/Users/stank/Desktop/Forge/scannertruth\\raw\\sol-audit-v3-2026-09-01\\c1\\4-initialization.insecure.all.json",
  "status": "ok",
  "files_scanned": 1,
  "findings": 4,
  "errors": []
 },
 {
  "leaf": "4-initialization/recommended",
  "rc": 0,
  "wall_s": 0.1,
  "profile": "all",
  "artefact": "D:/Users/stank/Desktop/Forge/scannertruth\\raw\\sol-audit-v3-2026-09-01\\c1\\4-initialization.recommended.all.json",
  "status": "ok",
  "files_scanned": 1,
  "findings": 0,
  "errors": []
 },
 {
  "leaf": "4-initialization/secure",
  "rc": 0,
  "wall_s": 0.1,
  "profile": "all",
  "artefact": "D:/Users/stank/Desktop/Forge/scannertruth\\raw\\sol-audit-v3-2026-09-01\\c1\\4-initialization.secure.all.json",
  "status": "ok",
  "files_scanned": 1,
  "findings": 3,
  "errors": []
 },
 {
  "leaf": "5-arbitrary-cpi/insecure",
  "rc": 0,
  "wall_s": 0.1,
  "profile": "all",
  "artefact": "D:/Users/stank/Desktop/Forge/scannertruth\\raw\\sol-audit-v3-2026-09-01\\c1\\5-arbitrary-cpi.insecure.all.json",
  "status": "ok",
  "files_scanned": 1,
  "findings": 7,
  "errors": []
 },
 {
  "leaf": "5-arbitrary-cpi/recommended",
  "rc": 0,
  "wall_s": 0.1,
  "profile": "all",
  "artefact": "D:/Users/stank/Desktop/Forge/scannertruth\\raw\\sol-audit-v3-2026-09-01\\c1\\5-arbitrary-cpi.recommended.all.json",
  "status": "ok",
  "files_scanned": 1,
  "findings": 1,
  "errors": []
 },
 {
  "leaf": "5-arbitrary-cpi/secure",
  "rc": 0,
  "wall_s": 0.1,
  "profile": "all",
  "artefact": "D:/Users/stank/Desktop/Forge/scannertruth\\raw\\sol-audit-v3-2026-09-01\\c1\\5-arbitrary-cpi.secure.all.json",
  "status": "ok",
  "files_scanned": 1,
  "findings": 5,
  "errors": []
 },
 {
  "leaf": "6-duplicate-mutable-accounts/insecure",
  "rc": 0,
  "wall_s": 0.1,
  "profile": "all",
  "artefact": "D:/Users/stank/Desktop/Forge/scannertruth\\raw\\sol-audit-v3-2026-09-01\\c1\\6-duplicate-mutable-accounts.insecure.all.json",
  "status": "ok",
  "files_scanned": 1,
  "findings": 0,
  "errors": []
 },
 {
  "leaf": "6-duplicate-mutable-accounts/recommended",
  "rc": 0,
  "wall_s": 0.1,
  "profile": "all",
  "artefact": "D:/Users/stank/Desktop/Forge/scannertruth\\raw\\sol-audit-v3-2026-09-01\\c1\\6-duplicate-mutable-accounts.recommended.all.json",
  "status": "ok",
  "files_scanned": 1,
  "findings": 0,
  "errors": []
 },
 {
  "leaf": "6-duplicate-mutable-accounts/secure",
  "rc": 0,
  "wall_s": 0.1,
  "profile": "all",
  "artefact": "D:/Users/stank/Desktop/Forge/scannertruth\\raw\\sol-audit-v3-2026-09-01\\c1\\6-duplicate-mutable-accounts.secure.all.json",
  "status": "ok",
  "files_scanned": 1,
  "findings": 0,
  "errors": []
 },
 {
  "leaf": "7-bump-seed-canonicalization/insecure",
  "rc": 0,
  "wall_s": 0.1,
  "profile": "all",
  "artefact": "D:/Users/stank/Desktop/Forge/scannertruth\\raw\\sol-audit-v3-2026-09-01\\c1\\7-bump-seed-canonicalization.insecure.all.json",
  "status": "ok",
  "files_scanned": 1,
  "findings": 1,
  "errors": []
 },
 {
  "leaf": "7-bump-seed-canonicalization/recommended",
  "rc": 0,
  "wall_s": 0.1,
  "profile": "all",
  "artefact": "D:/Users/stank/Desktop/Forge/scannertruth\\raw\\sol-audit-v3-2026-09-01\\c1\\7-bump-seed-canonicalization.recommended.all.json",
  "status": "ok",
  "files_scanned": 1,
  "findings": 1,
  "errors": []
 },
 {
  "leaf": "7-bump-seed-canonicalization/secure",
  "rc": 0,
  "wall_s": 0.1,
  "profile": "all",
  "artefact": "D:/Users/stank/Desktop/Forge/scannertruth\\raw\\sol-audit-v3-2026-09-01\\c1\\7-bump-seed-canonicalization.secure.all.json",
  "status": "ok",
  "files_scanned": 1,
  "findings": 0,
  "errors": []
 },
 {
  "leaf": "8-pda-sharing/insecure",
  "rc": 0,
  "wall_s": 0.1,
  "profile": "all",
  "artefact": "D:/Users/stank/Desktop/Forge/scannertruth\\raw\\sol-audit-v3-2026-09-01\\c1\\8-pda-sharing.insecure.all.json",
  "status": "ok",
  "files_scanned": 1,
  "findings": 3,
  "errors": []
 },
 {
  "leaf": "8-pda-sharing/recommended",
  "rc": 0,
  "wall_s": 0.1,
  "profile": "all",
  "artefact": "D:/Users/stank/Desktop/Forge/scannertruth\\raw\\sol-audit-v3-2026-09-01\\c1\\8-pda-sharing.recommended.all.json",
  "status": "ok",
  "files_scanned": 1,
  "findings": 4,
  "errors": []
 },
 {
  "leaf": "8-pda-sharing/secure",
  "rc": 0,
  "wall_s": 0.1,
  "profile": "all",
  "artefact": "D:/Users/stank/Desktop/Forge/scannertruth\\raw\\sol-audit-v3-2026-09-01\\c1\\8-pda-sharing.secure.all.json",
  "status": "ok",
  "files_scanned": 1,
  "findings": 3,
  "errors": []
 },
 {
  "leaf": "9-closing-accounts/insecure",
  "rc": 0,
  "wall_s": 0.1,
  "profile": "all",
  "artefact": "D:/Users/stank/Desktop/Forge/scannertruth\\raw\\sol-audit-v3-2026-09-01\\c1\\9-closing-accounts.insecure.all.json",
  "status": "ok",
  "files_scanned": 1,
  "findings": 2,
  "errors": []
 },
 {
  "leaf": "9-closing-accounts/insecure-still",
  "rc": 0,
  "wall_s": 0.1,
  "profile": "all",
  "artefact": "D:/Users/stank/Desktop/Forge/scannertruth\\raw\\sol-audit-v3-2026-09-01\\c1\\9-closing-accounts.insecure-still.all.json",
  "status": "ok",
  "files_scanned": 1,
  "findings": 2,
  "errors": []
 },
 {
  "leaf": "9-closing-accounts/insecure-still-still",
  "rc": 0,
  "wall_s": 0.1,
  "profile": "all",
  "artefact": "D:/Users/stank/Desktop/Forge/scannertruth\\raw\\sol-audit-v3-2026-09-01\\c1\\9-closing-accounts.insecure-still-still.all.json",
  "status": "ok",
  "files_scanned": 1,
  "findings": 2,
  "errors": []
 },
 {
  "leaf": "9-closing-accounts/recommended",
  "rc": 0,
  "wall_s": 0.1,
  "profile": "all",
  "artefact": "D:/Users/stank/Desktop/Forge/scannertruth\\raw\\sol-audit-v3-2026-09-01\\c1\\9-closing-accounts.recommended.all.json",
  "status": "ok",
  "files_scanned": 1,
  "findings": 0,
  "errors": []
 },
 {
  "leaf": "9-closing-accounts/secure",
  "rc": 0,
  "wall_s": 0.1,
  "profile": "all",
  "artefact": "D:/Users/stank/Desktop/Forge/scannertruth\\raw\\sol-audit-v3-2026-09-01\\c1\\9-closing-accounts.secure.all.json",
  "status": "ok",
  "files_scanned": 1,
  "findings": 3,
  "errors": []
 }
]
