[
 {
  "leaf": "anchor-account-reload-owner/insecure",
  "rc": 0,
  "wall_s": 0.1,
  "profile": "strict",
  "artefact": "D:/Users/stank/Desktop/Forge/scannertruth\\raw\\sol-audit-v3-2026-09-01\\c2\\anchor-account-reload-owner.insecure.strict.json",
  "status": "ok",
  "files_scanned": 1,
  "findings": 0,
  "errors": []
 },
 {
  "leaf": "anchor-account-reload-owner/secure",
  "rc": 0,
  "wall_s": 0.1,
  "profile": "strict",
  "artefact": "D:/Users/stank/Desktop/Forge/scannertruth\\raw\\sol-audit-v3-2026-09-01\\c2\\anchor-account-reload-owner.secure.strict.json",
  "status": "ok",
  "files_scanned": 1,
  "findings": 0,
  "errors": []
 },
 {
  "leaf": "anchor-interface-account/insecure",
  "rc": 0,
  "wall_s": 0.1,
  "profile": "strict",
  "artefact": "D:/Users/stank/Desktop/Forge/scannertruth\\raw\\sol-audit-v3-2026-09-01\\c2\\anchor-interface-account.insecure.strict.json",
  "status": "ok",
  "files_scanned": 1,
  "findings": 0,
  "errors": []
 },
 {
  "leaf": "anchor-interface-account/secure",
  "rc": 0,
  "wall_s": 0.1,
  "profile": "strict",
  "artefact": "D:/Users/stank/Desktop/Forge/scannertruth\\raw\\sol-audit-v3-2026-09-01\\c2\\anchor-interface-account.secure.strict.json",
  "status": "ok",
  "files_scanned": 1,
  "findings": 0,
  "errors": []
 },
 {
  "leaf": "anchor-program-system/insecure",
  "rc": 0,
  "wall_s": 0.1,
  "profile": "strict",
  "artefact": "D:/Users/stank/Desktop/Forge/scannertruth\\raw\\sol-audit-v3-2026-09-01\\c2\\anchor-program-system.insecure.strict.json",
  "status": "ok",
  "files_scanned": 1,
  "findings": 0,
  "errors": []
 },
 {
  "leaf": "anchor-program-system/secure",
  "rc": 0,
  "wall_s": 0.1,
  "profile": "strict",
  "artefact": "D:/Users/stank/Desktop/Forge/scannertruth\\raw\\sol-audit-v3-2026-09-01\\c2\\anchor-program-system.secure.strict.json",
  "status": "ok",
  "files_scanned": 1,
  "findings": 0,
  "errors": []
 },
 {
  "leaf": "cashio-account-data/insecure",
  "rc": 0,
  "wall_s": 0.1,
  "profile": "strict",
  "artefact": "D:/Users/stank/Desktop/Forge/scannertruth\\raw\\sol-audit-v3-2026-09-01\\c2\\cashio-account-data.insecure.strict.json",
  "status": "ok",
  "files_scanned": 1,
  "findings": 0,
  "errors": []
 },
 {
  "leaf": "cashio-account-data/secure",
  "rc": 0,
  "wall_s": 0.1,
  "profile": "strict",
  "artefact": "D:/Users/stank/Desktop/Forge/scannertruth\\raw\\sol-audit-v3-2026-09-01\\c2\\cashio-account-data.secure.strict.json",
  "status": "ok",
  "files_scanned": 1,
  "findings": 0,
  "errors": []
 },
 {
  "leaf": "metaplex-bubblegum-creator/insecure",
  "rc": 0,
  "wall_s": 0.1,
  "profile": "strict",
  "artefact": "D:/Users/stank/Desktop/Forge/scannertruth\\raw\\sol-audit-v3-2026-09-01\\c2\\metaplex-bubblegum-creator.insecure.strict.json",
  "status": "ok",
  "files_scanned": 1,
  "findings": 0,
  "errors": []
 },
 {
  "leaf": "metaplex-bubblegum-creator/secure",
  "rc": 0,
  "wall_s": 0.1,
  "profile": "strict",
  "artefact": "D:/Users/stank/Desktop/Forge/scannertruth\\raw\\sol-audit-v3-2026-09-01\\c2\\metaplex-bubblegum-creator.secure.strict.json",
  "status": "ok",
  "files_scanned": 2,
  "findings": 0,
  "errors": []
 },
 {
  "leaf": "metaplex-candy-machine/insecure",
  "rc": 0,
  "wall_s": 0.1,
  "profile": "strict",
  "artefact": "D:/Users/stank/Desktop/Forge/scannertruth\\raw\\sol-audit-v3-2026-09-01\\c2\\metaplex-candy-machine.insecure.strict.json",
  "status": "ok",
  "files_scanned": 1,
  "findings": 3,
  "errors": []
 },
 {
  "leaf": "metaplex-candy-machine/secure",
  "rc": 0,
  "wall_s": 0.1,
  "profile": "strict",
  "artefact": "D:/Users/stank/Desktop/Forge/scannertruth\\raw\\sol-audit-v3-2026-09-01\\c2\\metaplex-candy-machine.secure.strict.json",
  "status": "ok",
  "files_scanned": 1,
  "findings": 4,
  "errors": []
 },
 {
  "leaf": "metaplex-token-metadata/insecure",
  "rc": 0,
  "wall_s": 0.1,
  "profile": "strict",
  "artefact": "D:/Users/stank/Desktop/Forge/scannertruth\\raw\\sol-audit-v3-2026-09-01\\c2\\metaplex-token-metadata.insecure.strict.json",
  "status": "ok",
  "files_scanned": 1,
  "findings": 2,
  "errors": []
 },
 {
  "leaf": "metaplex-token-metadata/secure",
  "rc": 0,
  "wall_s": 0.1,
  "profile": "strict",
  "artefact": "D:/Users/stank/Desktop/Forge/scannertruth\\raw\\sol-audit-v3-2026-09-01\\c2\\metaplex-token-metadata.secure.strict.json",
  "status": "ok",
  "files_scanned": 1,
  "findings": 2,
  "errors": []
 },
 {
  "leaf": "solend-owner-checks/insecure",
  "rc": 0,
  "wall_s": 0.1,
  "profile": "strict",
  "artefact": "D:/Users/stank/Desktop/Forge/scannertruth\\raw\\sol-audit-v3-2026-09-01\\c2\\solend-owner-checks.insecure.strict.json",
  "status": "ok",
  "files_scanned": 1,
  "findings": 7,
  "errors": []
 },
 {
  "leaf": "solend-owner-checks/secure",
  "rc": 0,
  "wall_s": 0.1,
  "profile": "strict",
  "artefact": "D:/Users/stank/Desktop/Forge/scannertruth\\raw\\sol-audit-v3-2026-09-01\\c2\\solend-owner-checks.secure.strict.json",
  "status": "ok",
  "files_scanned": 1,
  "findings": 7,
  "errors": []
 },
 {
  "leaf": "solido-anker-arbitrary-cpi/insecure",
  "rc": 0,
  "wall_s": 0.1,
  "profile": "strict",
  "artefact": "D:/Users/stank/Desktop/Forge/scannertruth\\raw\\sol-audit-v3-2026-09-01\\c2\\solido-anker-arbitrary-cpi.insecure.strict.json",
  "status": "ok",
  "files_scanned": 1,
  "findings": 3,
  "errors": []
 },
 {
  "leaf": "solido-anker-arbitrary-cpi/secure",
  "rc": 0,
  "wall_s": 0.1,
  "profile": "strict",
  "artefact": "D:/Users/stank/Desktop/Forge/scannertruth\\raw\\sol-audit-v3-2026-09-01\\c2\\solido-anker-arbitrary-cpi.secure.strict.json",
  "status": "ok",
  "files_scanned": 1,
  "findings": 3,
  "errors": []
 },
 {
  "leaf": "solido-deposit-reserve-account/insecure",
  "rc": 0,
  "wall_s": 0.1,
  "profile": "strict",
  "artefact": "D:/Users/stank/Desktop/Forge/scannertruth\\raw\\sol-audit-v3-2026-09-01\\c2\\solido-deposit-reserve-account.insecure.strict.json",
  "status": "ok",
  "files_scanned": 1,
  "findings": 10,
  "errors": []
 },
 {
  "leaf": "solido-deposit-reserve-account/secure",
  "rc": 0,
  "wall_s": 0.1,
  "profile": "strict",
  "artefact": "D:/Users/stank/Desktop/Forge/scannertruth\\raw\\sol-audit-v3-2026-09-01\\c2\\solido-deposit-reserve-account.secure.strict.json",
  "status": "ok",
  "files_scanned": 1,
  "findings": 10,
  "errors": []
 },
 {
  "leaf": "spl-stake-pool-fee-rounding/insecure",
  "rc": 0,
  "wall_s": 0.1,
  "profile": "strict",
  "artefact": "D:/Users/stank/Desktop/Forge/scannertruth\\raw\\sol-audit-v3-2026-09-01\\c2\\spl-stake-pool-fee-rounding.insecure.strict.json",
  "status": "ok",
  "files_scanned": 1,
  "findings": 1,
  "errors": []
 },
 {
  "leaf": "spl-stake-pool-fee-rounding/secure",
  "rc": 0,
  "wall_s": 0.1,
  "profile": "strict",
  "artefact": "D:/Users/stank/Desktop/Forge/scannertruth\\raw\\sol-audit-v3-2026-09-01\\c2\\spl-stake-pool-fee-rounding.secure.strict.json",
  "status": "ok",
  "files_scanned": 1,
  "findings": 1,
  "errors": []
 },
 {
  "leaf": "spl-stake-pool-mint-decimals/insecure",
  "rc": 0,
  "wall_s": 0.2,
  "profile": "strict",
  "artefact": "D:/Users/stank/Desktop/Forge/scannertruth\\raw\\sol-audit-v3-2026-09-01\\c2\\spl-stake-pool-mint-decimals.insecure.strict.json",
  "status": "ok",
  "files_scanned": 1,
  "findings": 4,
  "errors": []
 },
 {
  "leaf": "spl-stake-pool-mint-decimals/secure",
  "rc": 0,
  "wall_s": 0.2,
  "profile": "strict",
  "artefact": "D:/Users/stank/Desktop/Forge/scannertruth\\raw\\sol-audit-v3-2026-09-01\\c2\\spl-stake-pool-mint-decimals.secure.strict.json",
  "status": "ok",
  "files_scanned": 1,
  "findings": 4,
  "errors": []
 },
 {
  "leaf": "squads-account-matching/insecure",
  "rc": 0,
  "wall_s": 0.1,
  "profile": "strict",
  "artefact": "D:/Users/stank/Desktop/Forge/scannertruth\\raw\\sol-audit-v3-2026-09-01\\c2\\squads-account-matching.insecure.strict.json",
  "status": "ok",
  "files_scanned": 1,
  "findings": 2,
  "errors": []
 },
 {
  "leaf": "squads-account-matching/secure",
  "rc": 0,
  "wall_s": 0.1,
  "profile": "strict",
  "artefact": "D:/Users/stank/Desktop/Forge/scannertruth\\raw\\sol-audit-v3-2026-09-01\\c2\\squads-account-matching.secure.strict.json",
  "status": "ok",
  "files_scanned": 1,
  "findings": 2,
  "errors": []
 },
 {
  "leaf": "squads-recursive-execute/insecure",
  "rc": 0,
  "wall_s": 0.1,
  "profile": "strict",
  "artefact": "D:/Users/stank/Desktop/Forge/scannertruth\\raw\\sol-audit-v3-2026-09-01\\c2\\squads-recursive-execute.insecure.strict.json",
  "status": "ok",
  "files_scanned": 1,
  "findings": 0,
  "errors": []
 },
 {
  "leaf": "squads-recursive-execute/secure",
  "rc": 0,
  "wall_s": 0.1,
  "profile": "strict",
  "artefact": "D:/Users/stank/Desktop/Forge/scannertruth\\raw\\sol-audit-v3-2026-09-01\\c2\\squads-recursive-execute.secure.strict.json",
  "status": "ok",
  "files_scanned": 1,
  "findings": 0,
  "errors": []
 },
 {
  "leaf": "squads-signer-auth/insecure",
  "rc": 0,
  "wall_s": 0.1,
  "profile": "strict",
  "artefact": "D:/Users/stank/Desktop/Forge/scannertruth\\raw\\sol-audit-v3-2026-09-01\\c2\\squads-signer-auth.insecure.strict.json",
  "status": "ok",
  "files_scanned": 1,
  "findings": 2,
  "errors": []
 },
 {
  "leaf": "squads-signer-auth/secure",
  "rc": 0,
  "wall_s": 0.1,
  "profile": "strict",
  "artefact": "D:/Users/stank/Desktop/Forge/scannertruth\\raw\\sol-audit-v3-2026-09-01\\c2\\squads-signer-auth.secure.strict.json",
  "status": "ok",
  "files_scanned": 1,
  "findings": 2,
  "errors": []
 },
 {
  "leaf": "token-2022-confidential-approve-mint/insecure",
  "rc": 0,
  "wall_s": 0.1,
  "profile": "strict",
  "artefact": "D:/Users/stank/Desktop/Forge/scannertruth\\raw\\sol-audit-v3-2026-09-01\\c2\\token-2022-confidential-approve-mint.insecure.strict.json",
  "status": "ok",
  "files_scanned": 1,
  "findings": 1,
  "errors": []
 },
 {
  "leaf": "token-2022-confidential-approve-mint/secure",
  "rc": 0,
  "wall_s": 0.1,
  "profile": "strict",
  "artefact": "D:/Users/stank/Desktop/Forge/scannertruth\\raw\\sol-audit-v3-2026-09-01\\c2\\token-2022-confidential-approve-mint.secure.strict.json",
  "status": "ok",
  "files_scanned": 1,
  "findings": 1,
  "errors": []
 },
 {
  "leaf": "wormhole-sysvar/insecure",
  "rc": 0,
  "wall_s": 0.1,
  "profile": "strict",
  "artefact": "D:/Users/stank/Desktop/Forge/scannertruth\\raw\\sol-audit-v3-2026-09-01\\c2\\wormhole-sysvar.insecure.strict.json",
  "status": "ok",
  "files_scanned": 1,
  "findings": 0,
  "errors": []
 },
 {
  "leaf": "wormhole-sysvar/secure",
  "rc": 0,
  "wall_s": 0.1,
  "profile": "strict",
  "artefact": "D:/Users/stank/Desktop/Forge/scannertruth\\raw\\sol-audit-v3-2026-09-01\\c2\\wormhole-sysvar.secure.strict.json",
  "status": "ok",
  "files_scanned": 1,
  "findings": 0,
  "errors": []
 }
]
