[
 {
  "leaf": "0-signer-authorization/insecure",
  "status": "ok",
  "exit_code": 0,
  "wall_seconds": 0.5,
  "files_seen": 1,
  "findings": 1,
  "command": "radar scan -p /root/st-post36/fw/_staged/0-signer-authorization.insecure.pkg -f none -o /root/st-post36/fw/0-signer-authorization.insecure/radar.json",
  "artefact": "../st-post36/fw/0-signer-authorization.insecure/stdout.log"
 },
 {
  "leaf": "0-signer-authorization/recommended",
  "status": "ok",
  "exit_code": 0,
  "wall_seconds": 0.45,
  "files_seen": 1,
  "findings": 0,
  "command": "radar scan -p /root/st-post36/fw/_staged/0-signer-authorization.recommended.pkg -f none -o /root/st-post36/fw/0-signer-authorization.recommended/radar.json",
  "artefact": "../st-post36/fw/0-signer-authorization.recommended/stdout.log"
 },
 {
  "leaf": "0-signer-authorization/secure",
  "status": "ok",
  "exit_code": 0,
  "wall_seconds": 0.49,
  "files_seen": 1,
  "findings": 0,
  "command": "radar scan -p /root/st-post36/fw/_staged/0-signer-authorization.secure.pkg -f none -o /root/st-post36/fw/0-signer-authorization.secure/radar.json",
  "artefact": "../st-post36/fw/0-signer-authorization.secure/stdout.log"
 },
 {
  "leaf": "1-account-data-matching/insecure",
  "status": "ok",
  "exit_code": 0,
  "wall_seconds": 0.5,
  "files_seen": 1,
  "findings": 2,
  "command": "radar scan -p /root/st-post36/fw/_staged/1-account-data-matching.insecure.pkg -f none -o /root/st-post36/fw/1-account-data-matching.insecure/radar.json",
  "artefact": "../st-post36/fw/1-account-data-matching.insecure/stdout.log"
 },
 {
  "leaf": "1-account-data-matching/recommended",
  "status": "ok",
  "exit_code": 0,
  "wall_seconds": 0.49,
  "files_seen": 1,
  "findings": 0,
  "command": "radar scan -p /root/st-post36/fw/_staged/1-account-data-matching.recommended.pkg -f none -o /root/st-post36/fw/1-account-data-matching.recommended/radar.json",
  "artefact": "../st-post36/fw/1-account-data-matching.recommended/stdout.log"
 },
 {
  "leaf": "1-account-data-matching/secure",
  "status": "ok",
  "exit_code": 0,
  "wall_seconds": 0.6,
  "files_seen": 1,
  "findings": 1,
  "command": "radar scan -p /root/st-post36/fw/_staged/1-account-data-matching.secure.pkg -f none -o /root/st-post36/fw/1-account-data-matching.secure/radar.json",
  "artefact": "../st-post36/fw/1-account-data-matching.secure/stdout.log"
 },
 {
  "leaf": "10-sysvar-address-checking/insecure",
  "status": "ok",
  "exit_code": 0,
  "wall_seconds": 0.41,
  "files_seen": 1,
  "findings": 1,
  "command": "radar scan -p /root/st-post36/fw/_staged/10-sysvar-address-checking.insecure.pkg -f none -o /root/st-post36/fw/10-sysvar-address-checking.insecure/radar.json",
  "artefact": "../st-post36/fw/10-sysvar-address-checking.insecure/stdout.log"
 },
 {
  "leaf": "10-sysvar-address-checking/recommended",
  "status": "ok",
  "exit_code": 0,
  "wall_seconds": 0.43,
  "files_seen": 1,
  "findings": 0,
  "command": "radar scan -p /root/st-post36/fw/_staged/10-sysvar-address-checking.recommended.pkg -f none -o /root/st-post36/fw/10-sysvar-address-checking.recommended/radar.json",
  "artefact": "../st-post36/fw/10-sysvar-address-checking.recommended/stdout.log"
 },
 {
  "leaf": "10-sysvar-address-checking/secure",
  "status": "ok",
  "exit_code": 0,
  "wall_seconds": 0.48,
  "files_seen": 1,
  "findings": 0,
  "command": "radar scan -p /root/st-post36/fw/_staged/10-sysvar-address-checking.secure.pkg -f none -o /root/st-post36/fw/10-sysvar-address-checking.secure/radar.json",
  "artefact": "../st-post36/fw/10-sysvar-address-checking.secure/stdout.log"
 },
 {
  "leaf": "2-owner-checks/insecure",
  "status": "ok",
  "exit_code": 0,
  "wall_seconds": 0.58,
  "files_seen": 1,
  "findings": 1,
  "command": "radar scan -p /root/st-post36/fw/_staged/2-owner-checks.insecure.pkg -f none -o /root/st-post36/fw/2-owner-checks.insecure/radar.json",
  "artefact": "../st-post36/fw/2-owner-checks.insecure/stdout.log"
 },
 {
  "leaf": "2-owner-checks/recommended",
  "status": "ok",
  "exit_code": 0,
  "wall_seconds": 0.48,
  "files_seen": 1,
  "findings": 0,
  "command": "radar scan -p /root/st-post36/fw/_staged/2-owner-checks.recommended.pkg -f none -o /root/st-post36/fw/2-owner-checks.recommended/radar.json",
  "artefact": "../st-post36/fw/2-owner-checks.recommended/stdout.log"
 },
 {
  "leaf": "2-owner-checks/secure",
  "status": "ok",
  "exit_code": 0,
  "wall_seconds": 0.6,
  "files_seen": 1,
  "findings": 0,
  "command": "radar scan -p /root/st-post36/fw/_staged/2-owner-checks.secure.pkg -f none -o /root/st-post36/fw/2-owner-checks.secure/radar.json",
  "artefact": "../st-post36/fw/2-owner-checks.secure/stdout.log"
 },
 {
  "leaf": "3-type-cosplay/insecure",
  "status": "ok",
  "exit_code": 0,
  "wall_seconds": 0.64,
  "files_seen": 1,
  "findings": 1,
  "command": "radar scan -p /root/st-post36/fw/_staged/3-type-cosplay.insecure.pkg -f none -o /root/st-post36/fw/3-type-cosplay.insecure/radar.json",
  "artefact": "../st-post36/fw/3-type-cosplay.insecure/stdout.log"
 },
 {
  "leaf": "3-type-cosplay/recommended",
  "status": "ok",
  "exit_code": 0,
  "wall_seconds": 0.48,
  "files_seen": 1,
  "findings": 0,
  "command": "radar scan -p /root/st-post36/fw/_staged/3-type-cosplay.recommended.pkg -f none -o /root/st-post36/fw/3-type-cosplay.recommended/radar.json",
  "artefact": "../st-post36/fw/3-type-cosplay.recommended/stdout.log"
 },
 {
  "leaf": "3-type-cosplay/secure",
  "status": "ok",
  "exit_code": 0,
  "wall_seconds": 0.75,
  "files_seen": 1,
  "findings": 0,
  "command": "radar scan -p /root/st-post36/fw/_staged/3-type-cosplay.secure.pkg -f none -o /root/st-post36/fw/3-type-cosplay.secure/radar.json",
  "artefact": "../st-post36/fw/3-type-cosplay.secure/stdout.log"
 },
 {
  "leaf": "4-initialization/insecure",
  "status": "ok",
  "exit_code": 0,
  "wall_seconds": 0.56,
  "files_seen": 1,
  "findings": 3,
  "command": "radar scan -p /root/st-post36/fw/_staged/4-initialization.insecure.pkg -f none -o /root/st-post36/fw/4-initialization.insecure/radar.json",
  "artefact": "../st-post36/fw/4-initialization.insecure/stdout.log"
 },
 {
  "leaf": "4-initialization/recommended",
  "status": "ok",
  "exit_code": 0,
  "wall_seconds": 0.48,
  "files_seen": 1,
  "findings": 0,
  "command": "radar scan -p /root/st-post36/fw/_staged/4-initialization.recommended.pkg -f none -o /root/st-post36/fw/4-initialization.recommended/radar.json",
  "artefact": "../st-post36/fw/4-initialization.recommended/stdout.log"
 },
 {
  "leaf": "4-initialization/secure",
  "status": "ok",
  "exit_code": 0,
  "wall_seconds": 0.67,
  "files_seen": 1,
  "findings": 1,
  "command": "radar scan -p /root/st-post36/fw/_staged/4-initialization.secure.pkg -f none -o /root/st-post36/fw/4-initialization.secure/radar.json",
  "artefact": "../st-post36/fw/4-initialization.secure/stdout.log"
 },
 {
  "leaf": "5-arbitrary-cpi/insecure",
  "status": "ok",
  "exit_code": 0,
  "wall_seconds": 0.64,
  "files_seen": 1,
  "findings": 1,
  "command": "radar scan -p /root/st-post36/fw/_staged/5-arbitrary-cpi.insecure.pkg -f none -o /root/st-post36/fw/5-arbitrary-cpi.insecure/radar.json",
  "artefact": "../st-post36/fw/5-arbitrary-cpi.insecure/stdout.log"
 },
 {
  "leaf": "5-arbitrary-cpi/recommended",
  "status": "ok",
  "exit_code": 0,
  "wall_seconds": 0.64,
  "files_seen": 1,
  "findings": 0,
  "command": "radar scan -p /root/st-post36/fw/_staged/5-arbitrary-cpi.recommended.pkg -f none -o /root/st-post36/fw/5-arbitrary-cpi.recommended/radar.json",
  "artefact": "../st-post36/fw/5-arbitrary-cpi.recommended/stdout.log"
 },
 {
  "leaf": "5-arbitrary-cpi/secure",
  "status": "ok",
  "exit_code": 0,
  "wall_seconds": 0.69,
  "files_seen": 1,
  "findings": 0,
  "command": "radar scan -p /root/st-post36/fw/_staged/5-arbitrary-cpi.secure.pkg -f none -o /root/st-post36/fw/5-arbitrary-cpi.secure/radar.json",
  "artefact": "../st-post36/fw/5-arbitrary-cpi.secure/stdout.log"
 },
 {
  "leaf": "6-duplicate-mutable-accounts/insecure",
  "status": "ok",
  "exit_code": 0,
  "wall_seconds": 0.49,
  "files_seen": 1,
  "findings": 2,
  "command": "radar scan -p /root/st-post36/fw/_staged/6-duplicate-mutable-accounts.insecure.pkg -f none -o /root/st-post36/fw/6-duplicate-mutable-accounts.insecure/radar.json",
  "artefact": "../st-post36/fw/6-duplicate-mutable-accounts.insecure/stdout.log"
 },
 {
  "leaf": "6-duplicate-mutable-accounts/recommended",
  "status": "ok",
  "exit_code": 0,
  "wall_seconds": 0.54,
  "files_seen": 1,
  "findings": 0,
  "command": "radar scan -p /root/st-post36/fw/_staged/6-duplicate-mutable-accounts.recommended.pkg -f none -o /root/st-post36/fw/6-duplicate-mutable-accounts.recommended/radar.json",
  "artefact": "../st-post36/fw/6-duplicate-mutable-accounts.recommended/stdout.log"
 },
 {
  "leaf": "6-duplicate-mutable-accounts/secure",
  "status": "ok",
  "exit_code": 0,
  "wall_seconds": 0.63,
  "files_seen": 1,
  "findings": 0,
  "command": "radar scan -p /root/st-post36/fw/_staged/6-duplicate-mutable-accounts.secure.pkg -f none -o /root/st-post36/fw/6-duplicate-mutable-accounts.secure/radar.json",
  "artefact": "../st-post36/fw/6-duplicate-mutable-accounts.secure/stdout.log"
 },
 {
  "leaf": "7-bump-seed-canonicalization/insecure",
  "status": "ok",
  "exit_code": 0,
  "wall_seconds": 0.6,
  "files_seen": 1,
  "findings": 1,
  "command": "radar scan -p /root/st-post36/fw/_staged/7-bump-seed-canonicalization.insecure.pkg -f none -o /root/st-post36/fw/7-bump-seed-canonicalization.insecure/radar.json",
  "artefact": "../st-post36/fw/7-bump-seed-canonicalization.insecure/stdout.log"
 },
 {
  "leaf": "7-bump-seed-canonicalization/recommended",
  "status": "ok",
  "exit_code": 0,
  "wall_seconds": 0.54,
  "files_seen": 1,
  "findings": 0,
  "command": "radar scan -p /root/st-post36/fw/_staged/7-bump-seed-canonicalization.recommended.pkg -f none -o /root/st-post36/fw/7-bump-seed-canonicalization.recommended/radar.json",
  "artefact": "../st-post36/fw/7-bump-seed-canonicalization.recommended/stdout.log"
 },
 {
  "leaf": "7-bump-seed-canonicalization/secure",
  "status": "ok",
  "exit_code": 0,
  "wall_seconds": 0.6,
  "files_seen": 1,
  "findings": 0,
  "command": "radar scan -p /root/st-post36/fw/_staged/7-bump-seed-canonicalization.secure.pkg -f none -o /root/st-post36/fw/7-bump-seed-canonicalization.secure/radar.json",
  "artefact": "../st-post36/fw/7-bump-seed-canonicalization.secure/stdout.log"
 },
 {
  "leaf": "8-pda-sharing/insecure",
  "status": "ok",
  "exit_code": 0,
  "wall_seconds": 0.82,
  "files_seen": 1,
  "findings": 1,
  "command": "radar scan -p /root/st-post36/fw/_staged/8-pda-sharing.insecure.pkg -f none -o /root/st-post36/fw/8-pda-sharing.insecure/radar.json",
  "artefact": "../st-post36/fw/8-pda-sharing.insecure/stdout.log"
 },
 {
  "leaf": "8-pda-sharing/recommended",
  "status": "ok",
  "exit_code": 0,
  "wall_seconds": 0.81,
  "files_seen": 1,
  "findings": 0,
  "command": "radar scan -p /root/st-post36/fw/_staged/8-pda-sharing.recommended.pkg -f none -o /root/st-post36/fw/8-pda-sharing.recommended/radar.json",
  "artefact": "../st-post36/fw/8-pda-sharing.recommended/stdout.log"
 },
 {
  "leaf": "8-pda-sharing/secure",
  "status": "ok",
  "exit_code": 0,
  "wall_seconds": 0.75,
  "files_seen": 1,
  "findings": 0,
  "command": "radar scan -p /root/st-post36/fw/_staged/8-pda-sharing.secure.pkg -f none -o /root/st-post36/fw/8-pda-sharing.secure/radar.json",
  "artefact": "../st-post36/fw/8-pda-sharing.secure/stdout.log"
 },
 {
  "leaf": "9-closing-accounts/insecure",
  "status": "ok",
  "exit_code": 0,
  "wall_seconds": 0.53,
  "files_seen": 1,
  "findings": 1,
  "command": "radar scan -p /root/st-post36/fw/_staged/9-closing-accounts.insecure.pkg -f none -o /root/st-post36/fw/9-closing-accounts.insecure/radar.json",
  "artefact": "../st-post36/fw/9-closing-accounts.insecure/stdout.log"
 },
 {
  "leaf": "9-closing-accounts/insecure-still",
  "status": "ok",
  "exit_code": 0,
  "wall_seconds": 0.62,
  "files_seen": 1,
  "findings": 1,
  "command": "radar scan -p /root/st-post36/fw/_staged/9-closing-accounts.insecure-still.pkg -f none -o /root/st-post36/fw/9-closing-accounts.insecure-still/radar.json",
  "artefact": "../st-post36/fw/9-closing-accounts.insecure-still/stdout.log"
 },
 {
  "leaf": "9-closing-accounts/insecure-still-still",
  "status": "ok",
  "exit_code": 0,
  "wall_seconds": 0.67,
  "files_seen": 1,
  "findings": 1,
  "command": "radar scan -p /root/st-post36/fw/_staged/9-closing-accounts.insecure-still-still.pkg -f none -o /root/st-post36/fw/9-closing-accounts.insecure-still-still/radar.json",
  "artefact": "../st-post36/fw/9-closing-accounts.insecure-still-still/stdout.log"
 },
 {
  "leaf": "9-closing-accounts/recommended",
  "status": "ok",
  "exit_code": 0,
  "wall_seconds": 0.43,
  "files_seen": 1,
  "findings": 0,
  "command": "radar scan -p /root/st-post36/fw/_staged/9-closing-accounts.recommended.pkg -f none -o /root/st-post36/fw/9-closing-accounts.recommended/radar.json",
  "artefact": "../st-post36/fw/9-closing-accounts.recommended/stdout.log"
 },
 {
  "leaf": "9-closing-accounts/secure",
  "status": "ok",
  "exit_code": 0,
  "wall_seconds": 0.97,
  "files_seen": 1,
  "findings": 0,
  "command": "radar scan -p /root/st-post36/fw/_staged/9-closing-accounts.secure.pkg -f none -o /root/st-post36/fw/9-closing-accounts.secure/radar.json",
  "artefact": "../st-post36/fw/9-closing-accounts.secure/stdout.log"
 }
]
