[
 {
  "leaf": "0-signer-authorization/insecure",
  "status": "ok",
  "exit_code": 0,
  "wall_seconds": 53.01,
  "files_seen": 1,
  "findings": 1,
  "command": "radar scan -p /root/scannertruth/raw/radar-c1-2026-09-02-24c56f9/_staged/0-signer-authorization.insecure.pkg -f none -o /root/scannertruth/raw/radar-c1-2026-09-02-24c56f9/0-signer-authorization.insecure.run2/radar.json",
  "artefact": "raw/radar-c1-2026-09-02-24c56f9/0-signer-authorization.insecure.run2/stdout.log"
 },
 {
  "leaf": "0-signer-authorization/recommended",
  "status": "ok",
  "exit_code": 0,
  "wall_seconds": 50.01,
  "files_seen": 1,
  "findings": 0,
  "command": "radar scan -p /root/scannertruth/raw/radar-c1-2026-09-02-24c56f9/_staged/0-signer-authorization.recommended.pkg -f none -o /root/scannertruth/raw/radar-c1-2026-09-02-24c56f9/0-signer-authorization.recommended.run2/radar.json",
  "artefact": "raw/radar-c1-2026-09-02-24c56f9/0-signer-authorization.recommended.run2/stdout.log"
 },
 {
  "leaf": "0-signer-authorization/secure",
  "status": "ok",
  "exit_code": 0,
  "wall_seconds": 53.11,
  "files_seen": 1,
  "findings": 0,
  "command": "radar scan -p /root/scannertruth/raw/radar-c1-2026-09-02-24c56f9/_staged/0-signer-authorization.secure.pkg -f none -o /root/scannertruth/raw/radar-c1-2026-09-02-24c56f9/0-signer-authorization.secure.run2/radar.json",
  "artefact": "raw/radar-c1-2026-09-02-24c56f9/0-signer-authorization.secure.run2/stdout.log"
 },
 {
  "leaf": "1-account-data-matching/insecure",
  "status": "ok",
  "exit_code": 0,
  "wall_seconds": 53.06,
  "files_seen": 1,
  "findings": 2,
  "command": "radar scan -p /root/scannertruth/raw/radar-c1-2026-09-02-24c56f9/_staged/1-account-data-matching.insecure.pkg -f none -o /root/scannertruth/raw/radar-c1-2026-09-02-24c56f9/1-account-data-matching.insecure.run2/radar.json",
  "artefact": "raw/radar-c1-2026-09-02-24c56f9/1-account-data-matching.insecure.run2/stdout.log"
 },
 {
  "leaf": "1-account-data-matching/recommended",
  "status": "ok",
  "exit_code": 0,
  "wall_seconds": 52.92,
  "files_seen": 1,
  "findings": 1,
  "command": "radar scan -p /root/scannertruth/raw/radar-c1-2026-09-02-24c56f9/_staged/1-account-data-matching.recommended.pkg -f none -o /root/scannertruth/raw/radar-c1-2026-09-02-24c56f9/1-account-data-matching.recommended.run2/radar.json",
  "artefact": "raw/radar-c1-2026-09-02-24c56f9/1-account-data-matching.recommended.run2/stdout.log"
 },
 {
  "leaf": "1-account-data-matching/secure",
  "status": "ok",
  "exit_code": 0,
  "wall_seconds": 52.86,
  "files_seen": 1,
  "findings": 1,
  "command": "radar scan -p /root/scannertruth/raw/radar-c1-2026-09-02-24c56f9/_staged/1-account-data-matching.secure.pkg -f none -o /root/scannertruth/raw/radar-c1-2026-09-02-24c56f9/1-account-data-matching.secure.run2/radar.json",
  "artefact": "raw/radar-c1-2026-09-02-24c56f9/1-account-data-matching.secure.run2/stdout.log"
 },
 {
  "leaf": "10-sysvar-address-checking/insecure",
  "status": "ok",
  "exit_code": 0,
  "wall_seconds": 49.76,
  "files_seen": 1,
  "findings": 1,
  "command": "radar scan -p /root/scannertruth/raw/radar-c1-2026-09-02-24c56f9/_staged/10-sysvar-address-checking.insecure.pkg -f none -o /root/scannertruth/raw/radar-c1-2026-09-02-24c56f9/10-sysvar-address-checking.insecure.run2/radar.json",
  "artefact": "raw/radar-c1-2026-09-02-24c56f9/10-sysvar-address-checking.insecure.run2/stdout.log"
 },
 {
  "leaf": "10-sysvar-address-checking/recommended",
  "status": "ok",
  "exit_code": 0,
  "wall_seconds": 53.04,
  "files_seen": 1,
  "findings": 0,
  "command": "radar scan -p /root/scannertruth/raw/radar-c1-2026-09-02-24c56f9/_staged/10-sysvar-address-checking.recommended.pkg -f none -o /root/scannertruth/raw/radar-c1-2026-09-02-24c56f9/10-sysvar-address-checking.recommended.run2/radar.json",
  "artefact": "raw/radar-c1-2026-09-02-24c56f9/10-sysvar-address-checking.recommended.run2/stdout.log"
 },
 {
  "leaf": "10-sysvar-address-checking/secure",
  "status": "ok",
  "exit_code": 0,
  "wall_seconds": 53.09,
  "files_seen": 1,
  "findings": 0,
  "command": "radar scan -p /root/scannertruth/raw/radar-c1-2026-09-02-24c56f9/_staged/10-sysvar-address-checking.secure.pkg -f none -o /root/scannertruth/raw/radar-c1-2026-09-02-24c56f9/10-sysvar-address-checking.secure.run2/radar.json",
  "artefact": "raw/radar-c1-2026-09-02-24c56f9/10-sysvar-address-checking.secure.run2/stdout.log"
 },
 {
  "leaf": "2-owner-checks/insecure",
  "status": "ok",
  "exit_code": 0,
  "wall_seconds": 52.97,
  "files_seen": 1,
  "findings": 1,
  "command": "radar scan -p /root/scannertruth/raw/radar-c1-2026-09-02-24c56f9/_staged/2-owner-checks.insecure.pkg -f none -o /root/scannertruth/raw/radar-c1-2026-09-02-24c56f9/2-owner-checks.insecure.run2/radar.json",
  "artefact": "raw/radar-c1-2026-09-02-24c56f9/2-owner-checks.insecure.run2/stdout.log"
 },
 {
  "leaf": "2-owner-checks/recommended",
  "status": "ok",
  "exit_code": 0,
  "wall_seconds": 52.85,
  "files_seen": 1,
  "findings": 1,
  "command": "radar scan -p /root/scannertruth/raw/radar-c1-2026-09-02-24c56f9/_staged/2-owner-checks.recommended.pkg -f none -o /root/scannertruth/raw/radar-c1-2026-09-02-24c56f9/2-owner-checks.recommended.run2/radar.json",
  "artefact": "raw/radar-c1-2026-09-02-24c56f9/2-owner-checks.recommended.run2/stdout.log"
 },
 {
  "leaf": "2-owner-checks/secure",
  "status": "ok",
  "exit_code": 0,
  "wall_seconds": 53.17,
  "files_seen": 1,
  "findings": 0,
  "command": "radar scan -p /root/scannertruth/raw/radar-c1-2026-09-02-24c56f9/_staged/2-owner-checks.secure.pkg -f none -o /root/scannertruth/raw/radar-c1-2026-09-02-24c56f9/2-owner-checks.secure.run2/radar.json",
  "artefact": "raw/radar-c1-2026-09-02-24c56f9/2-owner-checks.secure.run2/stdout.log"
 },
 {
  "leaf": "3-type-cosplay/insecure",
  "status": "ok",
  "exit_code": 0,
  "wall_seconds": 52.91,
  "files_seen": 1,
  "findings": 2,
  "command": "radar scan -p /root/scannertruth/raw/radar-c1-2026-09-02-24c56f9/_staged/3-type-cosplay.insecure.pkg -f none -o /root/scannertruth/raw/radar-c1-2026-09-02-24c56f9/3-type-cosplay.insecure.run2/radar.json",
  "artefact": "raw/radar-c1-2026-09-02-24c56f9/3-type-cosplay.insecure.run2/stdout.log"
 },
 {
  "leaf": "3-type-cosplay/recommended",
  "status": "ok",
  "exit_code": 0,
  "wall_seconds": 52.77,
  "files_seen": 1,
  "findings": 0,
  "command": "radar scan -p /root/scannertruth/raw/radar-c1-2026-09-02-24c56f9/_staged/3-type-cosplay.recommended.pkg -f none -o /root/scannertruth/raw/radar-c1-2026-09-02-24c56f9/3-type-cosplay.recommended.run2/radar.json",
  "artefact": "raw/radar-c1-2026-09-02-24c56f9/3-type-cosplay.recommended.run2/stdout.log"
 },
 {
  "leaf": "3-type-cosplay/secure",
  "status": "ok",
  "exit_code": 0,
  "wall_seconds": 52.7,
  "files_seen": 1,
  "findings": 1,
  "command": "radar scan -p /root/scannertruth/raw/radar-c1-2026-09-02-24c56f9/_staged/3-type-cosplay.secure.pkg -f none -o /root/scannertruth/raw/radar-c1-2026-09-02-24c56f9/3-type-cosplay.secure.run2/radar.json",
  "artefact": "raw/radar-c1-2026-09-02-24c56f9/3-type-cosplay.secure.run2/stdout.log"
 },
 {
  "leaf": "4-initialization/insecure",
  "status": "ok",
  "exit_code": 0,
  "wall_seconds": 52.99,
  "files_seen": 1,
  "findings": 4,
  "command": "radar scan -p /root/scannertruth/raw/radar-c1-2026-09-02-24c56f9/_staged/4-initialization.insecure.pkg -f none -o /root/scannertruth/raw/radar-c1-2026-09-02-24c56f9/4-initialization.insecure.run2/radar.json",
  "artefact": "raw/radar-c1-2026-09-02-24c56f9/4-initialization.insecure.run2/stdout.log"
 },
 {
  "leaf": "4-initialization/recommended",
  "status": "ok",
  "exit_code": 0,
  "wall_seconds": 52.87,
  "files_seen": 1,
  "findings": 0,
  "command": "radar scan -p /root/scannertruth/raw/radar-c1-2026-09-02-24c56f9/_staged/4-initialization.recommended.pkg -f none -o /root/scannertruth/raw/radar-c1-2026-09-02-24c56f9/4-initialization.recommended.run2/radar.json",
  "artefact": "raw/radar-c1-2026-09-02-24c56f9/4-initialization.recommended.run2/stdout.log"
 },
 {
  "leaf": "4-initialization/secure",
  "status": "ok",
  "exit_code": 0,
  "wall_seconds": 52.84,
  "files_seen": 1,
  "findings": 2,
  "command": "radar scan -p /root/scannertruth/raw/radar-c1-2026-09-02-24c56f9/_staged/4-initialization.secure.pkg -f none -o /root/scannertruth/raw/radar-c1-2026-09-02-24c56f9/4-initialization.secure.run2/radar.json",
  "artefact": "raw/radar-c1-2026-09-02-24c56f9/4-initialization.secure.run2/stdout.log"
 },
 {
  "leaf": "5-arbitrary-cpi/insecure",
  "status": "ok",
  "exit_code": 0,
  "wall_seconds": 52.82,
  "files_seen": 1,
  "findings": 2,
  "command": "radar scan -p /root/scannertruth/raw/radar-c1-2026-09-02-24c56f9/_staged/5-arbitrary-cpi.insecure.pkg -f none -o /root/scannertruth/raw/radar-c1-2026-09-02-24c56f9/5-arbitrary-cpi.insecure.run2/radar.json",
  "artefact": "raw/radar-c1-2026-09-02-24c56f9/5-arbitrary-cpi.insecure.run2/stdout.log"
 },
 {
  "leaf": "5-arbitrary-cpi/recommended",
  "status": "ok",
  "exit_code": 0,
  "wall_seconds": 52.86,
  "files_seen": 1,
  "findings": 2,
  "command": "radar scan -p /root/scannertruth/raw/radar-c1-2026-09-02-24c56f9/_staged/5-arbitrary-cpi.recommended.pkg -f none -o /root/scannertruth/raw/radar-c1-2026-09-02-24c56f9/5-arbitrary-cpi.recommended.run2/radar.json",
  "artefact": "raw/radar-c1-2026-09-02-24c56f9/5-arbitrary-cpi.recommended.run2/stdout.log"
 },
 {
  "leaf": "5-arbitrary-cpi/secure",
  "status": "ok",
  "exit_code": 0,
  "wall_seconds": 52.75,
  "files_seen": 1,
  "findings": 1,
  "command": "radar scan -p /root/scannertruth/raw/radar-c1-2026-09-02-24c56f9/_staged/5-arbitrary-cpi.secure.pkg -f none -o /root/scannertruth/raw/radar-c1-2026-09-02-24c56f9/5-arbitrary-cpi.secure.run2/radar.json",
  "artefact": "raw/radar-c1-2026-09-02-24c56f9/5-arbitrary-cpi.secure.run2/stdout.log"
 },
 {
  "leaf": "6-duplicate-mutable-accounts/insecure",
  "status": "ok",
  "exit_code": 0,
  "wall_seconds": 52.92,
  "files_seen": 1,
  "findings": 2,
  "command": "radar scan -p /root/scannertruth/raw/radar-c1-2026-09-02-24c56f9/_staged/6-duplicate-mutable-accounts.insecure.pkg -f none -o /root/scannertruth/raw/radar-c1-2026-09-02-24c56f9/6-duplicate-mutable-accounts.insecure.run2/radar.json",
  "artefact": "raw/radar-c1-2026-09-02-24c56f9/6-duplicate-mutable-accounts.insecure.run2/stdout.log"
 },
 {
  "leaf": "6-duplicate-mutable-accounts/recommended",
  "status": "ok",
  "exit_code": 0,
  "wall_seconds": 52.94,
  "files_seen": 1,
  "findings": 0,
  "command": "radar scan -p /root/scannertruth/raw/radar-c1-2026-09-02-24c56f9/_staged/6-duplicate-mutable-accounts.recommended.pkg -f none -o /root/scannertruth/raw/radar-c1-2026-09-02-24c56f9/6-duplicate-mutable-accounts.recommended.run2/radar.json",
  "artefact": "raw/radar-c1-2026-09-02-24c56f9/6-duplicate-mutable-accounts.recommended.run2/stdout.log"
 },
 {
  "leaf": "6-duplicate-mutable-accounts/secure",
  "status": "ok",
  "exit_code": 0,
  "wall_seconds": 52.9,
  "files_seen": 1,
  "findings": 0,
  "command": "radar scan -p /root/scannertruth/raw/radar-c1-2026-09-02-24c56f9/_staged/6-duplicate-mutable-accounts.secure.pkg -f none -o /root/scannertruth/raw/radar-c1-2026-09-02-24c56f9/6-duplicate-mutable-accounts.secure.run2/radar.json",
  "artefact": "raw/radar-c1-2026-09-02-24c56f9/6-duplicate-mutable-accounts.secure.run2/stdout.log"
 },
 {
  "leaf": "7-bump-seed-canonicalization/insecure",
  "status": "ok",
  "exit_code": 0,
  "wall_seconds": 47.39,
  "files_seen": 1,
  "findings": 1,
  "command": "radar scan -p /root/scannertruth/raw/radar-c1-2026-09-02-24c56f9/_staged/7-bump-seed-canonicalization.insecure.pkg -f none -o /root/scannertruth/raw/radar-c1-2026-09-02-24c56f9/7-bump-seed-canonicalization.insecure.run2/radar.json",
  "artefact": "raw/radar-c1-2026-09-02-24c56f9/7-bump-seed-canonicalization.insecure.run2/stdout.log"
 },
 {
  "leaf": "7-bump-seed-canonicalization/recommended",
  "status": "ok",
  "exit_code": 0,
  "wall_seconds": 52.75,
  "files_seen": 1,
  "findings": 0,
  "command": "radar scan -p /root/scannertruth/raw/radar-c1-2026-09-02-24c56f9/_staged/7-bump-seed-canonicalization.recommended.pkg -f none -o /root/scannertruth/raw/radar-c1-2026-09-02-24c56f9/7-bump-seed-canonicalization.recommended.run2/radar.json",
  "artefact": "raw/radar-c1-2026-09-02-24c56f9/7-bump-seed-canonicalization.recommended.run2/stdout.log"
 },
 {
  "leaf": "7-bump-seed-canonicalization/secure",
  "status": "ok",
  "exit_code": 0,
  "wall_seconds": 52.82,
  "files_seen": 1,
  "findings": 0,
  "command": "radar scan -p /root/scannertruth/raw/radar-c1-2026-09-02-24c56f9/_staged/7-bump-seed-canonicalization.secure.pkg -f none -o /root/scannertruth/raw/radar-c1-2026-09-02-24c56f9/7-bump-seed-canonicalization.secure.run2/radar.json",
  "artefact": "raw/radar-c1-2026-09-02-24c56f9/7-bump-seed-canonicalization.secure.run2/stdout.log"
 },
 {
  "leaf": "8-pda-sharing/insecure",
  "status": "ok",
  "exit_code": 0,
  "wall_seconds": 52.89,
  "files_seen": 1,
  "findings": 3,
  "command": "radar scan -p /root/scannertruth/raw/radar-c1-2026-09-02-24c56f9/_staged/8-pda-sharing.insecure.pkg -f none -o /root/scannertruth/raw/radar-c1-2026-09-02-24c56f9/8-pda-sharing.insecure.run2/radar.json",
  "artefact": "raw/radar-c1-2026-09-02-24c56f9/8-pda-sharing.insecure.run2/stdout.log"
 },
 {
  "leaf": "8-pda-sharing/recommended",
  "status": "ok",
  "exit_code": 0,
  "wall_seconds": 49.66,
  "files_seen": 1,
  "findings": 2,
  "command": "radar scan -p /root/scannertruth/raw/radar-c1-2026-09-02-24c56f9/_staged/8-pda-sharing.recommended.pkg -f none -o /root/scannertruth/raw/radar-c1-2026-09-02-24c56f9/8-pda-sharing.recommended.run2/radar.json",
  "artefact": "raw/radar-c1-2026-09-02-24c56f9/8-pda-sharing.recommended.run2/stdout.log"
 },
 {
  "leaf": "8-pda-sharing/secure",
  "status": "ok",
  "exit_code": 0,
  "wall_seconds": 52.65,
  "files_seen": 1,
  "findings": 2,
  "command": "radar scan -p /root/scannertruth/raw/radar-c1-2026-09-02-24c56f9/_staged/8-pda-sharing.secure.pkg -f none -o /root/scannertruth/raw/radar-c1-2026-09-02-24c56f9/8-pda-sharing.secure.run2/radar.json",
  "artefact": "raw/radar-c1-2026-09-02-24c56f9/8-pda-sharing.secure.run2/stdout.log"
 },
 {
  "leaf": "9-closing-accounts/insecure",
  "status": "ok",
  "exit_code": 0,
  "wall_seconds": 52.65,
  "files_seen": 1,
  "findings": 1,
  "command": "radar scan -p /root/scannertruth/raw/radar-c1-2026-09-02-24c56f9/_staged/9-closing-accounts.insecure.pkg -f none -o /root/scannertruth/raw/radar-c1-2026-09-02-24c56f9/9-closing-accounts.insecure.run2/radar.json",
  "artefact": "raw/radar-c1-2026-09-02-24c56f9/9-closing-accounts.insecure.run2/stdout.log"
 },
 {
  "leaf": "9-closing-accounts/insecure-still",
  "status": "ok",
  "exit_code": 0,
  "wall_seconds": 52.78,
  "files_seen": 1,
  "findings": 1,
  "command": "radar scan -p /root/scannertruth/raw/radar-c1-2026-09-02-24c56f9/_staged/9-closing-accounts.insecure-still.pkg -f none -o /root/scannertruth/raw/radar-c1-2026-09-02-24c56f9/9-closing-accounts.insecure-still.run2/radar.json",
  "artefact": "raw/radar-c1-2026-09-02-24c56f9/9-closing-accounts.insecure-still.run2/stdout.log"
 },
 {
  "leaf": "9-closing-accounts/insecure-still-still",
  "status": "ok",
  "exit_code": 0,
  "wall_seconds": 52.72,
  "files_seen": 1,
  "findings": 1,
  "command": "radar scan -p /root/scannertruth/raw/radar-c1-2026-09-02-24c56f9/_staged/9-closing-accounts.insecure-still-still.pkg -f none -o /root/scannertruth/raw/radar-c1-2026-09-02-24c56f9/9-closing-accounts.insecure-still-still.run2/radar.json",
  "artefact": "raw/radar-c1-2026-09-02-24c56f9/9-closing-accounts.insecure-still-still.run2/stdout.log"
 },
 {
  "leaf": "9-closing-accounts/recommended",
  "status": "ok",
  "exit_code": 0,
  "wall_seconds": 47.53,
  "files_seen": 1,
  "findings": 1,
  "command": "radar scan -p /root/scannertruth/raw/radar-c1-2026-09-02-24c56f9/_staged/9-closing-accounts.recommended.pkg -f none -o /root/scannertruth/raw/radar-c1-2026-09-02-24c56f9/9-closing-accounts.recommended.run2/radar.json",
  "artefact": "raw/radar-c1-2026-09-02-24c56f9/9-closing-accounts.recommended.run2/stdout.log"
 },
 {
  "leaf": "9-closing-accounts/secure",
  "status": "ok",
  "exit_code": 0,
  "wall_seconds": 52.58,
  "files_seen": 1,
  "findings": 0,
  "command": "radar scan -p /root/scannertruth/raw/radar-c1-2026-09-02-24c56f9/_staged/9-closing-accounts.secure.pkg -f none -o /root/scannertruth/raw/radar-c1-2026-09-02-24c56f9/9-closing-accounts.secure.run2/radar.json",
  "artefact": "raw/radar-c1-2026-09-02-24c56f9/9-closing-accounts.secure.run2/stdout.log"
 }
]
