[
 {
  "rc": 0,
  "wall_s": 8.3,
  "artefact": "/root/rc-20260901/probe/semgrep/anchor-account-reload-owner.insecure.json",
  "files_opened": 93,
  "errors": [],
  "leaf": "anchor-account-reload-owner/insecure",
  "status": "ok",
  "findings": 283
 },
 {
  "rc": 0,
  "wall_s": 6.7,
  "artefact": "/root/rc-20260901/probe/semgrep/anchor-account-reload-owner.secure.json",
  "files_opened": 93,
  "errors": [],
  "leaf": "anchor-account-reload-owner/secure",
  "status": "ok",
  "findings": 286
 },
 {
  "rc": 0,
  "wall_s": 6.6,
  "artefact": "/root/rc-20260901/probe/semgrep/anchor-interface-account.insecure.json",
  "files_opened": 95,
  "errors": [],
  "leaf": "anchor-interface-account/insecure",
  "status": "ok",
  "findings": 286
 },
 {
  "rc": 0,
  "wall_s": 6.4,
  "artefact": "/root/rc-20260901/probe/semgrep/anchor-interface-account.secure.json",
  "files_opened": 95,
  "errors": [],
  "leaf": "anchor-interface-account/secure",
  "status": "ok",
  "findings": 283
 },
 {
  "rc": 0,
  "wall_s": 6.9,
  "artefact": "/root/rc-20260901/probe/semgrep/anchor-program-system.insecure.json",
  "files_opened": 93,
  "errors": [],
  "leaf": "anchor-program-system/insecure",
  "status": "ok",
  "findings": 272
 },
 {
  "rc": 0,
  "wall_s": 6.9,
  "artefact": "/root/rc-20260901/probe/semgrep/anchor-program-system.secure.json",
  "files_opened": 93,
  "errors": [],
  "leaf": "anchor-program-system/secure",
  "status": "ok",
  "findings": 276
 },
 {
  "rc": 0,
  "wall_s": 4.3,
  "artefact": "/root/rc-20260901/probe/semgrep/cashio-account-data.insecure.json",
  "files_opened": 8,
  "errors": [],
  "leaf": "cashio-account-data/insecure",
  "status": "ok",
  "findings": 0
 },
 {
  "rc": 0,
  "wall_s": 4.7,
  "artefact": "/root/rc-20260901/probe/semgrep/cashio-account-data.secure.json",
  "files_opened": 8,
  "errors": [],
  "leaf": "cashio-account-data/secure",
  "status": "ok",
  "findings": 0
 },
 {
  "rc": 0,
  "wall_s": 5.0,
  "artefact": "/root/rc-20260901/probe/semgrep/metaplex-bubblegum-creator.insecure.json",
  "files_opened": 80,
  "errors": [],
  "leaf": "metaplex-bubblegum-creator/insecure",
  "status": "ok",
  "findings": 102
 },
 {
  "rc": 0,
  "wall_s": 5.6,
  "artefact": "/root/rc-20260901/probe/semgrep/metaplex-bubblegum-creator.secure.json",
  "files_opened": 81,
  "errors": [],
  "leaf": "metaplex-bubblegum-creator/secure",
  "status": "ok",
  "findings": 102
 },
 {
  "rc": 0,
  "wall_s": 5.3,
  "artefact": "/root/rc-20260901/probe/semgrep/metaplex-candy-machine.insecure.json",
  "files_opened": 20,
  "errors": [],
  "leaf": "metaplex-candy-machine/insecure",
  "status": "ok",
  "findings": 40
 },
 {
  "rc": 0,
  "wall_s": 4.8,
  "artefact": "/root/rc-20260901/probe/semgrep/metaplex-candy-machine.secure.json",
  "files_opened": 20,
  "errors": [],
  "leaf": "metaplex-candy-machine/secure",
  "status": "ok",
  "findings": 41
 },
 {
  "rc": 0,
  "wall_s": 6.2,
  "artefact": "/root/rc-20260901/probe/semgrep/metaplex-token-metadata.insecure.json",
  "files_opened": 103,
  "errors": [],
  "leaf": "metaplex-token-metadata/insecure",
  "status": "ok",
  "findings": 216
 },
 {
  "rc": 0,
  "wall_s": 5.7,
  "artefact": "/root/rc-20260901/probe/semgrep/metaplex-token-metadata.secure.json",
  "files_opened": 103,
  "errors": [],
  "leaf": "metaplex-token-metadata/secure",
  "status": "ok",
  "findings": 216
 },
 {
  "rc": 0,
  "wall_s": 5.5,
  "artefact": "/root/rc-20260901/probe/semgrep/solend-owner-checks.insecure.json",
  "files_opened": 15,
  "errors": [],
  "leaf": "solend-owner-checks/insecure",
  "status": "ok",
  "findings": 86
 },
 {
  "rc": 0,
  "wall_s": 5.9,
  "artefact": "/root/rc-20260901/probe/semgrep/solend-owner-checks.secure.json",
  "files_opened": 15,
  "errors": [],
  "leaf": "solend-owner-checks/secure",
  "status": "ok",
  "findings": 86
 },
 {
  "rc": 0,
  "wall_s": 5.1,
  "artefact": "/root/rc-20260901/probe/semgrep/solido-anker-arbitrary-cpi.insecure.json",
  "files_opened": 10,
  "errors": [],
  "leaf": "solido-anker-arbitrary-cpi/insecure",
  "status": "ok",
  "findings": 17
 },
 {
  "rc": 0,
  "wall_s": 4.9,
  "artefact": "/root/rc-20260901/probe/semgrep/solido-anker-arbitrary-cpi.secure.json",
  "files_opened": 10,
  "errors": [],
  "leaf": "solido-anker-arbitrary-cpi/secure",
  "status": "ok",
  "findings": 17
 },
 {
  "rc": 0,
  "wall_s": 5.5,
  "artefact": "/root/rc-20260901/probe/semgrep/solido-deposit-reserve-account.insecure.json",
  "files_opened": 17,
  "errors": [],
  "leaf": "solido-deposit-reserve-account/insecure",
  "status": "ok",
  "findings": 40
 },
 {
  "rc": 0,
  "wall_s": 5.4,
  "artefact": "/root/rc-20260901/probe/semgrep/solido-deposit-reserve-account.secure.json",
  "files_opened": 17,
  "errors": [],
  "leaf": "solido-deposit-reserve-account/secure",
  "status": "ok",
  "findings": 40
 },
 {
  "rc": 0,
  "wall_s": 6.2,
  "artefact": "/root/rc-20260901/probe/semgrep/spl-stake-pool-fee-rounding.insecure.json",
  "files_opened": 8,
  "errors": [],
  "leaf": "spl-stake-pool-fee-rounding/insecure",
  "status": "ok",
  "findings": 86
 },
 {
  "rc": 0,
  "wall_s": 6.4,
  "artefact": "/root/rc-20260901/probe/semgrep/spl-stake-pool-fee-rounding.secure.json",
  "files_opened": 8,
  "errors": [],
  "leaf": "spl-stake-pool-fee-rounding/secure",
  "status": "ok",
  "findings": 86
 },
 {
  "rc": 0,
  "wall_s": 6.3,
  "artefact": "/root/rc-20260901/probe/semgrep/spl-stake-pool-mint-decimals.insecure.json",
  "files_opened": 8,
  "errors": [],
  "leaf": "spl-stake-pool-mint-decimals/insecure",
  "status": "ok",
  "findings": 86
 },
 {
  "rc": 0,
  "wall_s": 6.6,
  "artefact": "/root/rc-20260901/probe/semgrep/spl-stake-pool-mint-decimals.secure.json",
  "files_opened": 8,
  "errors": [],
  "leaf": "spl-stake-pool-mint-decimals/secure",
  "status": "ok",
  "findings": 86
 },
 {
  "rc": 0,
  "wall_s": 5.9,
  "artefact": "/root/rc-20260901/probe/semgrep/spl-token-lending-rounding.insecure.json",
  "files_opened": 15,
  "errors": [],
  "leaf": "spl-token-lending-rounding/insecure",
  "status": "ok",
  "findings": 48
 },
 {
  "rc": 0,
  "wall_s": 5.5,
  "artefact": "/root/rc-20260901/probe/semgrep/spl-token-lending-rounding.secure.json",
  "files_opened": 15,
  "errors": [],
  "leaf": "spl-token-lending-rounding/secure",
  "status": "ok",
  "findings": 48
 },
 {
  "rc": 0,
  "wall_s": 5.0,
  "artefact": "/root/rc-20260901/probe/semgrep/squads-account-matching.insecure.json",
  "files_opened": 4,
  "errors": [],
  "leaf": "squads-account-matching/insecure",
  "status": "ok",
  "findings": 20
 },
 {
  "rc": 0,
  "wall_s": 5.0,
  "artefact": "/root/rc-20260901/probe/semgrep/squads-account-matching.secure.json",
  "files_opened": 4,
  "errors": [],
  "leaf": "squads-account-matching/secure",
  "status": "ok",
  "findings": 20
 },
 {
  "rc": 0,
  "wall_s": 4.8,
  "artefact": "/root/rc-20260901/probe/semgrep/squads-recursive-execute.insecure.json",
  "files_opened": 4,
  "errors": [],
  "leaf": "squads-recursive-execute/insecure",
  "status": "ok",
  "findings": 22
 },
 {
  "rc": 0,
  "wall_s": 5.2,
  "artefact": "/root/rc-20260901/probe/semgrep/squads-recursive-execute.secure.json",
  "files_opened": 4,
  "errors": [],
  "leaf": "squads-recursive-execute/secure",
  "status": "ok",
  "findings": 22
 },
 {
  "rc": 0,
  "wall_s": 4.5,
  "artefact": "/root/rc-20260901/probe/semgrep/squads-signer-auth.insecure.json",
  "files_opened": 4,
  "errors": [],
  "leaf": "squads-signer-auth/insecure",
  "status": "ok",
  "findings": 20
 },
 {
  "rc": 0,
  "wall_s": 4.7,
  "artefact": "/root/rc-20260901/probe/semgrep/squads-signer-auth.secure.json",
  "files_opened": 4,
  "errors": [],
  "leaf": "squads-signer-auth/secure",
  "status": "ok",
  "findings": 20
 },
 {
  "rc": 0,
  "wall_s": 9.5,
  "artefact": "/root/rc-20260901/probe/semgrep/token-2022-confidential-approve-mint.insecure.json",
  "files_opened": 60,
  "errors": [],
  "leaf": "token-2022-confidential-approve-mint/insecure",
  "status": "ok",
  "findings": 182
 },
 {
  "rc": 0,
  "wall_s": 8.6,
  "artefact": "/root/rc-20260901/probe/semgrep/token-2022-confidential-approve-mint.secure.json",
  "files_opened": 60,
  "errors": [],
  "leaf": "token-2022-confidential-approve-mint/secure",
  "status": "ok",
  "findings": 182
 },
 {
  "rc": 0,
  "wall_s": 5.1,
  "artefact": "/root/rc-20260901/probe/semgrep/wormhole-sysvar.insecure.json",
  "files_opened": 21,
  "errors": [],
  "leaf": "wormhole-sysvar/insecure",
  "status": "ok",
  "findings": 8
 },
 {
  "rc": 0,
  "wall_s": 4.8,
  "artefact": "/root/rc-20260901/probe/semgrep/wormhole-sysvar.secure.json",
  "files_opened": 21,
  "errors": [],
  "leaf": "wormhole-sysvar/secure",
  "status": "ok",
  "findings": 8
 }
]