[
 {
  "rc": 0,
  "wall_s": 1.0,
  "artefact": "/root/rc-20260901/probe/sol-audit-strict/anchor-account-reload-owner.insecure.strict.json",
  "profile": "strict",
  "files_opened": 93,
  "errors": [],
  "leaf": "anchor-account-reload-owner/insecure",
  "status": "ok",
  "findings": 74
 },
 {
  "rc": 0,
  "wall_s": 1.3,
  "artefact": "/root/rc-20260901/probe/sol-audit-strict/anchor-account-reload-owner.secure.strict.json",
  "profile": "strict",
  "files_opened": 93,
  "errors": [],
  "leaf": "anchor-account-reload-owner/secure",
  "status": "ok",
  "findings": 74
 },
 {
  "rc": 0,
  "wall_s": 1.0,
  "artefact": "/root/rc-20260901/probe/sol-audit-strict/anchor-interface-account.insecure.strict.json",
  "profile": "strict",
  "files_opened": 95,
  "errors": [],
  "leaf": "anchor-interface-account/insecure",
  "status": "ok",
  "findings": 79
 },
 {
  "rc": 0,
  "wall_s": 1.1,
  "artefact": "/root/rc-20260901/probe/sol-audit-strict/anchor-interface-account.secure.strict.json",
  "profile": "strict",
  "files_opened": 95,
  "errors": [],
  "leaf": "anchor-interface-account/secure",
  "status": "ok",
  "findings": 79
 },
 {
  "rc": 0,
  "wall_s": 1.0,
  "artefact": "/root/rc-20260901/probe/sol-audit-strict/anchor-program-system.insecure.strict.json",
  "profile": "strict",
  "files_opened": 93,
  "errors": [],
  "leaf": "anchor-program-system/insecure",
  "status": "ok",
  "findings": 74
 },
 {
  "rc": 0,
  "wall_s": 1.0,
  "artefact": "/root/rc-20260901/probe/sol-audit-strict/anchor-program-system.secure.strict.json",
  "profile": "strict",
  "files_opened": 93,
  "errors": [],
  "leaf": "anchor-program-system/secure",
  "status": "ok",
  "findings": 74
 },
 {
  "rc": 0,
  "wall_s": 0.4,
  "artefact": "/root/rc-20260901/probe/sol-audit-strict/cashio-account-data.insecure.strict.json",
  "profile": "strict",
  "files_opened": 8,
  "errors": [],
  "leaf": "cashio-account-data/insecure",
  "status": "ok",
  "findings": 2
 },
 {
  "rc": 0,
  "wall_s": 0.4,
  "artefact": "/root/rc-20260901/probe/sol-audit-strict/cashio-account-data.secure.strict.json",
  "profile": "strict",
  "files_opened": 8,
  "errors": [],
  "leaf": "cashio-account-data/secure",
  "status": "ok",
  "findings": 2
 },
 {
  "rc": 0,
  "wall_s": 0.7,
  "artefact": "/root/rc-20260901/probe/sol-audit-strict/metaplex-bubblegum-creator.insecure.strict.json",
  "profile": "strict",
  "files_opened": 80,
  "errors": [],
  "leaf": "metaplex-bubblegum-creator/insecure",
  "status": "ok",
  "findings": 40
 },
 {
  "rc": 0,
  "wall_s": 1.0,
  "artefact": "/root/rc-20260901/probe/sol-audit-strict/metaplex-bubblegum-creator.secure.strict.json",
  "profile": "strict",
  "files_opened": 81,
  "errors": [],
  "leaf": "metaplex-bubblegum-creator/secure",
  "status": "ok",
  "findings": 40
 },
 {
  "rc": 0,
  "wall_s": 0.6,
  "artefact": "/root/rc-20260901/probe/sol-audit-strict/metaplex-candy-machine.insecure.strict.json",
  "profile": "strict",
  "files_opened": 20,
  "errors": [],
  "leaf": "metaplex-candy-machine/insecure",
  "status": "ok",
  "findings": 16
 },
 {
  "rc": 0,
  "wall_s": 0.5,
  "artefact": "/root/rc-20260901/probe/sol-audit-strict/metaplex-candy-machine.secure.strict.json",
  "profile": "strict",
  "files_opened": 20,
  "errors": [],
  "leaf": "metaplex-candy-machine/secure",
  "status": "ok",
  "findings": 17
 },
 {
  "rc": 0,
  "wall_s": 1.0,
  "artefact": "/root/rc-20260901/probe/sol-audit-strict/metaplex-token-metadata.insecure.strict.json",
  "profile": "strict",
  "files_opened": 103,
  "errors": [],
  "leaf": "metaplex-token-metadata/insecure",
  "status": "ok",
  "findings": 73
 },
 {
  "rc": 0,
  "wall_s": 1.2,
  "artefact": "/root/rc-20260901/probe/sol-audit-strict/metaplex-token-metadata.secure.strict.json",
  "profile": "strict",
  "files_opened": 103,
  "errors": [],
  "leaf": "metaplex-token-metadata/secure",
  "status": "ok",
  "findings": 73
 },
 {
  "rc": 0,
  "wall_s": 0.7,
  "artefact": "/root/rc-20260901/probe/sol-audit-strict/solend-owner-checks.insecure.strict.json",
  "profile": "strict",
  "files_opened": 15,
  "errors": [],
  "leaf": "solend-owner-checks/insecure",
  "status": "ok",
  "findings": 7
 },
 {
  "rc": 0,
  "wall_s": 0.7,
  "artefact": "/root/rc-20260901/probe/sol-audit-strict/solend-owner-checks.secure.strict.json",
  "profile": "strict",
  "files_opened": 15,
  "errors": [],
  "leaf": "solend-owner-checks/secure",
  "status": "ok",
  "findings": 7
 },
 {
  "rc": 0,
  "wall_s": 0.5,
  "artefact": "/root/rc-20260901/probe/sol-audit-strict/solido-anker-arbitrary-cpi.insecure.strict.json",
  "profile": "strict",
  "files_opened": 10,
  "errors": [],
  "leaf": "solido-anker-arbitrary-cpi/insecure",
  "status": "ok",
  "findings": 15
 },
 {
  "rc": 0,
  "wall_s": 0.5,
  "artefact": "/root/rc-20260901/probe/sol-audit-strict/solido-anker-arbitrary-cpi.secure.strict.json",
  "profile": "strict",
  "files_opened": 10,
  "errors": [],
  "leaf": "solido-anker-arbitrary-cpi/secure",
  "status": "ok",
  "findings": 15
 },
 {
  "rc": 0,
  "wall_s": 0.7,
  "artefact": "/root/rc-20260901/probe/sol-audit-strict/solido-deposit-reserve-account.insecure.strict.json",
  "profile": "strict",
  "files_opened": 17,
  "errors": [],
  "leaf": "solido-deposit-reserve-account/insecure",
  "status": "ok",
  "findings": 20
 },
 {
  "rc": 0,
  "wall_s": 0.7,
  "artefact": "/root/rc-20260901/probe/sol-audit-strict/solido-deposit-reserve-account.secure.strict.json",
  "profile": "strict",
  "files_opened": 17,
  "errors": [],
  "leaf": "solido-deposit-reserve-account/secure",
  "status": "ok",
  "findings": 20
 },
 {
  "rc": 0,
  "wall_s": 0.8,
  "artefact": "/root/rc-20260901/probe/sol-audit-strict/spl-stake-pool-fee-rounding.insecure.strict.json",
  "profile": "strict",
  "files_opened": 8,
  "errors": [],
  "leaf": "spl-stake-pool-fee-rounding/insecure",
  "status": "ok",
  "findings": 5
 },
 {
  "rc": 0,
  "wall_s": 0.8,
  "artefact": "/root/rc-20260901/probe/sol-audit-strict/spl-stake-pool-fee-rounding.secure.strict.json",
  "profile": "strict",
  "files_opened": 8,
  "errors": [],
  "leaf": "spl-stake-pool-fee-rounding/secure",
  "status": "ok",
  "findings": 5
 },
 {
  "rc": 0,
  "wall_s": 0.6,
  "artefact": "/root/rc-20260901/probe/sol-audit-strict/spl-stake-pool-mint-decimals.insecure.strict.json",
  "profile": "strict",
  "files_opened": 8,
  "errors": [],
  "leaf": "spl-stake-pool-mint-decimals/insecure",
  "status": "ok",
  "findings": 5
 },
 {
  "rc": 0,
  "wall_s": 0.7,
  "artefact": "/root/rc-20260901/probe/sol-audit-strict/spl-stake-pool-mint-decimals.secure.strict.json",
  "profile": "strict",
  "files_opened": 8,
  "errors": [],
  "leaf": "spl-stake-pool-mint-decimals/secure",
  "status": "ok",
  "findings": 5
 },
 {
  "rc": 0,
  "wall_s": 0.7,
  "artefact": "/root/rc-20260901/probe/sol-audit-strict/spl-token-lending-rounding.insecure.strict.json",
  "profile": "strict",
  "files_opened": 15,
  "errors": [],
  "leaf": "spl-token-lending-rounding/insecure",
  "status": "ok",
  "findings": 7
 },
 {
  "rc": 0,
  "wall_s": 0.6,
  "artefact": "/root/rc-20260901/probe/sol-audit-strict/spl-token-lending-rounding.secure.strict.json",
  "profile": "strict",
  "files_opened": 15,
  "errors": [],
  "leaf": "spl-token-lending-rounding/secure",
  "status": "ok",
  "findings": 7
 },
 {
  "rc": 0,
  "wall_s": 0.5,
  "artefact": "/root/rc-20260901/probe/sol-audit-strict/squads-account-matching.insecure.strict.json",
  "profile": "strict",
  "files_opened": 4,
  "errors": [],
  "leaf": "squads-account-matching/insecure",
  "status": "ok",
  "findings": 2
 },
 {
  "rc": 0,
  "wall_s": 0.5,
  "artefact": "/root/rc-20260901/probe/sol-audit-strict/squads-account-matching.secure.strict.json",
  "profile": "strict",
  "files_opened": 4,
  "errors": [],
  "leaf": "squads-account-matching/secure",
  "status": "ok",
  "findings": 2
 },
 {
  "rc": 0,
  "wall_s": 0.5,
  "artefact": "/root/rc-20260901/probe/sol-audit-strict/squads-recursive-execute.insecure.strict.json",
  "profile": "strict",
  "files_opened": 4,
  "errors": [],
  "leaf": "squads-recursive-execute/insecure",
  "status": "ok",
  "findings": 0
 },
 {
  "rc": 0,
  "wall_s": 0.5,
  "artefact": "/root/rc-20260901/probe/sol-audit-strict/squads-recursive-execute.secure.strict.json",
  "profile": "strict",
  "files_opened": 4,
  "errors": [],
  "leaf": "squads-recursive-execute/secure",
  "status": "ok",
  "findings": 0
 },
 {
  "rc": 0,
  "wall_s": 0.4,
  "artefact": "/root/rc-20260901/probe/sol-audit-strict/squads-signer-auth.insecure.strict.json",
  "profile": "strict",
  "files_opened": 4,
  "errors": [],
  "leaf": "squads-signer-auth/insecure",
  "status": "ok",
  "findings": 2
 },
 {
  "rc": 0,
  "wall_s": 0.5,
  "artefact": "/root/rc-20260901/probe/sol-audit-strict/squads-signer-auth.secure.strict.json",
  "profile": "strict",
  "files_opened": 4,
  "errors": [],
  "leaf": "squads-signer-auth/secure",
  "status": "ok",
  "findings": 2
 },
 {
  "rc": 0,
  "wall_s": 1.3,
  "artefact": "/root/rc-20260901/probe/sol-audit-strict/token-2022-confidential-approve-mint.insecure.strict.json",
  "profile": "strict",
  "files_opened": 60,
  "errors": [],
  "leaf": "token-2022-confidential-approve-mint/insecure",
  "status": "ok",
  "findings": 132
 },
 {
  "rc": 0,
  "wall_s": 1.4,
  "artefact": "/root/rc-20260901/probe/sol-audit-strict/token-2022-confidential-approve-mint.secure.strict.json",
  "profile": "strict",
  "files_opened": 60,
  "errors": [],
  "leaf": "token-2022-confidential-approve-mint/secure",
  "status": "ok",
  "findings": 132
 },
 {
  "rc": 0,
  "wall_s": 0.6,
  "artefact": "/root/rc-20260901/probe/sol-audit-strict/wormhole-sysvar.insecure.strict.json",
  "profile": "strict",
  "files_opened": 21,
  "errors": [],
  "leaf": "wormhole-sysvar/insecure",
  "status": "ok",
  "findings": 2
 },
 {
  "rc": 0,
  "wall_s": 0.6,
  "artefact": "/root/rc-20260901/probe/sol-audit-strict/wormhole-sysvar.secure.strict.json",
  "profile": "strict",
  "files_opened": 21,
  "errors": [],
  "leaf": "wormhole-sysvar/secure",
  "status": "ok",
  "findings": 2
 }
]