[
 {
  "rc": 0,
  "wall_s": 1.2,
  "artefact": "/root/rc-20260901/probe/sol-audit-all/anchor-account-reload-owner.insecure.all.json",
  "profile": "all",
  "files_opened": 93,
  "errors": [],
  "leaf": "anchor-account-reload-owner/insecure",
  "status": "ok",
  "findings": 326
 },
 {
  "rc": 0,
  "wall_s": 1.3,
  "artefact": "/root/rc-20260901/probe/sol-audit-all/anchor-account-reload-owner.secure.all.json",
  "profile": "all",
  "files_opened": 93,
  "errors": [],
  "leaf": "anchor-account-reload-owner/secure",
  "status": "ok",
  "findings": 326
 },
 {
  "rc": 0,
  "wall_s": 1.3,
  "artefact": "/root/rc-20260901/probe/sol-audit-all/anchor-interface-account.insecure.all.json",
  "profile": "all",
  "files_opened": 95,
  "errors": [],
  "leaf": "anchor-interface-account/insecure",
  "status": "ok",
  "findings": 331
 },
 {
  "rc": 0,
  "wall_s": 1.4,
  "artefact": "/root/rc-20260901/probe/sol-audit-all/anchor-interface-account.secure.all.json",
  "profile": "all",
  "files_opened": 95,
  "errors": [],
  "leaf": "anchor-interface-account/secure",
  "status": "ok",
  "findings": 331
 },
 {
  "rc": 0,
  "wall_s": 1.2,
  "artefact": "/root/rc-20260901/probe/sol-audit-all/anchor-program-system.insecure.all.json",
  "profile": "all",
  "files_opened": 93,
  "errors": [],
  "leaf": "anchor-program-system/insecure",
  "status": "ok",
  "findings": 325
 },
 {
  "rc": 0,
  "wall_s": 1.2,
  "artefact": "/root/rc-20260901/probe/sol-audit-all/anchor-program-system.secure.all.json",
  "profile": "all",
  "files_opened": 93,
  "errors": [],
  "leaf": "anchor-program-system/secure",
  "status": "ok",
  "findings": 327
 },
 {
  "rc": 0,
  "wall_s": 0.5,
  "artefact": "/root/rc-20260901/probe/sol-audit-all/cashio-account-data.insecure.all.json",
  "profile": "all",
  "files_opened": 8,
  "errors": [],
  "leaf": "cashio-account-data/insecure",
  "status": "ok",
  "findings": 2
 },
 {
  "rc": 0,
  "wall_s": 0.5,
  "artefact": "/root/rc-20260901/probe/sol-audit-all/cashio-account-data.secure.all.json",
  "profile": "all",
  "files_opened": 8,
  "errors": [],
  "leaf": "cashio-account-data/secure",
  "status": "ok",
  "findings": 2
 },
 {
  "rc": 0,
  "wall_s": 0.9,
  "artefact": "/root/rc-20260901/probe/sol-audit-all/metaplex-bubblegum-creator.insecure.all.json",
  "profile": "all",
  "files_opened": 80,
  "errors": [],
  "leaf": "metaplex-bubblegum-creator/insecure",
  "status": "ok",
  "findings": 182
 },
 {
  "rc": 0,
  "wall_s": 1.0,
  "artefact": "/root/rc-20260901/probe/sol-audit-all/metaplex-bubblegum-creator.secure.all.json",
  "profile": "all",
  "files_opened": 81,
  "errors": [],
  "leaf": "metaplex-bubblegum-creator/secure",
  "status": "ok",
  "findings": 186
 },
 {
  "rc": 0,
  "wall_s": 0.5,
  "artefact": "/root/rc-20260901/probe/sol-audit-all/metaplex-candy-machine.insecure.all.json",
  "profile": "all",
  "files_opened": 20,
  "errors": [],
  "leaf": "metaplex-candy-machine/insecure",
  "status": "ok",
  "findings": 100
 },
 {
  "rc": 0,
  "wall_s": 0.5,
  "artefact": "/root/rc-20260901/probe/sol-audit-all/metaplex-candy-machine.secure.all.json",
  "profile": "all",
  "files_opened": 20,
  "errors": [],
  "leaf": "metaplex-candy-machine/secure",
  "status": "ok",
  "findings": 101
 },
 {
  "rc": 0,
  "wall_s": 1.1,
  "artefact": "/root/rc-20260901/probe/sol-audit-all/metaplex-token-metadata.insecure.all.json",
  "profile": "all",
  "files_opened": 103,
  "errors": [],
  "leaf": "metaplex-token-metadata/insecure",
  "status": "ok",
  "findings": 263
 },
 {
  "rc": 0,
  "wall_s": 1.2,
  "artefact": "/root/rc-20260901/probe/sol-audit-all/metaplex-token-metadata.secure.all.json",
  "profile": "all",
  "files_opened": 103,
  "errors": [],
  "leaf": "metaplex-token-metadata/secure",
  "status": "ok",
  "findings": 263
 },
 {
  "rc": 0,
  "wall_s": 0.9,
  "artefact": "/root/rc-20260901/probe/sol-audit-all/solend-owner-checks.insecure.all.json",
  "profile": "all",
  "files_opened": 15,
  "errors": [],
  "leaf": "solend-owner-checks/insecure",
  "status": "ok",
  "findings": 109
 },
 {
  "rc": 0,
  "wall_s": 0.7,
  "artefact": "/root/rc-20260901/probe/sol-audit-all/solend-owner-checks.secure.all.json",
  "profile": "all",
  "files_opened": 15,
  "errors": [],
  "leaf": "solend-owner-checks/secure",
  "status": "ok",
  "findings": 109
 },
 {
  "rc": 0,
  "wall_s": 0.5,
  "artefact": "/root/rc-20260901/probe/sol-audit-all/solido-anker-arbitrary-cpi.insecure.all.json",
  "profile": "all",
  "files_opened": 10,
  "errors": [],
  "leaf": "solido-anker-arbitrary-cpi/insecure",
  "status": "ok",
  "findings": 46
 },
 {
  "rc": 0,
  "wall_s": 0.5,
  "artefact": "/root/rc-20260901/probe/sol-audit-all/solido-anker-arbitrary-cpi.secure.all.json",
  "profile": "all",
  "files_opened": 10,
  "errors": [],
  "leaf": "solido-anker-arbitrary-cpi/secure",
  "status": "ok",
  "findings": 46
 },
 {
  "rc": 0,
  "wall_s": 0.7,
  "artefact": "/root/rc-20260901/probe/sol-audit-all/solido-deposit-reserve-account.insecure.all.json",
  "profile": "all",
  "files_opened": 17,
  "errors": [],
  "leaf": "solido-deposit-reserve-account/insecure",
  "status": "ok",
  "findings": 123
 },
 {
  "rc": 0,
  "wall_s": 0.7,
  "artefact": "/root/rc-20260901/probe/sol-audit-all/solido-deposit-reserve-account.secure.all.json",
  "profile": "all",
  "files_opened": 17,
  "errors": [],
  "leaf": "solido-deposit-reserve-account/secure",
  "status": "ok",
  "findings": 123
 },
 {
  "rc": 0,
  "wall_s": 0.9,
  "artefact": "/root/rc-20260901/probe/sol-audit-all/spl-stake-pool-fee-rounding.insecure.all.json",
  "profile": "all",
  "files_opened": 8,
  "errors": [],
  "leaf": "spl-stake-pool-fee-rounding/insecure",
  "status": "ok",
  "findings": 97
 },
 {
  "rc": 0,
  "wall_s": 0.8,
  "artefact": "/root/rc-20260901/probe/sol-audit-all/spl-stake-pool-fee-rounding.secure.all.json",
  "profile": "all",
  "files_opened": 8,
  "errors": [],
  "leaf": "spl-stake-pool-fee-rounding/secure",
  "status": "ok",
  "findings": 97
 },
 {
  "rc": 0,
  "wall_s": 0.8,
  "artefact": "/root/rc-20260901/probe/sol-audit-all/spl-stake-pool-mint-decimals.insecure.all.json",
  "profile": "all",
  "files_opened": 8,
  "errors": [],
  "leaf": "spl-stake-pool-mint-decimals/insecure",
  "status": "ok",
  "findings": 104
 },
 {
  "rc": 0,
  "wall_s": 0.7,
  "artefact": "/root/rc-20260901/probe/sol-audit-all/spl-stake-pool-mint-decimals.secure.all.json",
  "profile": "all",
  "files_opened": 8,
  "errors": [],
  "leaf": "spl-stake-pool-mint-decimals/secure",
  "status": "ok",
  "findings": 104
 },
 {
  "rc": 0,
  "wall_s": 0.7,
  "artefact": "/root/rc-20260901/probe/sol-audit-all/spl-token-lending-rounding.insecure.all.json",
  "profile": "all",
  "files_opened": 15,
  "errors": [],
  "leaf": "spl-token-lending-rounding/insecure",
  "status": "ok",
  "findings": 105
 },
 {
  "rc": 0,
  "wall_s": 0.7,
  "artefact": "/root/rc-20260901/probe/sol-audit-all/spl-token-lending-rounding.secure.all.json",
  "profile": "all",
  "files_opened": 15,
  "errors": [],
  "leaf": "spl-token-lending-rounding/secure",
  "status": "ok",
  "findings": 105
 },
 {
  "rc": 0,
  "wall_s": 0.4,
  "artefact": "/root/rc-20260901/probe/sol-audit-all/squads-account-matching.insecure.all.json",
  "profile": "all",
  "files_opened": 4,
  "errors": [],
  "leaf": "squads-account-matching/insecure",
  "status": "ok",
  "findings": 31
 },
 {
  "rc": 0,
  "wall_s": 0.4,
  "artefact": "/root/rc-20260901/probe/sol-audit-all/squads-account-matching.secure.all.json",
  "profile": "all",
  "files_opened": 4,
  "errors": [],
  "leaf": "squads-account-matching/secure",
  "status": "ok",
  "findings": 31
 },
 {
  "rc": 0,
  "wall_s": 0.5,
  "artefact": "/root/rc-20260901/probe/sol-audit-all/squads-recursive-execute.insecure.all.json",
  "profile": "all",
  "files_opened": 4,
  "errors": [],
  "leaf": "squads-recursive-execute/insecure",
  "status": "ok",
  "findings": 32
 },
 {
  "rc": 0,
  "wall_s": 0.4,
  "artefact": "/root/rc-20260901/probe/sol-audit-all/squads-recursive-execute.secure.all.json",
  "profile": "all",
  "files_opened": 4,
  "errors": [],
  "leaf": "squads-recursive-execute/secure",
  "status": "ok",
  "findings": 32
 },
 {
  "rc": 0,
  "wall_s": 0.5,
  "artefact": "/root/rc-20260901/probe/sol-audit-all/squads-signer-auth.insecure.all.json",
  "profile": "all",
  "files_opened": 4,
  "errors": [],
  "leaf": "squads-signer-auth/insecure",
  "status": "ok",
  "findings": 31
 },
 {
  "rc": 0,
  "wall_s": 0.5,
  "artefact": "/root/rc-20260901/probe/sol-audit-all/squads-signer-auth.secure.all.json",
  "profile": "all",
  "files_opened": 4,
  "errors": [],
  "leaf": "squads-signer-auth/secure",
  "status": "ok",
  "findings": 31
 },
 {
  "rc": 0,
  "wall_s": 1.7,
  "artefact": "/root/rc-20260901/probe/sol-audit-all/token-2022-confidential-approve-mint.insecure.all.json",
  "profile": "all",
  "files_opened": 60,
  "errors": [],
  "leaf": "token-2022-confidential-approve-mint/insecure",
  "status": "ok",
  "findings": 265
 },
 {
  "rc": 0,
  "wall_s": 1.7,
  "artefact": "/root/rc-20260901/probe/sol-audit-all/token-2022-confidential-approve-mint.secure.all.json",
  "profile": "all",
  "files_opened": 60,
  "errors": [],
  "leaf": "token-2022-confidential-approve-mint/secure",
  "status": "ok",
  "findings": 265
 },
 {
  "rc": 0,
  "wall_s": 0.6,
  "artefact": "/root/rc-20260901/probe/sol-audit-all/wormhole-sysvar.insecure.all.json",
  "profile": "all",
  "files_opened": 21,
  "errors": [],
  "leaf": "wormhole-sysvar/insecure",
  "status": "ok",
  "findings": 40
 },
 {
  "rc": 0,
  "wall_s": 0.6,
  "artefact": "/root/rc-20260901/probe/sol-audit-all/wormhole-sysvar.secure.all.json",
  "profile": "all",
  "files_opened": 21,
  "errors": [],
  "leaf": "wormhole-sysvar/secure",
  "status": "ok",
  "findings": 40
 }
]