[
 {
  "rc": 0,
  "wall_s": 1.1,
  "artefact": "/root/rc-20260901/probe/sol-audit-broad/anchor-account-reload-owner.insecure.broad.json",
  "profile": "broad",
  "files_opened": 93,
  "errors": [],
  "leaf": "anchor-account-reload-owner/insecure",
  "status": "ok",
  "findings": 214
 },
 {
  "rc": 0,
  "wall_s": 1.4,
  "artefact": "/root/rc-20260901/probe/sol-audit-broad/anchor-account-reload-owner.secure.broad.json",
  "profile": "broad",
  "files_opened": 93,
  "errors": [],
  "leaf": "anchor-account-reload-owner/secure",
  "status": "ok",
  "findings": 214
 },
 {
  "rc": 0,
  "wall_s": 1.1,
  "artefact": "/root/rc-20260901/probe/sol-audit-broad/anchor-interface-account.insecure.broad.json",
  "profile": "broad",
  "files_opened": 95,
  "errors": [],
  "leaf": "anchor-interface-account/insecure",
  "status": "ok",
  "findings": 219
 },
 {
  "rc": 0,
  "wall_s": 1.1,
  "artefact": "/root/rc-20260901/probe/sol-audit-broad/anchor-interface-account.secure.broad.json",
  "profile": "broad",
  "files_opened": 95,
  "errors": [],
  "leaf": "anchor-interface-account/secure",
  "status": "ok",
  "findings": 219
 },
 {
  "rc": 0,
  "wall_s": 1.2,
  "artefact": "/root/rc-20260901/probe/sol-audit-broad/anchor-program-system.insecure.broad.json",
  "profile": "broad",
  "files_opened": 93,
  "errors": [],
  "leaf": "anchor-program-system/insecure",
  "status": "ok",
  "findings": 216
 },
 {
  "rc": 0,
  "wall_s": 1.2,
  "artefact": "/root/rc-20260901/probe/sol-audit-broad/anchor-program-system.secure.broad.json",
  "profile": "broad",
  "files_opened": 93,
  "errors": [],
  "leaf": "anchor-program-system/secure",
  "status": "ok",
  "findings": 218
 },
 {
  "rc": 0,
  "wall_s": 0.4,
  "artefact": "/root/rc-20260901/probe/sol-audit-broad/cashio-account-data.insecure.broad.json",
  "profile": "broad",
  "files_opened": 8,
  "errors": [],
  "leaf": "cashio-account-data/insecure",
  "status": "ok",
  "findings": 2
 },
 {
  "rc": 0,
  "wall_s": 0.4,
  "artefact": "/root/rc-20260901/probe/sol-audit-broad/cashio-account-data.secure.broad.json",
  "profile": "broad",
  "files_opened": 8,
  "errors": [],
  "leaf": "cashio-account-data/secure",
  "status": "ok",
  "findings": 2
 },
 {
  "rc": 0,
  "wall_s": 0.8,
  "artefact": "/root/rc-20260901/probe/sol-audit-broad/metaplex-bubblegum-creator.insecure.broad.json",
  "profile": "broad",
  "files_opened": 80,
  "errors": [],
  "leaf": "metaplex-bubblegum-creator/insecure",
  "status": "ok",
  "findings": 123
 },
 {
  "rc": 0,
  "wall_s": 0.9,
  "artefact": "/root/rc-20260901/probe/sol-audit-broad/metaplex-bubblegum-creator.secure.broad.json",
  "profile": "broad",
  "files_opened": 81,
  "errors": [],
  "leaf": "metaplex-bubblegum-creator/secure",
  "status": "ok",
  "findings": 125
 },
 {
  "rc": 0,
  "wall_s": 0.5,
  "artefact": "/root/rc-20260901/probe/sol-audit-broad/metaplex-candy-machine.insecure.broad.json",
  "profile": "broad",
  "files_opened": 20,
  "errors": [],
  "leaf": "metaplex-candy-machine/insecure",
  "status": "ok",
  "findings": 57
 },
 {
  "rc": 0,
  "wall_s": 0.5,
  "artefact": "/root/rc-20260901/probe/sol-audit-broad/metaplex-candy-machine.secure.broad.json",
  "profile": "broad",
  "files_opened": 20,
  "errors": [],
  "leaf": "metaplex-candy-machine/secure",
  "status": "ok",
  "findings": 58
 },
 {
  "rc": 0,
  "wall_s": 1.0,
  "artefact": "/root/rc-20260901/probe/sol-audit-broad/metaplex-token-metadata.insecure.broad.json",
  "profile": "broad",
  "files_opened": 103,
  "errors": [],
  "leaf": "metaplex-token-metadata/insecure",
  "status": "ok",
  "findings": 173
 },
 {
  "rc": 0,
  "wall_s": 1.1,
  "artefact": "/root/rc-20260901/probe/sol-audit-broad/metaplex-token-metadata.secure.broad.json",
  "profile": "broad",
  "files_opened": 103,
  "errors": [],
  "leaf": "metaplex-token-metadata/secure",
  "status": "ok",
  "findings": 173
 },
 {
  "rc": 0,
  "wall_s": 0.7,
  "artefact": "/root/rc-20260901/probe/sol-audit-broad/solend-owner-checks.insecure.broad.json",
  "profile": "broad",
  "files_opened": 15,
  "errors": [],
  "leaf": "solend-owner-checks/insecure",
  "status": "ok",
  "findings": 34
 },
 {
  "rc": 0,
  "wall_s": 0.7,
  "artefact": "/root/rc-20260901/probe/sol-audit-broad/solend-owner-checks.secure.broad.json",
  "profile": "broad",
  "files_opened": 15,
  "errors": [],
  "leaf": "solend-owner-checks/secure",
  "status": "ok",
  "findings": 34
 },
 {
  "rc": 0,
  "wall_s": 0.5,
  "artefact": "/root/rc-20260901/probe/sol-audit-broad/solido-anker-arbitrary-cpi.insecure.broad.json",
  "profile": "broad",
  "files_opened": 10,
  "errors": [],
  "leaf": "solido-anker-arbitrary-cpi/insecure",
  "status": "ok",
  "findings": 24
 },
 {
  "rc": 0,
  "wall_s": 0.5,
  "artefact": "/root/rc-20260901/probe/sol-audit-broad/solido-anker-arbitrary-cpi.secure.broad.json",
  "profile": "broad",
  "files_opened": 10,
  "errors": [],
  "leaf": "solido-anker-arbitrary-cpi/secure",
  "status": "ok",
  "findings": 24
 },
 {
  "rc": 0,
  "wall_s": 0.8,
  "artefact": "/root/rc-20260901/probe/sol-audit-broad/solido-deposit-reserve-account.insecure.broad.json",
  "profile": "broad",
  "files_opened": 17,
  "errors": [],
  "leaf": "solido-deposit-reserve-account/insecure",
  "status": "ok",
  "findings": 79
 },
 {
  "rc": 0,
  "wall_s": 0.7,
  "artefact": "/root/rc-20260901/probe/sol-audit-broad/solido-deposit-reserve-account.secure.broad.json",
  "profile": "broad",
  "files_opened": 17,
  "errors": [],
  "leaf": "solido-deposit-reserve-account/secure",
  "status": "ok",
  "findings": 79
 },
 {
  "rc": 0,
  "wall_s": 0.8,
  "artefact": "/root/rc-20260901/probe/sol-audit-broad/spl-stake-pool-fee-rounding.insecure.broad.json",
  "profile": "broad",
  "files_opened": 8,
  "errors": [],
  "leaf": "spl-stake-pool-fee-rounding/insecure",
  "status": "ok",
  "findings": 47
 },
 {
  "rc": 0,
  "wall_s": 0.8,
  "artefact": "/root/rc-20260901/probe/sol-audit-broad/spl-stake-pool-fee-rounding.secure.broad.json",
  "profile": "broad",
  "files_opened": 8,
  "errors": [],
  "leaf": "spl-stake-pool-fee-rounding/secure",
  "status": "ok",
  "findings": 47
 },
 {
  "rc": 0,
  "wall_s": 0.7,
  "artefact": "/root/rc-20260901/probe/sol-audit-broad/spl-stake-pool-mint-decimals.insecure.broad.json",
  "profile": "broad",
  "files_opened": 8,
  "errors": [],
  "leaf": "spl-stake-pool-mint-decimals/insecure",
  "status": "ok",
  "findings": 54
 },
 {
  "rc": 0,
  "wall_s": 0.8,
  "artefact": "/root/rc-20260901/probe/sol-audit-broad/spl-stake-pool-mint-decimals.secure.broad.json",
  "profile": "broad",
  "files_opened": 8,
  "errors": [],
  "leaf": "spl-stake-pool-mint-decimals/secure",
  "status": "ok",
  "findings": 54
 },
 {
  "rc": 0,
  "wall_s": 0.6,
  "artefact": "/root/rc-20260901/probe/sol-audit-broad/spl-token-lending-rounding.insecure.broad.json",
  "profile": "broad",
  "files_opened": 15,
  "errors": [],
  "leaf": "spl-token-lending-rounding/insecure",
  "status": "ok",
  "findings": 33
 },
 {
  "rc": 0,
  "wall_s": 0.6,
  "artefact": "/root/rc-20260901/probe/sol-audit-broad/spl-token-lending-rounding.secure.broad.json",
  "profile": "broad",
  "files_opened": 15,
  "errors": [],
  "leaf": "spl-token-lending-rounding/secure",
  "status": "ok",
  "findings": 33
 },
 {
  "rc": 0,
  "wall_s": 0.5,
  "artefact": "/root/rc-20260901/probe/sol-audit-broad/squads-account-matching.insecure.broad.json",
  "profile": "broad",
  "files_opened": 4,
  "errors": [],
  "leaf": "squads-account-matching/insecure",
  "status": "ok",
  "findings": 9
 },
 {
  "rc": 0,
  "wall_s": 0.5,
  "artefact": "/root/rc-20260901/probe/sol-audit-broad/squads-account-matching.secure.broad.json",
  "profile": "broad",
  "files_opened": 4,
  "errors": [],
  "leaf": "squads-account-matching/secure",
  "status": "ok",
  "findings": 9
 },
 {
  "rc": 0,
  "wall_s": 0.5,
  "artefact": "/root/rc-20260901/probe/sol-audit-broad/squads-recursive-execute.insecure.broad.json",
  "profile": "broad",
  "files_opened": 4,
  "errors": [],
  "leaf": "squads-recursive-execute/insecure",
  "status": "ok",
  "findings": 7
 },
 {
  "rc": 0,
  "wall_s": 0.5,
  "artefact": "/root/rc-20260901/probe/sol-audit-broad/squads-recursive-execute.secure.broad.json",
  "profile": "broad",
  "files_opened": 4,
  "errors": [],
  "leaf": "squads-recursive-execute/secure",
  "status": "ok",
  "findings": 7
 },
 {
  "rc": 0,
  "wall_s": 0.5,
  "artefact": "/root/rc-20260901/probe/sol-audit-broad/squads-signer-auth.insecure.broad.json",
  "profile": "broad",
  "files_opened": 4,
  "errors": [],
  "leaf": "squads-signer-auth/insecure",
  "status": "ok",
  "findings": 9
 },
 {
  "rc": 0,
  "wall_s": 0.5,
  "artefact": "/root/rc-20260901/probe/sol-audit-broad/squads-signer-auth.secure.broad.json",
  "profile": "broad",
  "files_opened": 4,
  "errors": [],
  "leaf": "squads-signer-auth/secure",
  "status": "ok",
  "findings": 9
 },
 {
  "rc": 0,
  "wall_s": 1.6,
  "artefact": "/root/rc-20260901/probe/sol-audit-broad/token-2022-confidential-approve-mint.insecure.broad.json",
  "profile": "broad",
  "files_opened": 60,
  "errors": [],
  "leaf": "token-2022-confidential-approve-mint/insecure",
  "status": "ok",
  "findings": 181
 },
 {
  "rc": 0,
  "wall_s": 1.4,
  "artefact": "/root/rc-20260901/probe/sol-audit-broad/token-2022-confidential-approve-mint.secure.broad.json",
  "profile": "broad",
  "files_opened": 60,
  "errors": [],
  "leaf": "token-2022-confidential-approve-mint/secure",
  "status": "ok",
  "findings": 181
 },
 {
  "rc": 0,
  "wall_s": 0.6,
  "artefact": "/root/rc-20260901/probe/sol-audit-broad/wormhole-sysvar.insecure.broad.json",
  "profile": "broad",
  "files_opened": 21,
  "errors": [],
  "leaf": "wormhole-sysvar/insecure",
  "status": "ok",
  "findings": 27
 },
 {
  "rc": 0,
  "wall_s": 0.6,
  "artefact": "/root/rc-20260901/probe/sol-audit-broad/wormhole-sysvar.secure.broad.json",
  "profile": "broad",
  "files_opened": 21,
  "errors": [],
  "leaf": "wormhole-sysvar/secure",
  "status": "ok",
  "findings": 27
 }
]