[
 {
  "leaf": "anchor-account-reload-owner/insecure",
  "status": "ok",
  "exit_code": 0,
  "wall_seconds": 9.64,
  "files_seen": 1,
  "findings": 2
 },
 {
  "leaf": "anchor-account-reload-owner/secure",
  "status": "ok",
  "exit_code": 0,
  "wall_seconds": 9.68,
  "files_seen": 1,
  "findings": 2
 },
 {
  "leaf": "anchor-interface-account/insecure",
  "status": "ok",
  "exit_code": 0,
  "wall_seconds": 7.12,
  "files_seen": 0,
  "findings": 0
 },
 {
  "leaf": "anchor-interface-account/secure",
  "status": "ok",
  "exit_code": 0,
  "wall_seconds": 6.87,
  "files_seen": 1,
  "findings": 2
 },
 {
  "leaf": "anchor-program-system/insecure",
  "status": "ok",
  "exit_code": 0,
  "wall_seconds": 4.74,
  "files_seen": 0,
  "findings": 0
 },
 {
  "leaf": "anchor-program-system/secure",
  "status": "ok",
  "exit_code": 0,
  "wall_seconds": 9.71,
  "files_seen": 0,
  "findings": 0
 },
 {
  "leaf": "cashio-account-data/insecure",
  "status": "ok",
  "exit_code": 0,
  "wall_seconds": 1.11,
  "files_seen": 0,
  "findings": 0
 },
 {
  "leaf": "cashio-account-data/secure",
  "status": "ok",
  "exit_code": 0,
  "wall_seconds": 1.28,
  "files_seen": 0,
  "findings": 0
 },
 {
  "leaf": "metaplex-bubblegum-creator/insecure",
  "status": "ok",
  "exit_code": 0,
  "wall_seconds": 15.19,
  "files_seen": 0,
  "findings": 0
 },
 {
  "leaf": "metaplex-bubblegum-creator/secure",
  "status": "ok",
  "exit_code": 0,
  "wall_seconds": 14.33,
  "files_seen": 0,
  "findings": 0
 },
 {
  "leaf": "metaplex-candy-machine/insecure",
  "status": "ok",
  "exit_code": 0,
  "wall_seconds": 4.73,
  "files_seen": 1,
  "findings": 7
 },
 {
  "leaf": "metaplex-candy-machine/secure",
  "status": "ok",
  "exit_code": 0,
  "wall_seconds": 4.99,
  "files_seen": 1,
  "findings": 7
 },
 {
  "leaf": "metaplex-token-metadata/insecure",
  "status": "ok",
  "exit_code": 0,
  "wall_seconds": 9.89,
  "files_seen": 1,
  "findings": 1
 },
 {
  "leaf": "metaplex-token-metadata/secure",
  "status": "ok",
  "exit_code": 0,
  "wall_seconds": 10.18,
  "files_seen": 1,
  "findings": 1
 },
 {
  "leaf": "solend-owner-checks/insecure",
  "status": "ok",
  "exit_code": 0,
  "wall_seconds": 80.45,
  "files_seen": 1,
  "findings": 12
 },
 {
  "leaf": "solend-owner-checks/secure",
  "status": "ok",
  "exit_code": 0,
  "wall_seconds": 79.52,
  "files_seen": 1,
  "findings": 12
 },
 {
  "leaf": "solido-anker-arbitrary-cpi/insecure",
  "status": "ok",
  "exit_code": 0,
  "wall_seconds": 12.19,
  "files_seen": 1,
  "findings": 6
 },
 {
  "leaf": "solido-anker-arbitrary-cpi/secure",
  "status": "ok",
  "exit_code": 0,
  "wall_seconds": 13.35,
  "files_seen": 1,
  "findings": 5
 },
 {
  "leaf": "solido-deposit-reserve-account/insecure",
  "status": "ok",
  "exit_code": 0,
  "wall_seconds": 20.67,
  "files_seen": 1,
  "findings": 22
 },
 {
  "leaf": "solido-deposit-reserve-account/secure",
  "status": "ok",
  "exit_code": 0,
  "wall_seconds": 20.5,
  "files_seen": 1,
  "findings": 22
 },
 {
  "leaf": "spl-stake-pool-fee-rounding/insecure",
  "status": "ok",
  "exit_code": 0,
  "wall_seconds": 36.61,
  "files_seen": 1,
  "findings": 5
 },
 {
  "leaf": "spl-stake-pool-fee-rounding/secure",
  "status": "ok",
  "exit_code": 0,
  "wall_seconds": 35.04,
  "files_seen": 1,
  "findings": 5
 },
 {
  "leaf": "spl-stake-pool-mint-decimals/insecure",
  "status": "ok",
  "exit_code": 0,
  "wall_seconds": 125.73,
  "files_seen": 1,
  "findings": 36
 },
 {
  "leaf": "spl-stake-pool-mint-decimals/secure",
  "status": "ok",
  "exit_code": 0,
  "wall_seconds": 117.76,
  "files_seen": 1,
  "findings": 36
 },
 {
  "leaf": "spl-token-lending-rounding/insecure",
  "status": "ok",
  "exit_code": 0,
  "wall_seconds": 43.4,
  "files_seen": 1,
  "findings": 2
 },
 {
  "leaf": "spl-token-lending-rounding/secure",
  "status": "ok",
  "exit_code": 0,
  "wall_seconds": 50.06,
  "files_seen": 1,
  "findings": 3
 },
 {
  "leaf": "squads-account-matching/insecure",
  "status": "ok",
  "exit_code": 0,
  "wall_seconds": 17.63,
  "files_seen": 1,
  "findings": 6
 },
 {
  "leaf": "squads-account-matching/secure",
  "status": "ok",
  "exit_code": 0,
  "wall_seconds": 17.47,
  "files_seen": 1,
  "findings": 6
 },
 {
  "leaf": "squads-recursive-execute/insecure",
  "status": "ok",
  "exit_code": 0,
  "wall_seconds": 23.55,
  "files_seen": 1,
  "findings": 7
 },
 {
  "leaf": "squads-recursive-execute/secure",
  "status": "ok",
  "exit_code": 0,
  "wall_seconds": 22.12,
  "files_seen": 1,
  "findings": 7
 },
 {
  "leaf": "squads-signer-auth/insecure",
  "status": "ok",
  "exit_code": 0,
  "wall_seconds": 17.74,
  "files_seen": 1,
  "findings": 6
 },
 {
  "leaf": "squads-signer-auth/secure",
  "status": "ok",
  "exit_code": 0,
  "wall_seconds": 17.44,
  "files_seen": 1,
  "findings": 6
 },
 {
  "leaf": "token-2022-confidential-approve-mint/insecure",
  "status": "ok",
  "exit_code": 0,
  "wall_seconds": 28.57,
  "files_seen": 1,
  "findings": 19
 },
 {
  "leaf": "token-2022-confidential-approve-mint/secure",
  "status": "ok",
  "exit_code": 0,
  "wall_seconds": 26.0,
  "files_seen": 1,
  "findings": 19
 },
 {
  "leaf": "wormhole-sysvar/insecure",
  "status": "ok",
  "exit_code": 0,
  "wall_seconds": 5.65,
  "files_seen": 1,
  "findings": 6
 },
 {
  "leaf": "wormhole-sysvar/secure",
  "status": "ok",
  "exit_code": 0,
  "wall_seconds": 5.43,
  "files_seen": 1,
  "findings": 4
 }
]