COMMAND: radar scan -p /root/scannertruth/raw/radar-c1-2026-09-02-24c56f9/_staged/5-arbitrary-cpi.recommended.pkg -f none -o /root/scannertruth/raw/radar-c1-2026-09-02-24c56f9/5-arbitrary-cpi.recommended/radar.json
EXIT: 0
WALL_SECONDS: 53.07

STDOUT:
[i] Cleaning up previous scan results
[i] Running images.. (if frozen - make sure Docker is available)
[i] Copying folder from radar container to a shared docker volume
[i] Language detected: rust
[i] Framework/Toolchain: Anchor (Solana)
[i] AST successfully generated for folder
[i] Scan initiated for folder
[i] Ran 38 templates
[i] Scanned 1 file (lib.rs)

[ [94mMedium[0m ] Missing Token Mint Constraint found at:
 * /root/scannertruth/raw/radar-c1-2026-09-02-24c56f9/_staged/5-arbitrary-cpi.recommended.pkg/pkg/src/lib.rs:17:13-20


[ [92mLow[0m ] Missing Transfer Amount Validation found at:
 * /root/scannertruth/raw/radar-c1-2026-09-02-24c56f9/_staged/5-arbitrary-cpi.recommended.pkg/pkg/src/lib.rs:11:16-24

[i] radar completed successfully. json results were saved to disk.
[i] Results written to /root/scannertruth/raw/radar-c1-2026-09-02-24c56f9/5-arbitrary-cpi.recommended/radar.json


STDERR:
 Container postgres  Running
 Container radar-rabbitmq-1  Running
 Container radar-api  Running
 Container postgres  Waiting
 Container radar-rabbitmq-1  Waiting
 Container postgres  Healthy
 Container radar-rabbitmq-1  Healthy

