[i] Cleaning up previous scan results
[i] Running images.. (if frozen - make sure Docker is available)
 Container postgres  Running
 Container radar-rabbitmq-1  Running
 Container radar-api  Running
 Container radar-rabbitmq-1  Waiting
 Container postgres  Waiting
 Container postgres  Healthy
 Container radar-rabbitmq-1  Healthy
[i] Copying folder from radar container to a shared docker volume
[i] Language detected: rust
[i] Framework/Toolchain: Anchor (Solana)
[i] AST successfully generated for folder
[i] Scan initiated for folder
[i] Ran 38 templates
[i] Scanned 34 files (constants.rs,errors.rs,lib.rs,add_config_lines.rs,mod.rs,remove_collection.rs,set_collection.rs,set_collection_during_mint.rs,mod.rs,remove_freeze.rs,set_freeze.rs,thaw_nft.rs,unlock_funds.rs,initialize.rs,mint.rs,mod.rs,update.rs,withdraw.rs,state.rs,utils.rs,collection.rs,helpers.rs,master_edition_manager.rs,metadata_manager.rs,mod.rs,freeze.rs,initialize.rs,mint.rs,update.rs,candy_manager.rs,configs.rs,helper_transactions.rs,helpers.rs,mod.rs)

[ [91mHigh[0m ] Unconstrained UncheckedAccount found at 25 locations, see output file for more details.


[ [94mMedium[0m ] Arbitrary Cross-Program Invocation found at:
 * /tmp/c2crates/metaplex-candy-machine/insecure/candy-machine/program/src/processor/collection/remove_collection.rs:33:8-32
 * /tmp/c2crates/metaplex-candy-machine/insecure/candy-machine/program/src/processor/collection/set_collection.rs:43:8-29


[ [94mMedium[0m ] Division Before Multiplication found at:
 * /tmp/c2crates/metaplex-candy-machine/insecure/candy-machine/program/tests/utils/helper_transactions.rs:49:15-16


[ [94mMedium[0m ] Invoke Signed Unvalidated Seeds found at:
 * /tmp/c2crates/metaplex-candy-machine/insecure/candy-machine/program/src/processor/collection/set_collection_during_mint.rs:152:5-18
 * /tmp/c2crates/metaplex-candy-machine/insecure/candy-machine/program/src/processor/freeze/thaw_nft.rs:66:9-22
 * /tmp/c2crates/metaplex-candy-machine/insecure/candy-machine/program/src/processor/mint.rs:598:5-18
 * /tmp/c2crates/metaplex-candy-machine/insecure/candy-machine/program/src/utils.rs:92:18-31
 * /tmp/c2crates/metaplex-candy-machine/insecure/candy-machine/program/src/utils.rs:162:18-31


[ [94mMedium[0m ] Missing Freeze Authority Check found at:
 * /tmp/c2crates/metaplex-candy-machine/insecure/candy-machine/program/src/processor/freeze/thaw_nft.rs:24:5-9


[ [94mMedium[0m ] Missing Token Mint Constraint found at:
 * /tmp/c2crates/metaplex-candy-machine/insecure/candy-machine/program/src/processor/freeze/thaw_nft.rs:21:20-27


[ [94mMedium[0m ] Unchecked Close Target found at:
 * /tmp/c2crates/metaplex-candy-machine/insecure/candy-machine/program/src/processor/freeze/unlock_funds.rs:21:28-34


[ [92mLow[0m ] Account Data Matching found at:
 * /tmp/c2crates/metaplex-candy-machine/insecure/candy-machine/program/tests/core/helpers.rs:49:35-41
 * /tmp/c2crates/metaplex-candy-machine/insecure/candy-machine/program/tests/core/helpers.rs:115:11-17


[ [92mLow[0m ] Random Authority Generation found at:
 * /tmp/c2crates/metaplex-candy-machine/insecure/candy-machine/program/src/utils.rs:290:28-38
 * /tmp/c2crates/metaplex-candy-machine/insecure/candy-machine/program/tests/mint.rs:109:23-33


[ [92mLow[0m ] Type Cosplay found at:
 * /tmp/c2crates/metaplex-candy-machine/insecure/candy-machine/program/tests/utils/candy_manager.rs:634:23-38
 * /tmp/c2crates/metaplex-candy-machine/insecure/candy-machine/program/tests/utils/candy_manager.rs:639:24-39
 * /tmp/c2crates/metaplex-candy-machine/insecure/candy-machine/program/tests/utils/candy_manager.rs:644:20-35
 * /tmp/c2crates/metaplex-candy-machine/insecure/candy-machine/program/tests/utils/helper_transactions.rs:215:23-38


[ [92mLow[0m ] Unchecked Arithmetics found at:
 * /tmp/c2crates/metaplex-candy-machine/insecure/candy-machine/program/src/state.rs:62:16-33
 * /tmp/c2crates/metaplex-candy-machine/insecure/candy-machine/program/tests/core/helpers.rs:18:10-22
 * /tmp/c2crates/metaplex-candy-machine/insecure/candy-machine/program/tests/freeze.rs:30:10-36
 * /tmp/c2crates/metaplex-candy-machine/insecure/candy-machine/program/tests/freeze.rs:141:10-23
 * /tmp/c2crates/metaplex-candy-machine/insecure/candy-machine/program/tests/freeze.rs:315:13-25
 * /tmp/c2crates/metaplex-candy-machine/insecure/candy-machine/program/tests/initialize.rs:97:10-44
 * /tmp/c2crates/metaplex-candy-machine/insecure/candy-machine/program/tests/utils/candy_manager.rs:951:18-44
 * /tmp/c2crates/metaplex-candy-machine/insecure/candy-machine/program/tests/utils/candy_manager.rs:1031:28-32
 * /tmp/c2crates/metaplex-candy-machine/insecure/candy-machine/program/tests/utils/helper_transactions.rs:33:14-38
 * /tmp/c2crates/metaplex-candy-machine/insecure/candy-machine/program/tests/utils/helper_transactions.rs:45:9-27
 * /tmp/c2crates/metaplex-candy-machine/insecure/candy-machine/program/tests/utils/helper_transactions.rs:49:15-16
 * /tmp/c2crates/metaplex-candy-machine/insecure/candy-machine/program/tests/utils/helper_transactions.rs:202:14-34
 * /tmp/c2crates/metaplex-candy-machine/insecure/candy-machine/program/tests/utils/helpers.rs:35:8-11


[ [92mLow[0m ] Unvalidated Sysvar Account found at:
 * /tmp/c2crates/metaplex-candy-machine/insecure/candy-machine/program/src/processor/mint.rs:76:25-41

[i] radar completed successfully. json results were saved to disk.
[i] Results written to /tmp/c2crates-radar/metaplex-candy-machine.insecure.json
