    Updating crates.io index
    Updating git repository `https://github.com/rust-lang/rust-clippy`
 Downloading crates ...
  Downloaded cfg-if v1.0.0
  Downloaded block-buffer v0.10.4
  Downloaded cpufeatures v0.2.17
  Downloaded anyhow v1.0.95
  Downloaded generic-array v0.14.7
  Downloaded tinyvec_macros v0.1.1
  Downloaded bs58 v0.5.1
  Downloaded version_check v0.9.5
  Downloaded if_chain v1.0.2
  Downloaded thiserror-impl v1.0.69
  Downloaded digest v0.10.7
  Downloaded unicode-ident v1.0.16
  Downloaded typenum v1.17.0
  Downloaded serde_derive v1.0.217
  Downloaded serde v1.0.217
  Downloaded unicode-segmentation v1.12.0
  Downloaded memchr v2.7.4
  Downloaded proc-macro2 v1.0.93
  Downloaded serde_json v1.0.138
  Downloaded syn v1.0.109
  Downloaded itertools v0.12.1
  Downloaded anchor-syn v0.30.1
  Downloaded syn v2.0.98
  Downloaded ryu v1.0.19
  Downloaded bitflags v2.8.0
  Downloaded tinyvec v1.8.1
  Downloaded thiserror v1.0.69
  Downloaded smallvec v1.13.2
  Downloaded sha2 v0.10.8
  Downloaded either v1.13.0
  Downloaded quote v1.0.38
  Downloaded crypto-common v0.1.6
  Downloaded arrayvec v0.7.6
  Downloaded heck v0.3.3
  Downloaded itoa v1.0.14
  Downloaded rustc_apfloat v0.2.2+llvm-462a31f5a5ab
   Compiling proc-macro2 v1.0.93
   Compiling unicode-ident v1.0.16
   Compiling typenum v1.17.0
   Compiling version_check v0.9.5
   Compiling serde v1.0.217
   Compiling thiserror v1.0.69
   Compiling syn v1.0.109
   Compiling anyhow v1.0.95
   Compiling serde_json v1.0.138
   Compiling generic-array v0.14.7
   Compiling rustc_apfloat v0.2.2+llvm-462a31f5a5ab
   Compiling unicode-segmentation v1.12.0
   Compiling cfg-if v1.0.0
   Compiling memchr v2.7.4
   Compiling bitflags v2.8.0
   Compiling smallvec v1.13.2
   Compiling cpufeatures v0.2.17
   Compiling itoa v1.0.14
   Compiling ryu v1.0.19
   Compiling either v1.13.0
   Compiling quote v1.0.38
   Compiling itertools v0.12.1
   Compiling syn v2.0.98
   Compiling heck v0.3.3
   Compiling block-buffer v0.10.4
   Compiling crypto-common v0.1.6
   Compiling arrayvec v0.7.6
   Compiling digest v0.10.7
   Compiling bs58 v0.5.1
   Compiling sha2 v0.10.8
   Compiling if_chain v1.0.2
   Compiling serde_derive v1.0.217
   Compiling thiserror-impl v1.0.69
   Compiling anchor-syn v0.30.1
   Compiling clippy_utils v0.1.86 (https://github.com/rust-lang/rust-clippy?rev=19e305bb57a7595f2a8d81f521c0dd8bf854e739#19e305bb)
   Compiling solana-lints v0.1.0 (/src/solana-lints/crate)
    Finished `release` profile [optimized] target(s) in 42.42s
