    Updating crates.io index
     Locking 179 packages to latest compatible versions
      Adding crypto-common v0.1.6 (available: v0.1.7)
      Adding solana-program v1.18.26 (available: v4.1.0)
      Adding zeroize v1.3.0 (available: v1.9.0)
 Downloading crates ...
  Downloaded anyhow v1.0.104
  Downloaded ark-bn254 v0.4.0
  Downloaded ark-ec v0.4.2
  Downloaded ark-ff-asm v0.4.2
  Downloaded ark-serialize v0.4.2
  Downloaded block-buffer v0.9.0
  Downloaded block-buffer v0.10.4
  Downloaded ark-ff-macros v0.4.2
  Downloaded rand_chacha v0.2.2
  Downloaded arrayref v0.3.9
  Downloaded rand_chacha v0.3.1
  Downloaded block-buffer v0.12.1
  Downloaded ark-serialize-derive v0.4.2
  Downloaded feature-probe v0.1.1
  Downloaded proc-macro-crate v0.1.5
  Downloaded crypto-mac v0.8.0
  Downloaded equivalent v1.0.2
  Downloaded crypto-common v0.1.6
  Downloaded borsh-schema-derive-internal v0.10.4
  Downloaded libsecp256k1-gen-ecmult v0.2.1
  Downloaded rand_core v0.5.1
  Downloaded borsh-derive v0.10.4
  Downloaded borsh-schema-derive-internal v0.9.3
  Downloaded digest v0.9.0
  Downloaded hmac-drbg v0.3.0
  Downloaded keccak v0.1.6
  Downloaded libsecp256k1-gen-genmult v0.2.1
  Downloaded memoffset v0.9.1
  Downloaded opaque-debug v0.3.1
  Downloaded cpufeatures v0.2.17
  Downloaded itoa v1.0.18
  Downloaded rand_core v0.6.4
  Downloaded cfg-if v1.0.4
  Downloaded cfg_aliases v0.2.2
  Downloaded cpufeatures v0.3.1
  Downloaded crunchy v0.2.4
  Downloaded hmac v0.8.1
  Downloaded num-derive v0.4.2
  Downloaded pbkdf2 v0.4.0
  Downloaded autocfg v1.5.1
  Downloaded bitmaps v2.1.0
  Downloaded borsh-derive-internal v0.9.3
  Downloaded borsh-derive-internal v0.10.4
  Downloaded lazy_static v1.5.0
  Downloaded ahash v0.7.8
  Downloaded ark-std v0.4.0
  Downloaded ahash v0.8.12
  Downloaded borsh-derive v0.9.3
  Downloaded crypto-common v0.2.2
  Downloaded digest v0.11.3
  Downloaded num-integer v0.1.47
  Downloaded paste v1.0.15
  Downloaded borsh v0.9.3
  Downloaded borsh v0.10.4
  Downloaded bs58 v0.4.0
  Downloaded bytemuck_derive v1.12.0
  Downloaded cmov v0.5.4
  Downloaded constant_time_eq v0.4.2
  Downloaded crossbeam-deque v0.8.7
  Downloaded ctutils v0.4.2
  Downloaded either v1.18.0
  Downloaded find-msvc-tools v0.1.11
  Downloaded generic-array v0.14.9
  Downloaded jobserver v0.1.35
  Downloaded libsecp256k1 v0.6.0
  Downloaded libsecp256k1-core v0.2.2
  Downloaded memmap2 v0.5.10
  Downloaded ppv-lite86 v0.2.21
  Downloaded proc-macro-crate v3.5.0
  Downloaded wasm-bindgen-shared v0.2.127
  Downloaded arrayvec v0.7.8
  Downloaded bincode v1.3.3
  Downloaded borsh-derive v1.8.1
  Downloaded bv v0.11.1
  Downloaded byteorder v1.5.0
  Downloaded crossbeam-epoch v0.9.20
  Downloaded crossbeam-utils v0.8.22
  Downloaded digest v0.10.7
  Downloaded getrandom v0.2.17
  Downloaded hybrid-array v0.4.14
  Downloaded once_cell v1.21.4
  Downloaded bitflags v2.13.1
  Downloaded ark-poly v0.4.2
  Downloaded getrandom v0.1.16
  Downloaded base64 v0.12.3
  Downloaded bytemuck v1.25.2
  Downloaded num-traits v0.2.19
  Downloaded bytes v1.12.1
  Downloaded derivative v2.2.0
  Downloaded rand_xoshiro v0.6.0
  Downloaded semver v1.0.28
  Downloaded serde v1.0.229
  Downloaded subtle v2.6.1
  Downloaded tinyvec_macros v0.1.1
  Downloaded ark-ff v0.4.2
  Downloaded base64 v0.21.7
  Downloaded log v0.4.34
  Downloaded num-bigint v0.4.8
  Downloaded rand v0.8.8
  Downloaded borsh v1.8.1
  Downloaded hashbrown v0.11.2
  Downloaded hashbrown v0.13.2
  Downloaded indexmap v2.14.1
  Downloaded memchr v2.8.3
  Downloaded solana-sdk-macro v1.18.26
  Downloaded wasm-bindgen-macro v0.2.127
  Downloaded bumpalo v3.20.3
  Downloaded cc v1.4.4
  Downloaded im v15.1.0
  Downloaded solana-frozen-abi v1.18.26
  Downloaded itertools v0.10.5
  Downloaded hashbrown v0.17.1
  Downloaded rustc-hash v1.1.0
  Downloaded blake3 v1.8.7
  Downloaded rustc_version v0.4.1
  Downloaded light-poseidon v0.2.0
  Downloaded serde_bytes v0.11.19
  Downloaded curve25519-dalek v3.2.1
  Downloaded libc v0.2.189
  Downloaded zeroize_derive v1.5.0
  Downloaded version_check v0.9.5
  Downloaded zeroize v1.3.0
  Downloaded quote v1.0.47
  Downloaded thiserror v1.0.69
  Downloaded rustversion v1.0.23
  Downloaded thiserror-impl v1.0.69
  Downloaded zmij v1.0.23
  Downloaded sha2 v0.9.9
  Downloaded shlex v2.0.1
  Downloaded solana-frozen-abi-macro v1.18.26
  Downloaded sha2 v0.10.9
  Downloaded toml_parser v1.1.3+spec-1.1.0
  Downloaded sized-chunks v0.6.5
  Downloaded toml_datetime v1.1.1+spec-1.1.0
  Downloaded proc-macro2 v1.0.107
  Downloaded serde_derive v1.0.229
  Downloaded toml v0.5.11
  Downloaded serde_core v1.0.229
  Downloaded unicode-ident v1.0.24
  Downloaded tinyvec v1.12.0
  Downloaded toml_edit v0.25.13+spec-1.1.0
  Downloaded wasm-bindgen v0.2.127
  Downloaded rayon-core v1.13.0
  Downloaded wasm-bindgen-macro-support v0.2.127
  Downloaded tiny-bip39 v0.8.2
  Downloaded typenum v1.20.1
  Downloaded rand v0.7.3
  Downloaded unicode-normalization v0.1.25
  Downloaded serde_json v1.0.151
  Downloaded rayon v1.12.0
  Downloaded winnow v1.0.4
  Downloaded solana-program v1.18.26
  Downloaded syn v1.0.109
  Downloaded syn v2.0.119
  Downloaded zerocopy v0.8.56
  Downloaded syn v3.0.4
  Downloaded sha3 v0.10.9
   Compiling unicode-ident v1.0.24
   Compiling proc-macro2 v1.0.107
   Compiling quote v1.0.47
   Compiling serde_core v1.0.229
   Compiling version_check v0.9.5
   Compiling serde v1.0.229
   Compiling libc v0.2.189
    Checking typenum v1.20.1
    Checking cfg-if v1.0.4
   Compiling syn v1.0.109
   Compiling zerocopy v0.8.56
   Compiling generic-array v0.14.9
   Compiling autocfg v1.5.1
    Checking once_cell v1.21.4
   Compiling crunchy v0.2.4
   Compiling num-traits v0.2.19
    Checking subtle v2.6.1
    Checking either v1.18.0
   Compiling semver v1.0.28
   Compiling ahash v0.8.12
   Compiling syn v3.0.4
   Compiling syn v2.0.119
   Compiling rustc_version v0.4.1
    Checking getrandom v0.2.17
    Checking rand_core v0.6.4
   Compiling crossbeam-utils v0.8.22
   Compiling getrandom v0.1.16
   Compiling num-integer v0.1.47
   Compiling paste v1.0.15
   Compiling crossbeam-epoch v0.9.20
   Compiling wasm-bindgen-shared v0.2.127
   Compiling num-bigint v0.4.8
   Compiling crossbeam-deque v0.8.7
   Compiling find-msvc-tools v0.1.11
   Compiling jobserver v0.1.35
    Checking ppv-lite86 v0.2.21
   Compiling shlex v2.0.1
   Compiling rustversion v1.0.23
   Compiling cc v1.4.4
    Checking hashbrown v0.13.2
    Checking rand_chacha v0.3.1
    Checking rand_core v0.5.1
    Checking itertools v0.10.5
    Checking rand v0.8.8
   Compiling winnow v1.0.4
   Compiling thiserror v1.0.69
    Checking cpufeatures v0.2.17
   Compiling hashbrown v0.17.1
    Checking ark-std v0.4.0
   Compiling serde_derive v1.0.229
   Compiling equivalent v1.0.2
   Compiling rayon-core v1.13.0
   Compiling toml_parser v1.1.3+spec-1.1.0
   Compiling indexmap v2.14.1
    Checking hybrid-array v0.4.14
   Compiling ahash v0.7.8
   Compiling feature-probe v0.1.1
   Compiling toml_datetime v1.1.1+spec-1.1.0
   Compiling bv v0.11.1
    Checking rand_chacha v0.2.2
   Compiling ark-serialize-derive v0.4.2
   Compiling ark-ff-macros v0.4.2
   Compiling ark-ff-asm v0.4.2
   Compiling derivative v2.2.0
   Compiling toml_edit v0.25.13+spec-1.1.0
   Compiling solana-frozen-abi-macro v1.18.26
    Checking bitmaps v2.1.0
   Compiling im v15.1.0
    Checking opaque-debug v0.3.1
   Compiling bumpalo v3.20.3
    Checking tinyvec_macros v0.1.1
   Compiling cfg_aliases v0.2.2
   Compiling zeroize_derive v1.5.0
   Compiling thiserror-impl v1.0.69
   Compiling zmij v1.0.23
    Checking cmov v0.5.4
   Compiling anyhow v1.0.104
    Checking ctutils v0.4.2
    Checking sized-chunks v0.6.5
   Compiling proc-macro-crate v3.5.0
    Checking zeroize v1.3.0
   Compiling borsh v1.8.1
   Compiling wasm-bindgen-macro-support v0.2.127
    Checking tinyvec v1.12.0
    Checking rayon v1.12.0
    Checking rand v0.7.3
   Compiling wasm-bindgen v0.2.127
    Checking crypto-common v0.2.2
    Checking block-buffer v0.12.1
   Compiling blake3 v1.8.7
   Compiling borsh-schema-derive-internal v0.10.4
   Compiling borsh-derive-internal v0.9.3
   Compiling borsh-schema-derive-internal v0.9.3
   Compiling borsh-derive-internal v0.10.4
    Checking rand_xoshiro v0.6.0
   Compiling solana-frozen-abi v1.18.26
   Compiling memoffset v0.9.1
   Compiling serde_json v1.0.151
    Checking digest v0.11.3
    Checking hashbrown v0.11.2
   Compiling borsh-derive v1.8.1
   Compiling toml v0.5.11
    Checking crypto-common v0.1.6
    Checking block-buffer v0.10.4
    Checking digest v0.9.0
    Checking digest v0.10.7
    Checking crypto-mac v0.8.0
    Checking block-buffer v0.9.0
    Checking ark-serialize v0.4.2
    Checking sha2 v0.10.9
    Checking sha2 v0.9.9
    Checking hmac v0.8.1
   Compiling libsecp256k1-core v0.2.2
    Checking hmac-drbg v0.3.0
    Checking pbkdf2 v0.4.0
    Checking ark-ff v0.4.2
   Compiling proc-macro-crate v0.1.5
   Compiling libsecp256k1-gen-genmult v0.2.1
   Compiling libsecp256k1-gen-ecmult v0.2.1
   Compiling borsh-derive v0.10.4
   Compiling borsh-derive v0.9.3
   Compiling libsecp256k1 v0.6.0
    Checking unicode-normalization v0.1.25
   Compiling solana-program v1.18.26
   Compiling bytemuck_derive v1.12.0
    Checking serde_bytes v0.11.19
    Checking memmap2 v0.5.10
    Checking memchr v2.8.3
    Checking arrayvec v0.7.8
    Checking keccak v0.1.6
    Checking cpufeatures v0.3.1
    Checking base64 v0.12.3
    Checking log v0.4.34
    Checking byteorder v1.5.0
    Checking arrayref v0.3.9
   Compiling bs58 v0.4.0
    Checking rustc-hash v1.1.0
    Checking constant_time_eq v0.4.2
    Checking itoa v1.0.18
    Checking lazy_static v1.5.0
   Compiling solana-sdk-macro v1.18.26
    Checking tiny-bip39 v0.8.2
   Compiling wasm-bindgen-macro v0.2.127
    Checking curve25519-dalek v3.2.1
    Checking sha3 v0.10.9
    Checking bytemuck v1.25.2
    Checking borsh v0.10.4
    Checking borsh v0.9.3
    Checking bincode v1.3.3
   Compiling num-derive v0.4.2
    Checking bitflags v2.13.1
    Checking base64 v0.21.7
    Checking ark-poly v0.4.2
    Checking ark-ec v0.4.2
    Checking ark-bn254 v0.4.0
    Checking light-poseidon v0.2.0
    Checking squads-signer-auth v0.1.0 (/work)
error[E0583]: file not found for module `state`
 --> src/lib.rs:4:1
  |
4 | pub mod state;
  | ^^^^^^^^^^^^^^
  |
  = help: to create the module `state`, create file "src/state.rs" or "src/state/mod.rs"
  = note: if there is a `mod state` elsewhere in the crate already, import it with `use crate::...` instead

error[E0583]: file not found for module `errors`
 --> src/lib.rs:7:1
  |
7 | pub mod errors;
  | ^^^^^^^^^^^^^^^
  |
  = help: to create the module `errors`, create file "src/errors.rs" or "src/errors/mod.rs"
  = note: if there is a `mod errors` elsewhere in the crate already, import it with `use crate::...` instead

error[E0433]: cannot find module or crate `anchor_lang` in this scope
 --> src/lib.rs:1:5
  |
1 | use anchor_lang::{prelude::*, solana_program::instruction::Instruction};
  |     ^^^^^^^^^^^ use of unresolved module or unlinked crate `anchor_lang`
  |
  = help: if you wanted to use a crate named `anchor_lang`, use `cargo add anchor_lang` to add it to your `Cargo.toml`

error[E0433]: cannot find module or crate `anchor_lang` in this scope
  --> src/lib.rs:16:9
   |
16 |     use anchor_lang::solana_program::{program::{invoke_signed, invoke}, system_instruction::transfer};
   |         ^^^^^^^^^^^ use of unresolved module or unlinked crate `anchor_lang`
   |
   = help: if you wanted to use a crate named `anchor_lang`, use `cargo add anchor_lang` to add it to your `Cargo.toml`

error: cannot find derive macro `Accounts` in this scope
   --> src/lib.rs:623:10
    |
623 | #[derive(Accounts)]
    |          ^^^^^^^^

error: cannot find attribute `account` in this scope
   --> src/lib.rs:625:7
    |
625 |     #[account(mut)]
    |       ^^^^^^^

error: cannot find attribute `account` in this scope
   --> src/lib.rs:627:7
    |
627 |     #[account(
    |       ^^^^^^^

error: cannot find attribute `account` in this scope
   --> src/lib.rs:637:7
    |
637 |     #[account(mut)]
    |       ^^^^^^^

error: cannot find derive macro `Accounts` in this scope
   --> src/lib.rs:607:10
    |
607 | #[derive(Accounts)]
    |          ^^^^^^^^

error: cannot find attribute `account` in this scope
   --> src/lib.rs:609:7
    |
609 |     #[account(mut)]
    |       ^^^^^^^

error: cannot find attribute `account` in this scope
   --> src/lib.rs:611:7
    |
611 |     #[account(
    |       ^^^^^^^

error: cannot find derive macro `Accounts` in this scope
   --> src/lib.rs:575:10
    |
575 | #[derive(Accounts)]
    |          ^^^^^^^^

error: cannot find attribute `account` in this scope
   --> src/lib.rs:577:7
    |
577 |     #[account(
    |       ^^^^^^^

error: cannot find attribute `account` in this scope
   --> src/lib.rs:588:7
    |
588 |     #[account(
    |       ^^^^^^^

error: cannot find attribute `account` in this scope
   --> src/lib.rs:602:7
    |
602 |     #[account(mut)]
    |       ^^^^^^^

error: cannot find derive macro `Accounts` in this scope
   --> src/lib.rs:541:10
    |
541 | #[derive(Accounts)]
    |          ^^^^^^^^

error: cannot find attribute `account` in this scope
   --> src/lib.rs:543:7
    |
543 |     #[account(
    |       ^^^^^^^

error: cannot find attribute `account` in this scope
   --> src/lib.rs:554:7
    |
554 |     #[account(
    |       ^^^^^^^

error: cannot find attribute `account` in this scope
   --> src/lib.rs:570:7
    |
570 |     #[account(mut)]
    |       ^^^^^^^

error: cannot find derive macro `Accounts` in this scope
   --> src/lib.rs:509:10
    |
509 | #[derive(Accounts)]
    |          ^^^^^^^^

error: cannot find attribute `account` in this scope
   --> src/lib.rs:511:7
    |
511 |     #[account(
    |       ^^^^^^^

error: cannot find attribute `account` in this scope
   --> src/lib.rs:521:7
    |
521 |     #[account(
    |       ^^^^^^^

error: cannot find attribute `account` in this scope
   --> src/lib.rs:536:7
    |
536 |     #[account(mut)]
    |       ^^^^^^^

error: cannot find derive macro `Accounts` in this scope
   --> src/lib.rs:477:10
    |
477 | #[derive(Accounts)]
    |          ^^^^^^^^

error: cannot find attribute `account` in this scope
   --> src/lib.rs:479:7
    |
479 |     #[account(
    |       ^^^^^^^

error: cannot find attribute `account` in this scope
   --> src/lib.rs:489:7
    |
489 |     #[account(
    |       ^^^^^^^

error: cannot find attribute `account` in this scope
   --> src/lib.rs:504:7
    |
504 |     #[account(mut)]
    |       ^^^^^^^

error: cannot find derive macro `Accounts` in this scope
   --> src/lib.rs:444:10
    |
444 | #[derive(Accounts)]
    |          ^^^^^^^^

error: cannot find attribute `account` in this scope
   --> src/lib.rs:446:7
    |
446 |     #[account(
    |       ^^^^^^^

error: cannot find attribute `account` in this scope
   --> src/lib.rs:456:7
    |
456 |     #[account(
    |       ^^^^^^^

error: cannot find attribute `account` in this scope
   --> src/lib.rs:472:7
    |
472 |     #[account(mut)]
    |       ^^^^^^^

error: cannot find derive macro `Accounts` in this scope
   --> src/lib.rs:399:10
    |
399 | #[derive(Accounts)]
    |          ^^^^^^^^

error: cannot find attribute `account` in this scope
   --> src/lib.rs:401:7
    |
401 |     #[account(
    |       ^^^^^^^

error: cannot find attribute `account` in this scope
   --> src/lib.rs:412:7
    |
412 |     #[account(
    |       ^^^^^^^

error: cannot find attribute `account` in this scope
   --> src/lib.rs:426:7
    |
426 |     #[account(
    |       ^^^^^^^

error: cannot find attribute `account` in this scope
   --> src/lib.rs:439:7
    |
439 |     #[account(mut)]
    |       ^^^^^^^

error: cannot find derive macro `Accounts` in this scope
   --> src/lib.rs:367:10
    |
367 | #[derive(Accounts)]
    |          ^^^^^^^^

error: cannot find attribute `account` in this scope
   --> src/lib.rs:369:7
    |
369 |     #[account(
    |       ^^^^^^^

error: cannot find attribute `account` in this scope
   --> src/lib.rs:381:7
    |
381 |     #[account(
    |       ^^^^^^^

error: cannot find attribute `account` in this scope
   --> src/lib.rs:394:7
    |
394 |     #[account(mut)]
    |       ^^^^^^^

error: cannot find derive macro `Accounts` in this scope
   --> src/lib.rs:352:10
    |
352 | #[derive(Accounts)]
    |          ^^^^^^^^

error: cannot find attribute `account` in this scope
   --> src/lib.rs:354:7
    |
354 |     #[account(
    |       ^^^^^^^

error: cannot find attribute `account` in this scope
   --> src/lib.rs:362:7
    |
362 |     #[account(mut)]
    |       ^^^^^^^

error: cannot find attribute `program` in this scope
  --> src/lib.rs:11:3
   |
11 | #[program]
   |   ^^^^^^^

error: cannot find macro `err` in this scope
  --> src/lib.rs:23:20
   |
23 |             return err!(MsError::MaxMembersReached);
   |                    ^^^

error: cannot find macro `err` in this scope
  --> src/lib.rs:27:20
   |
27 |             return err!(MsError::InvalidThreshold);
   |                    ^^^

error: cannot find macro `err` in this scope
  --> src/lib.rs:40:20
   |
40 |             return err!(MsError::MaxMembersReached);
   |                    ^^^

error: cannot find macro `err` in this scope
  --> src/lib.rs:73:20
   |
73 |             return err!(MsError::CannotRemoveSoloMember);
   |                    ^^^

error: cannot find macro `err` in this scope
   --> src/lib.rs:118:20
    |
118 |             return err!(MsError::InvalidThreshold);
    |                    ^^^

error: cannot find macro `err` in this scope
   --> src/lib.rs:134:20
    |
134 |             return err!(MsError::InvalidThreshold);
    |                    ^^^

error: cannot find macro `msg` in this scope
   --> src/lib.rs:149:9
    |
149 |         msg!("TX PDA: {:?}", ctx.accounts.transaction.key());
    |         ^^^

error: cannot find macro `err` in this scope
   --> src/lib.rs:280:24
    |
280 |                 return err!(MsError::InvalidInstructionAccount);
    |                        ^^^

error: cannot find macro `err` in this scope
   --> src/lib.rs:297:24
    |
297 |                 return err!(MsError::InvalidInstructionAccount);
    |                        ^^^

error: cannot find macro `err` in this scope
   --> src/lib.rs:302:24
    |
302 |                 return err!(MsError::InvalidInstructionAccount);
    |                        ^^^

error: cannot find macro `err` in this scope
   --> src/lib.rs:313:28
    |
313 |                     return err!(MsError::InvalidInstructionAccount);
    |                            ^^^

error: cannot find macro `err` in this scope
   --> src/lib.rs:317:28
    |
317 |                     return err!(MsError::InvalidInstructionAccount);
    |                            ^^^

error: cannot find macro `declare_id` in this scope
 --> src/lib.rs:9:1
  |
9 | declare_id!("8zTaQtMiBELrRZeB4jU8bVNLpbhUoLVBjokiqxhVfyWM");
  | ^^^^^^^^^^

error[E0425]: cannot find type `Context` in this scope
  --> src/lib.rs:19:24
   |
19 |     pub fn create(ctx: Context<Create>, threshold:u16, members: Vec<Pubkey>) -> Result<()> {
   |                        ^^^^^^^ not found in this scope
   |
help: consider importing this struct
   |
14 +     use std::task::Context;
   |

error[E0425]: cannot find type `Pubkey` in this scope
  --> src/lib.rs:19:69
   |
19 |     pub fn create(ctx: Context<Create>, threshold:u16, members: Vec<Pubkey>) -> Result<()> {
   |                                                                     ^^^^^^ not found in this scope
   |
help: you might be missing a type parameter
   |
19 |     pub fn create<Pubkey>(ctx: Context<Create>, threshold:u16, members: Vec<Pubkey>) -> Result<()> {
   |                  ++++++++

error[E0425]: cannot find type `Context` in this scope
  --> src/lib.rs:38:28
   |
38 |     pub fn add_member(ctx: Context<MsAuthRealloc>, new_member: Pubkey) -> Result<()> {
   |                            ^^^^^^^ not found in this scope
   |
help: consider importing this struct
   |
14 +     use std::task::Context;
   |

error[E0425]: cannot find type `Pubkey` in this scope
  --> src/lib.rs:38:64
   |
38 |     pub fn add_member(ctx: Context<MsAuthRealloc>, new_member: Pubkey) -> Result<()> {
   |                                                                ^^^^^^ not found in this scope

error[E0425]: cannot find type `Context` in this scope
  --> src/lib.rs:70:31
   |
70 |     pub fn remove_member(ctx: Context<MsAuth>, old_member: Pubkey) -> Result<()> {
   |                               ^^^^^^^ not found in this scope
   |
help: consider importing this struct
   |
14 +     use std::task::Context;
   |

error[E0425]: cannot find type `Pubkey` in this scope
  --> src/lib.rs:70:60
   |
70 |     pub fn remove_member(ctx: Context<MsAuth>, old_member: Pubkey) -> Result<()> {
   |                                                            ^^^^^^ not found in this scope

error[E0425]: cannot find type `Context` in this scope
  --> src/lib.rs:86:14
   |
86 |         ctx: Context<'_,'_,'_,'info, MsAuth<'info>>, old_member: Pubkey, new_threshold: u16
   |              ^^^^^^^ not found in this scope
   |
help: consider importing this struct
   |
14 +     use std::task::Context;
   |

error[E0425]: cannot find type `Pubkey` in this scope
  --> src/lib.rs:86:66
   |
86 |         ctx: Context<'_,'_,'_,'info, MsAuth<'info>>, old_member: Pubkey, new_threshold: u16
   |                                                                  ^^^^^^ not found in this scope

error[E0433]: cannot find type `Context` in this scope
  --> src/lib.rs:89:13
   |
89 |             Context::new(
   |             ^^^^^^^ use of undeclared type `Context`
   |
help: consider importing this struct
   |
14 +     use std::task::Context;
   |

error[E0425]: cannot find type `Context` in this scope
   --> src/lib.rs:100:14
    |
100 |         ctx: Context<'_,'_,'_,'info, MsAuthRealloc<'info>>, new_member: Pubkey, new_threshold: u16
    |              ^^^^^^^ not found in this scope
    |
help: consider importing this struct
    |
 14 +     use std::task::Context;
    |

error[E0425]: cannot find type `Pubkey` in this scope
   --> src/lib.rs:100:73
    |
100 |         ctx: Context<'_,'_,'_,'info, MsAuthRealloc<'info>>, new_member: Pubkey, new_threshold: u16
    |                                                                         ^^^^^^ not found in this scope

error[E0433]: cannot find type `Context` in this scope
   --> src/lib.rs:104:13
    |
104 |             Context::new(
    |             ^^^^^^^ use of undeclared type `Context`
    |
help: consider importing this struct
    |
 14 +     use std::task::Context;
    |

error[E0425]: cannot find type `Context` in this scope
   --> src/lib.rs:127:34
    |
127 |     pub fn change_threshold(ctx: Context<MsAuth>, new_threshold: u16) -> Result<()> {
    |                                  ^^^^^^^ not found in this scope
    |
help: consider importing this struct
    |
 14 +     use std::task::Context;
    |

error[E0425]: cannot find type `Context` in this scope
   --> src/lib.rs:144:31
    |
144 |     pub fn add_authority(ctx: Context<MsAuth>) -> Result<()> {
    |                               ^^^^^^^ not found in this scope
    |
help: consider importing this struct
    |
 14 +     use std::task::Context;
    |

error[E0425]: cannot find type `Context` in this scope
   --> src/lib.rs:148:36
    |
148 |     pub fn create_transaction(ctx: Context<CreateTransaction>, authority_index: u32) -> Result<()> {
    |                                    ^^^^^^^ not found in this scope
    |
help: consider importing this struct
    |
 14 +     use std::task::Context;
    |

error[E0425]: cannot find type `Context` in this scope
   --> src/lib.rs:179:38
    |
179 |     pub fn activate_transaction(ctx: Context<ActivateTransaction>) -> Result<()> {
    |                                      ^^^^^^^ not found in this scope
    |
help: consider importing this struct
    |
 14 +     use std::task::Context;
    |

error[E0425]: cannot find type `Context` in this scope
   --> src/lib.rs:183:33
    |
183 |     pub fn add_instruction(ctx: Context<AddInstruction>, incoming_instruction: IncomingInstruction) -> Result<()> {
    |                                 ^^^^^^^ not found in this scope
    |
help: consider importing this struct
    |
 14 +     use std::task::Context;
    |

error[E0425]: cannot find type `IncomingInstruction` in this scope
   --> src/lib.rs:183:80
    |
183 |     pub fn add_instruction(ctx: Context<AddInstruction>, incoming_instruction: IncomingInstruction) -> Result<()> {
    |                                                                                ^^^^^^^^^^^^^^^^^^^ not found in this scope

error[E0425]: cannot find type `Context` in this scope
   --> src/lib.rs:194:37
    |
194 |     pub fn approve_transaction(ctx: Context<ApproveTransaction>) -> Result<()> {
    |                                     ^^^^^^^ not found in this scope
    |
help: consider importing this struct
    |
 14 +     use std::task::Context;
    |

error[E0425]: cannot find type `Context` in this scope
   --> src/lib.rs:209:36
    |
209 |     pub fn reject_transaction(ctx: Context<RejectTransaction>) -> Result<()> {
    |                                    ^^^^^^^ not found in this scope
    |
help: consider importing this struct
    |
 14 +     use std::task::Context;
    |

error[E0425]: cannot find type `Context` in this scope
   --> src/lib.rs:226:36
    |
226 |     pub fn cancel_transaction(ctx: Context<CancelTransaction>) -> Result<()> {
    |                                    ^^^^^^^ not found in this scope
    |
help: consider importing this struct
    |
 14 +     use std::task::Context;
    |

error[E0425]: cannot find type `Context` in this scope
   --> src/lib.rs:237:44
    |
237 |     pub fn execute_transaction<'info>(ctx: Context<'_,'_,'_,'info,ExecuteTransaction<'info>>, account_list: Vec<u8>) -> Result<()> {
    |                                            ^^^^^^^ not found in this scope
    |
help: consider importing this struct
    |
 14 +     use std::task::Context;
    |

error[E0425]: cannot find type `AccountInfo` in this scope
   --> src/lib.rs:265:44
    |
265 |         let mapped_remaining_accounts: Vec<AccountInfo>= account_list.iter().map(|&i| {
    |                                            ^^^^^^^^^^^ not found in this scope
    |
help: you might be missing a type parameter
    |
237 |     pub fn execute_transaction<'info, AccountInfo>(ctx: Context<'_,'_,'_,'info,ExecuteTransaction<'info>>, account_list: Vec<u8>) -> Result<()> {
    |                                     +++++++++++++

error[E0425]: cannot find type `AccountInfo` in this scope
   --> src/lib.rs:277:33
    |
277 |             let ms_ix_account: &AccountInfo = next_account_info(ix_iter)?;
    |                                 ^^^^^^^^^^^ not found in this scope

error[E0425]: cannot find type `MsInstruction` in this scope
   --> src/lib.rs:285:24
    |
285 |             let ms_ix: MsInstruction = MsInstruction::try_deserialize(&mut ix_account_data)?;
    |                        ^^^^^^^^^^^^^
...
400 | pub struct AddInstruction<'info> {
    | -------------------------------- similarly named struct `AddInstruction` defined here
    |
help: a struct with a similar name exists
    |
285 -             let ms_ix: MsInstruction = MsInstruction::try_deserialize(&mut ix_account_data)?;
285 +             let ms_ix: AddInstruction = MsInstruction::try_deserialize(&mut ix_account_data)?;
    |

error[E0425]: cannot find type `AccountInfo` in this scope
   --> src/lib.rs:300:35
    |
300 |             let ix_program_info: &AccountInfo = next_account_info(ix_iter)?;
    |                                   ^^^^^^^^^^^ not found in this scope

error[E0425]: cannot find type `AccountInfo` in this scope
   --> src/lib.rs:305:43
    |
305 |             let mut ix_account_infos: Vec<AccountInfo> = Vec::<AccountInfo>::new();
    |                                           ^^^^^^^^^^^ not found in this scope
    |
help: you might be missing a type parameter
    |
237 |     pub fn execute_transaction<'info, AccountInfo>(ctx: Context<'_,'_,'_,'info,ExecuteTransaction<'info>>, account_list: Vec<u8>) -> Result<()> {
    |                                     +++++++++++++

error[E0425]: cannot find type `AccountInfo` in this scope
   --> src/lib.rs:305:64
    |
305 |             let mut ix_account_infos: Vec<AccountInfo> = Vec::<AccountInfo>::new();
    |                                                                ^^^^^^^^^^^ not found in this scope
    |
help: you might be missing a type parameter
    |
237 |     pub fn execute_transaction<'info, AccountInfo>(ctx: Context<'_,'_,'_,'info,ExecuteTransaction<'info>>, account_list: Vec<u8>) -> Result<()> {
    |                                     +++++++++++++

error[E0425]: cannot find type `Account` in this scope
   --> src/lib.rs:360:19
    |
360 |     pub multisig: Account<'info, Ms>,
    |                   ^^^^^^^ not found in this scope

error[E0425]: cannot find type `Ms` in this scope
   --> src/lib.rs:360:34
    |
360 |     pub multisig: Account<'info, Ms>,
    |                                  ^^ not found in this scope
    |
help: you might be missing a type parameter
    |
353 | pub struct Create<'info, Ms> {
    |                        ++++

error[E0425]: cannot find type `Signer` in this scope
   --> src/lib.rs:363:18
    |
363 |     pub creator: Signer<'info>,
    |                  ^^^^^^ not found in this scope

error[E0425]: cannot find type `Program` in this scope
   --> src/lib.rs:364:25
    |
364 |     pub system_program: Program<'info, System>
    |                         ^^^^^^^ not found in this scope

error[E0425]: cannot find type `System` in this scope
   --> src/lib.rs:364:40
    |
364 |     pub system_program: Program<'info, System>
    |                                        ^^^^^^ not found in this scope
    |
help: consider importing this struct
    |
  1 + use std::alloc::System;
    |

error[E0425]: cannot find type `Account` in this scope
   --> src/lib.rs:379:19
    |
379 |     pub multisig: Account<'info, Ms>,
    |                   ^^^^^^^ not found in this scope

error[E0425]: cannot find type `Ms` in this scope
   --> src/lib.rs:379:34
    |
379 |     pub multisig: Account<'info, Ms>,
    |                                  ^^ not found in this scope
    |
help: you might be missing a type parameter
    |
368 | pub struct CreateTransaction<'info, Ms> {
    |                                   ++++

error[E0425]: cannot find type `Account` in this scope
   --> src/lib.rs:392:22
    |
392 |     pub transaction: Account<'info, MsTransaction>,
    |                      ^^^^^^^ not found in this scope

error[E0425]: cannot find type `MsTransaction` in this scope
   --> src/lib.rs:392:37
    |
392 |     pub transaction: Account<'info, MsTransaction>,
    |                                     ^^^^^^^^^^^^^ not found in this scope
    |
help: you might be missing a type parameter
    |
368 | pub struct CreateTransaction<'info, MsTransaction> {
    |                                   +++++++++++++++

error[E0425]: cannot find type `Signer` in this scope
   --> src/lib.rs:395:18
    |
395 |     pub creator: Signer<'info>,
    |                  ^^^^^^ not found in this scope

error[E0425]: cannot find type `Program` in this scope
   --> src/lib.rs:396:25
    |
396 |     pub system_program: Program<'info, System>
    |                         ^^^^^^^ not found in this scope

error[E0425]: cannot find type `System` in this scope
   --> src/lib.rs:396:40
    |
396 |     pub system_program: Program<'info, System>
    |                                        ^^^^^^ not found in this scope
    |
help: consider importing this struct
    |
  1 + use std::alloc::System;
    |

error[E0425]: cannot find type `Account` in this scope
   --> src/lib.rs:410:19
    |
410 |     pub multisig: Account<'info, Ms>,
    |                   ^^^^^^^ not found in this scope

error[E0425]: cannot find type `Ms` in this scope
   --> src/lib.rs:410:34
    |
410 |     pub multisig: Account<'info, Ms>,
    |                                  ^^ not found in this scope
    |
help: you might be missing a type parameter
    |
400 | pub struct AddInstruction<'info, Ms> {
    |                                ++++

error[E0425]: cannot find type `Account` in this scope
   --> src/lib.rs:424:22
    |
424 |     pub transaction: Account<'info, MsTransaction>,
    |                      ^^^^^^^ not found in this scope

error[E0425]: cannot find type `MsTransaction` in this scope
   --> src/lib.rs:424:37
    |
424 |     pub transaction: Account<'info, MsTransaction>,
    |                                     ^^^^^^^^^^^^^ not found in this scope
    |
help: you might be missing a type parameter
    |
400 | pub struct AddInstruction<'info, MsTransaction> {
    |                                +++++++++++++++

error[E0425]: cannot find type `Account` in this scope
   --> src/lib.rs:437:22
    |
437 |     pub instruction: Account<'info, MsInstruction>,
    |                      ^^^^^^^ not found in this scope

error[E0425]: cannot find type `MsInstruction` in this scope
   --> src/lib.rs:437:37
    |
437 |     pub instruction: Account<'info, MsInstruction>,
    |                                     ^^^^^^^^^^^^^ not found in this scope
    |
help: you might be missing a type parameter
    |
400 | pub struct AddInstruction<'info, MsInstruction> {
    |                                +++++++++++++++

error[E0425]: cannot find type `Signer` in this scope
   --> src/lib.rs:440:18
    |
440 |     pub creator: Signer<'info>,
    |                  ^^^^^^ not found in this scope

error[E0425]: cannot find type `Program` in this scope
   --> src/lib.rs:441:25
    |
441 |     pub system_program: Program<'info, System>
    |                         ^^^^^^^ not found in this scope

error[E0425]: cannot find type `System` in this scope
   --> src/lib.rs:441:40
    |
441 |     pub system_program: Program<'info, System>
    |                                        ^^^^^^ not found in this scope
    |
help: consider importing this struct
    |
  1 + use std::alloc::System;
    |

error[E0425]: cannot find type `Account` in this scope
   --> src/lib.rs:454:19
    |
454 |     pub multisig: Account<'info, Ms>,
    |                   ^^^^^^^ not found in this scope

error[E0425]: cannot find type `Ms` in this scope
   --> src/lib.rs:454:34
    |
454 |     pub multisig: Account<'info, Ms>,
    |                                  ^^ not found in this scope
    |
help: you might be missing a type parameter
    |
445 | pub struct ActivateTransaction<'info, Ms> {
    |                                     ++++

error[E0425]: cannot find type `Account` in this scope
   --> src/lib.rs:470:22
    |
470 |     pub transaction: Account<'info, MsTransaction>,
    |                      ^^^^^^^ not found in this scope

error[E0425]: cannot find type `MsTransaction` in this scope
   --> src/lib.rs:470:37
    |
470 |     pub transaction: Account<'info, MsTransaction>,
    |                                     ^^^^^^^^^^^^^ not found in this scope
    |
help: you might be missing a type parameter
    |
445 | pub struct ActivateTransaction<'info, MsTransaction> {
    |                                     +++++++++++++++

error[E0425]: cannot find type `Signer` in this scope
   --> src/lib.rs:473:18
    |
473 |     pub creator: Signer<'info>,
    |                  ^^^^^^ not found in this scope

error[E0425]: cannot find type `Program` in this scope
   --> src/lib.rs:474:25
    |
474 |     pub system_program: Program<'info, System>
    |                         ^^^^^^^ not found in this scope

error[E0425]: cannot find type `System` in this scope
   --> src/lib.rs:474:40
    |
474 |     pub system_program: Program<'info, System>
    |                                        ^^^^^^ not found in this scope
    |
help: consider importing this struct
    |
  1 + use std::alloc::System;
    |

error[E0425]: cannot find type `Account` in this scope
   --> src/lib.rs:487:19
    |
487 |     pub multisig: Account<'info, Ms>,
    |                   ^^^^^^^ not found in this scope

error[E0425]: cannot find type `Ms` in this scope
   --> src/lib.rs:487:34
    |
487 |     pub multisig: Account<'info, Ms>,
    |                                  ^^ not found in this scope
    |
help: you might be missing a type parameter
    |
478 | pub struct ApproveTransaction<'info, Ms> {
    |                                    ++++

error[E0425]: cannot find type `Account` in this scope
   --> src/lib.rs:502:22
    |
502 |     pub transaction: Account<'info, MsTransaction>,
    |                      ^^^^^^^ not found in this scope

error[E0425]: cannot find type `MsTransaction` in this scope
   --> src/lib.rs:502:37
    |
502 |     pub transaction: Account<'info, MsTransaction>,
    |                                     ^^^^^^^^^^^^^ not found in this scope
    |
help: you might be missing a type parameter
    |
478 | pub struct ApproveTransaction<'info, MsTransaction> {
    |                                    +++++++++++++++

error[E0425]: cannot find type `Signer` in this scope
   --> src/lib.rs:505:17
    |
505 |     pub member: Signer<'info>,
    |                 ^^^^^^ not found in this scope

error[E0425]: cannot find type `Program` in this scope
   --> src/lib.rs:506:25
    |
506 |     pub system_program: Program<'info, System>
    |                         ^^^^^^^ not found in this scope

error[E0425]: cannot find type `System` in this scope
   --> src/lib.rs:506:40
    |
506 |     pub system_program: Program<'info, System>
    |                                        ^^^^^^ not found in this scope
    |
help: consider importing this struct
    |
  1 + use std::alloc::System;
    |

error[E0425]: cannot find type `Account` in this scope
   --> src/lib.rs:519:19
    |
519 |     pub multisig: Account<'info, Ms>,
    |                   ^^^^^^^ not found in this scope

error[E0425]: cannot find type `Ms` in this scope
   --> src/lib.rs:519:34
    |
519 |     pub multisig: Account<'info, Ms>,
    |                                  ^^ not found in this scope
    |
help: you might be missing a type parameter
    |
510 | pub struct RejectTransaction<'info, Ms> {
    |                                   ++++

error[E0425]: cannot find type `Account` in this scope
   --> src/lib.rs:534:22
    |
534 |     pub transaction: Account<'info, MsTransaction>,
    |                      ^^^^^^^ not found in this scope

error[E0425]: cannot find type `MsTransaction` in this scope
   --> src/lib.rs:534:37
    |
534 |     pub transaction: Account<'info, MsTransaction>,
    |                                     ^^^^^^^^^^^^^ not found in this scope
    |
help: you might be missing a type parameter
    |
510 | pub struct RejectTransaction<'info, MsTransaction> {
    |                                   +++++++++++++++

error[E0425]: cannot find type `Signer` in this scope
   --> src/lib.rs:537:17
    |
537 |     pub member: Signer<'info>,
    |                 ^^^^^^ not found in this scope

error[E0425]: cannot find type `Program` in this scope
   --> src/lib.rs:538:25
    |
538 |     pub system_program: Program<'info, System>
    |                         ^^^^^^^ not found in this scope

error[E0425]: cannot find type `System` in this scope
   --> src/lib.rs:538:40
    |
538 |     pub system_program: Program<'info, System>
    |                                        ^^^^^^ not found in this scope
    |
help: consider importing this struct
    |
  1 + use std::alloc::System;
    |

error[E0425]: cannot find type `Account` in this scope
   --> src/lib.rs:552:19
    |
552 |     pub multisig: Account<'info, Ms>,
    |                   ^^^^^^^ not found in this scope

error[E0425]: cannot find type `Ms` in this scope
   --> src/lib.rs:552:34
    |
552 |     pub multisig: Account<'info, Ms>,
    |                                  ^^ not found in this scope
    |
help: you might be missing a type parameter
    |
542 | pub struct CancelTransaction<'info, Ms> {
    |                                   ++++

error[E0425]: cannot find type `Account` in this scope
   --> src/lib.rs:568:22
    |
568 |     pub transaction: Account<'info, MsTransaction>,
    |                      ^^^^^^^ not found in this scope

error[E0425]: cannot find type `MsTransaction` in this scope
   --> src/lib.rs:568:37
    |
568 |     pub transaction: Account<'info, MsTransaction>,
    |                                     ^^^^^^^^^^^^^ not found in this scope
    |
help: you might be missing a type parameter
    |
542 | pub struct CancelTransaction<'info, MsTransaction> {
    |                                   +++++++++++++++

error[E0425]: cannot find type `Signer` in this scope
   --> src/lib.rs:571:17
    |
571 |     pub member: Signer<'info>,
    |                 ^^^^^^ not found in this scope

error[E0425]: cannot find type `Program` in this scope
   --> src/lib.rs:572:25
    |
572 |     pub system_program: Program<'info, System>
    |                         ^^^^^^^ not found in this scope

error[E0425]: cannot find type `System` in this scope
   --> src/lib.rs:572:40
    |
572 |     pub system_program: Program<'info, System>
    |                                        ^^^^^^ not found in this scope
    |
help: consider importing this struct
    |
  1 + use std::alloc::System;
    |

error[E0425]: cannot find type `Account` in this scope
   --> src/lib.rs:586:23
    |
586 |     pub multisig: Box<Account<'info, Ms>>,
    |                       ^^^^^^^ not found in this scope

error[E0425]: cannot find type `Ms` in this scope
   --> src/lib.rs:586:38
    |
586 |     pub multisig: Box<Account<'info, Ms>>,
    |                                      ^^ not found in this scope
    |
help: you might be missing a type parameter
    |
576 | pub struct ExecuteTransaction<'info, Ms> {
    |                                    ++++

error[E0425]: cannot find type `Account` in this scope
   --> src/lib.rs:600:22
    |
600 |     pub transaction: Account<'info, MsTransaction>,
    |                      ^^^^^^^ not found in this scope

error[E0425]: cannot find type `MsTransaction` in this scope
   --> src/lib.rs:600:37
    |
600 |     pub transaction: Account<'info, MsTransaction>,
    |                                     ^^^^^^^^^^^^^ not found in this scope
    |
help: you might be missing a type parameter
    |
576 | pub struct ExecuteTransaction<'info, MsTransaction> {
    |                                    +++++++++++++++

error[E0425]: cannot find type `Signer` in this scope
   --> src/lib.rs:603:17
    |
603 |     pub member: Signer<'info>,
    |                 ^^^^^^ not found in this scope

error[E0425]: cannot find type `Account` in this scope
   --> src/lib.rs:610:19
    |
610 |     multisig: Box<Account<'info, Ms>>,
    |                   ^^^^^^^ not found in this scope

error[E0425]: cannot find type `Ms` in this scope
   --> src/lib.rs:610:34
    |
610 |     multisig: Box<Account<'info, Ms>>,
    |                                  ^^ not found in this scope
    |
help: you might be missing a type parameter
    |
608 | pub struct MsAuth<'info, Ms> {
    |                        ++++

error[E0425]: cannot find type `Signer` in this scope
   --> src/lib.rs:619:24
    |
619 |     pub multisig_auth: Signer<'info>,
    |                        ^^^^^^ not found in this scope

error[E0425]: cannot find type `Account` in this scope
   --> src/lib.rs:626:19
    |
626 |     multisig: Box<Account<'info, Ms>>,
    |                   ^^^^^^^ not found in this scope

error[E0425]: cannot find type `Ms` in this scope
   --> src/lib.rs:626:34
    |
626 |     multisig: Box<Account<'info, Ms>>,
    |                                  ^^ not found in this scope
    |
help: you might be missing a type parameter
    |
624 | pub struct MsAuthRealloc<'info, Ms> {
    |                               ++++

error[E0425]: cannot find type `Signer` in this scope
   --> src/lib.rs:635:24
    |
635 |     pub multisig_auth: Signer<'info>,
    |                        ^^^^^^ not found in this scope

error[E0425]: cannot find type `Signer` in this scope
   --> src/lib.rs:638:17
    |
638 |     pub member: Signer<'info>,
    |                 ^^^^^^ not found in this scope

error[E0425]: cannot find type `Sysvar` in this scope
   --> src/lib.rs:639:15
    |
639 |     pub rent: Sysvar<'info, Rent>,
    |               ^^^^^^ not found in this scope

error[E0425]: cannot find type `Rent` in this scope
   --> src/lib.rs:639:29
    |
639 |     pub rent: Sysvar<'info, Rent>,
    |                             ^^^^ not found in this scope
    |
help: you might be missing a type parameter
    |
624 | pub struct MsAuthRealloc<'info, Rent> {
    |                               ++++++

error[E0425]: cannot find type `Program` in this scope
   --> src/lib.rs:640:25
    |
640 |     pub system_program: Program<'info, System>
    |                         ^^^^^^^ not found in this scope

error[E0425]: cannot find type `System` in this scope
   --> src/lib.rs:640:40
    |
640 |     pub system_program: Program<'info, System>
    |                                        ^^^^^^ not found in this scope
    |
help: consider importing this struct
    |
  1 + use std::alloc::System;
    |

warning: unused import: `errors::*`
 --> src/lib.rs:6:5
  |
6 | use errors::*;
  |     ^^^^^^^^^
  |
  = note: `#[warn(unused_imports)]` (part of `#[warn(unused)]`) on by default

error[E0107]: enum takes 2 generic arguments but 1 generic argument was supplied
  --> src/lib.rs:19:81
   |
19 |     pub fn create(ctx: Context<Create>, threshold:u16, members: Vec<Pubkey>) -> Result<()> {
   |                                                                                 ^^^^^^ -- supplied 1 generic argument
   |                                                                                 |
   |                                                                                 expected 2 generic arguments
   |
help: add missing generic argument
   |
19 |     pub fn create(ctx: Context<Create>, threshold:u16, members: Vec<Pubkey>) -> Result<(), E> {
   |                                                                                          +++

error[E0107]: enum takes 2 generic arguments but 1 generic argument was supplied
  --> src/lib.rs:38:75
   |
38 |     pub fn add_member(ctx: Context<MsAuthRealloc>, new_member: Pubkey) -> Result<()> {
   |                                                                           ^^^^^^ -- supplied 1 generic argument
   |                                                                           |
   |                                                                           expected 2 generic arguments
   |
help: add missing generic argument
   |
38 |     pub fn add_member(ctx: Context<MsAuthRealloc>, new_member: Pubkey) -> Result<(), E> {
   |                                                                                    +++

error[E0107]: enum takes 2 generic arguments but 1 generic argument was supplied
  --> src/lib.rs:70:71
   |
70 |     pub fn remove_member(ctx: Context<MsAuth>, old_member: Pubkey) -> Result<()> {
   |                                                                       ^^^^^^ -- supplied 1 generic argument
   |                                                                       |
   |                                                                       expected 2 generic arguments
   |
help: add missing generic argument
   |
70 |     pub fn remove_member(ctx: Context<MsAuth>, old_member: Pubkey) -> Result<(), E> {
   |                                                                                +++

error[E0107]: enum takes 2 generic arguments but 1 generic argument was supplied
  --> src/lib.rs:87:10
   |
87 |     ) -> Result<()> {
   |          ^^^^^^ -- supplied 1 generic argument
   |          |
   |          expected 2 generic arguments
   |
help: add missing generic argument
   |
87 |     ) -> Result<(), E> {
   |                   +++

error[E0107]: enum takes 2 generic arguments but 1 generic argument was supplied
   --> src/lib.rs:101:10
    |
101 |     ) -> Result<()> {
    |          ^^^^^^ -- supplied 1 generic argument
    |          |
    |          expected 2 generic arguments
    |
help: add missing generic argument
    |
101 |     ) -> Result<(), E> {
    |                   +++

error[E0107]: enum takes 2 generic arguments but 1 generic argument was supplied
   --> src/lib.rs:127:74
    |
127 |     pub fn change_threshold(ctx: Context<MsAuth>, new_threshold: u16) -> Result<()> {
    |                                                                          ^^^^^^ -- supplied 1 generic argument
    |                                                                          |
    |                                                                          expected 2 generic arguments
    |
help: add missing generic argument
    |
127 |     pub fn change_threshold(ctx: Context<MsAuth>, new_threshold: u16) -> Result<(), E> {
    |                                                                                   +++

error[E0107]: enum takes 2 generic arguments but 1 generic argument was supplied
   --> src/lib.rs:144:51
    |
144 |     pub fn add_authority(ctx: Context<MsAuth>) -> Result<()> {
    |                                                   ^^^^^^ -- supplied 1 generic argument
    |                                                   |
    |                                                   expected 2 generic arguments
    |
help: add missing generic argument
    |
144 |     pub fn add_authority(ctx: Context<MsAuth>) -> Result<(), E> {
    |                                                            +++

error[E0107]: enum takes 2 generic arguments but 1 generic argument was supplied
   --> src/lib.rs:148:89
    |
148 |     pub fn create_transaction(ctx: Context<CreateTransaction>, authority_index: u32) -> Result<()> {
    |                                                                                         ^^^^^^ -- supplied 1 generic argument
    |                                                                                         |
    |                                                                                         expected 2 generic arguments
    |
help: add missing generic argument
    |
148 |     pub fn create_transaction(ctx: Context<CreateTransaction>, authority_index: u32) -> Result<(), E> {
    |                                                                                                  +++

error[E0107]: enum takes 2 generic arguments but 1 generic argument was supplied
   --> src/lib.rs:179:71
    |
179 |     pub fn activate_transaction(ctx: Context<ActivateTransaction>) -> Result<()> {
    |                                                                       ^^^^^^ -- supplied 1 generic argument
    |                                                                       |
    |                                                                       expected 2 generic arguments
    |
help: add missing generic argument
    |
179 |     pub fn activate_transaction(ctx: Context<ActivateTransaction>) -> Result<(), E> {
    |                                                                                +++

error[E0107]: enum takes 2 generic arguments but 1 generic argument was supplied
   --> src/lib.rs:183:104
    |
183 |     pub fn add_instruction(ctx: Context<AddInstruction>, incoming_instruction: IncomingInstruction) -> Result<()> {
    |                                                                                                        ^^^^^^ -- supplied 1 generic argument
    |                                                                                                        |
    |                                                                                                        expected 2 generic arguments
    |
help: add missing generic argument
    |
183 |     pub fn add_instruction(ctx: Context<AddInstruction>, incoming_instruction: IncomingInstruction) -> Result<(), E> {
    |                                                                                                                 +++

error[E0107]: enum takes 2 generic arguments but 1 generic argument was supplied
   --> src/lib.rs:194:69
    |
194 |     pub fn approve_transaction(ctx: Context<ApproveTransaction>) -> Result<()> {
    |                                                                     ^^^^^^ -- supplied 1 generic argument
    |                                                                     |
    |                                                                     expected 2 generic arguments
    |
help: add missing generic argument
    |
194 |     pub fn approve_transaction(ctx: Context<ApproveTransaction>) -> Result<(), E> {
    |                                                                              +++

error[E0107]: enum takes 2 generic arguments but 1 generic argument was supplied
   --> src/lib.rs:209:67
    |
209 |     pub fn reject_transaction(ctx: Context<RejectTransaction>) -> Result<()> {
    |                                                                   ^^^^^^ -- supplied 1 generic argument
    |                                                                   |
    |                                                                   expected 2 generic arguments
    |
help: add missing generic argument
    |
209 |     pub fn reject_transaction(ctx: Context<RejectTransaction>) -> Result<(), E> {
    |                                                                            +++

error[E0107]: enum takes 2 generic arguments but 1 generic argument was supplied
   --> src/lib.rs:226:67
    |
226 |     pub fn cancel_transaction(ctx: Context<CancelTransaction>) -> Result<()> {
    |                                                                   ^^^^^^ -- supplied 1 generic argument
    |                                                                   |
    |                                                                   expected 2 generic arguments
    |
help: add missing generic argument
    |
226 |     pub fn cancel_transaction(ctx: Context<CancelTransaction>) -> Result<(), E> {
    |                                                                            +++

error[E0107]: enum takes 2 generic arguments but 1 generic argument was supplied
   --> src/lib.rs:237:121
    |
237 |     pub fn execute_transaction<'info>(ctx: Context<'_,'_,'_,'info,ExecuteTransaction<'info>>, account_list: Vec<u8>) -> Result<()> {
    |                                                                                                                         ^^^^^^ -- supplied 1 generic argument
    |                                                                                                                         |
    |                                                                                                                         expected 2 generic arguments
    |
help: add missing generic argument
    |
237 |     pub fn execute_transaction<'info>(ctx: Context<'_,'_,'_,'info,ExecuteTransaction<'info>>, account_list: Vec<u8>) -> Result<(), E> {
    |                                                                                                                                  +++

error[E0433]: cannot find type `AccountInfo` in this scope
  --> src/lib.rs:54:13
   |
54 |             AccountInfo::realloc(&multisig_account_info, needed_len, false)?;
   |             ^^^^^^^^^^^ use of undeclared type `AccountInfo`

error[E0433]: cannot find type `Pubkey` in this scope
   --> src/lib.rs:153:38
    |
153 |                 let (_, auth_bump) = Pubkey::find_program_address(&[
    |                                      ^^^^^^ use of undeclared type `Pubkey`

error[E0425]: cannot find function `next_account_info` in this scope
   --> src/lib.rs:277:47
    |
277 |             let ms_ix_account: &AccountInfo = next_account_info(ix_iter)?;
    |                                               ^^^^^^^^^^^^^^^^^ not found in this scope

error[E0433]: cannot find type `MsInstruction` in this scope
   --> src/lib.rs:285:40
    |
285 |             let ms_ix: MsInstruction = MsInstruction::try_deserialize(&mut ix_account_data)?;
    |                                        ^^^^^^^^^^^^^ use of undeclared type `MsInstruction`
    |
help: a struct with a similar name exists
    |
285 -             let ms_ix: MsInstruction = MsInstruction::try_deserialize(&mut ix_account_data)?;
285 +             let ms_ix: MsInstruction = AddInstruction::try_deserialize(&mut ix_account_data)?;
    |

error[E0433]: cannot find type `Pubkey` in this scope
   --> src/lib.rs:288:31
    |
288 |             let (ix_pda, _) = Pubkey::find_program_address(&[
    |                               ^^^^^^ use of undeclared type `Pubkey`

error[E0689]: can't call method `to_le_bytes` on ambiguous numeric type `{integer}`
   --> src/lib.rs:291:20
    |
275 |         (1..max_ix_index).try_for_each(|i| {
    |                                         - you must specify a type for this binding, like `i32`
...
291 |                 &i.to_le_bytes(),
    |                    ^^^^^^^^^^^

error[E0425]: cannot find function `next_account_info` in this scope
   --> src/lib.rs:300:49
    |
300 |             let ix_program_info: &AccountInfo = next_account_info(ix_iter)?;
    |                                                 ^^^^^^^^^^^^^^^^^ not found in this scope

error[E0425]: cannot find function `next_account_info` in this scope
   --> src/lib.rs:310:39
    |
310 |                 let ix_account_info = next_account_info(ix_iter)?;
    |                                       ^^^^^^^^^^^^^^^^^
    |
help: a local variable with a similar name exists
    |
310 -                 let ix_account_info = next_account_info(ix_iter)?;
310 +                 let ix_account_info = ix_account_infos(ix_iter)?;
    |

Some errors have detailed explanations: E0107, E0425, E0433, E0583, E0689.
For more information about an error, try `rustc --explain E0107`.
warning: `squads-signer-auth` (lib) generated 1 warning
error: could not compile `squads-signer-auth` (lib) due to 172 previous errors; 1 warning emitted
