COMMAND: radar scan -p /root/st-fw-20260901/raw/radar-c2-2026-09-01-fw/_staged/anchor-account-reload-owner.insecure.pkg -f none -o /root/st-fw-20260901/raw/radar-c2-2026-09-01-fw/anchor-account-reload-owner.insecure/radar.json
EXIT: 0
WALL_SECONDS: 53.23

STDOUT:
[i] Cleaning up previous scan results
[i] Running images.. (if frozen - make sure Docker is available)
[i] Copying folder from radar container to a shared docker volume
[i] Language detected: rust
[i] AST successfully generated for folder
[i] Scan initiated for folder
[i] Ran 57 templates
[i] Scanned 1 file (account.rs)

[ [91mHigh[0m ] Unvalidated Price Data Account found at:
 * /root/st-fw-20260901/raw/radar-c2-2026-09-01-fw/_staged/anchor-account-reload-owner.insecure.pkg/pkg/src/account.rs:270:42-57


[ [92mLow[0m ] Type Cosplay found at:
 * /root/st-fw-20260901/raw/radar-c2-2026-09-01-fw/_staged/anchor-account-reload-owner.insecure.pkg/pkg/src/account.rs:271:27-42
 * /root/st-fw-20260901/raw/radar-c2-2026-09-01-fw/_staged/anchor-account-reload-owner.insecure.pkg/pkg/src/account.rs:312:34-49

[i] radar completed successfully. json results were saved to disk.
[i] Results written to /root/st-fw-20260901/raw/radar-c2-2026-09-01-fw/anchor-account-reload-owner.insecure/radar.json


STDERR:
 Container postgres  Running
 Container radar-rabbitmq-1  Running
 Container radar-api  Running
 Container postgres  Waiting
 Container radar-rabbitmq-1  Waiting
 Container radar-rabbitmq-1  Healthy
 Container postgres  Healthy

