COMMAND: radar scan -p /root/scannertruth/raw/radar-c1-2026-09-02-24c56f9/_staged/9-closing-accounts.insecure.pkg -f none -o /root/scannertruth/raw/radar-c1-2026-09-02-24c56f9/9-closing-accounts.insecure/radar.json
EXIT: 0
WALL_SECONDS: 52.97

STDOUT:
[i] Cleaning up previous scan results
[i] Running images.. (if frozen - make sure Docker is available)
[i] Copying folder from radar container to a shared docker volume
[i] Language detected: rust
[i] Framework/Toolchain: Anchor (Solana)
[i] AST successfully generated for folder
[i] Scan initiated for folder
[i] Ran 38 templates
[i] Scanned 1 file (lib.rs)

[ [94mMedium[0m ] Closing Accounts Insecurely found at:
 * /root/scannertruth/raw/radar-c1-2026-09-02-24c56f9/_staged/9-closing-accounts.insecure.pkg/pkg/src/lib.rs:15:59-69

[i] radar completed successfully. json results were saved to disk.
[i] Results written to /root/scannertruth/raw/radar-c1-2026-09-02-24c56f9/9-closing-accounts.insecure/radar.json


STDERR:
 Container postgres  Running
 Container radar-rabbitmq-1  Running
 Container radar-api  Running
 Container radar-rabbitmq-1  Waiting
 Container postgres  Waiting
 Container radar-rabbitmq-1  Healthy
 Container postgres  Healthy

