COMMAND: radar scan -p /root/scannertruth/raw/radar-c2-2026-09-02-24c56f9/_staged/spl-stake-pool-mint-decimals.insecure.pkg -f none -o /root/scannertruth/raw/radar-c2-2026-09-02-24c56f9/spl-stake-pool-mint-decimals.insecure/radar.json
EXIT: 0
WALL_SECONDS: 71.81

STDOUT:
[i] Cleaning up previous scan results
[i] Running images.. (if frozen - make sure Docker is available)
[i] Copying folder from radar container to a shared docker volume
[i] Language detected: rust
[i] AST successfully generated for folder
[i] Scan initiated for folder
[i] Ran 57 templates
[i] Scanned 1 file (processor.rs)

[ [94mMedium[0m ] Invoke Signed Unvalidated Seeds found at:
 * /root/scannertruth/raw/radar-c2-2026-09-02-24c56f9/_staged/spl-stake-pool-mint-decimals.insecure.pkg/pkg/src/processor.rs:345:5-18
 * /root/scannertruth/raw/radar-c2-2026-09-02-24c56f9/_staged/spl-stake-pool-mint-decimals.insecure.pkg/pkg/src/processor.rs:382:9-22
 * /root/scannertruth/raw/radar-c2-2026-09-02-24c56f9/_staged/spl-stake-pool-mint-decimals.insecure.pkg/pkg/src/processor.rs:410:9-22
 * /root/scannertruth/raw/radar-c2-2026-09-02-24c56f9/_staged/spl-stake-pool-mint-decimals.insecure.pkg/pkg/src/processor.rs:429:9-22
 * /root/scannertruth/raw/radar-c2-2026-09-02-24c56f9/_staged/spl-stake-pool-mint-decimals.insecure.pkg/pkg/src/processor.rs:456:9-22
 * /root/scannertruth/raw/radar-c2-2026-09-02-24c56f9/_staged/spl-stake-pool-mint-decimals.insecure.pkg/pkg/src/processor.rs:529:9-22
 * /root/scannertruth/raw/radar-c2-2026-09-02-24c56f9/_staged/spl-stake-pool-mint-decimals.insecure.pkg/pkg/src/processor.rs:578:9-22
 * /root/scannertruth/raw/radar-c2-2026-09-02-24c56f9/_staged/spl-stake-pool-mint-decimals.insecure.pkg/pkg/src/processor.rs:613:9-22
 * /root/scannertruth/raw/radar-c2-2026-09-02-24c56f9/_staged/spl-stake-pool-mint-decimals.insecure.pkg/pkg/src/processor.rs:671:9-22
 * /root/scannertruth/raw/radar-c2-2026-09-02-24c56f9/_staged/spl-stake-pool-mint-decimals.insecure.pkg/pkg/src/processor.rs:3538:9-22
 * /root/scannertruth/raw/radar-c2-2026-09-02-24c56f9/_staged/spl-stake-pool-mint-decimals.insecure.pkg/pkg/src/processor.rs:3617:9-22


[ [92mLow[0m ] Account Data Matching found at:
 * /root/scannertruth/raw/radar-c2-2026-09-02-24c56f9/_staged/spl-stake-pool-mint-decimals.insecure.pkg/pkg/src/processor.rs:2561:54-60


[ [92mLow[0m ] Account Precreation DoS found at:
 * /root/scannertruth/raw/radar-c2-2026-09-02-24c56f9/_staged/spl-stake-pool-mint-decimals.insecure.pkg/pkg/src/processor.rs:709:8-26


[ [92mLow[0m ] Integer Division Overflow found at:
 * /root/scannertruth/raw/radar-c2-2026-09-02-24c56f9/_staged/spl-stake-pool-mint-decimals.insecure.pkg/pkg/src/processor.rs:2157:8-45


[ [92mLow[0m ] Type Cosplay found at:
 * /root/scannertruth/raw/radar-c2-2026-09-02-24c56f9/_staged/spl-stake-pool-mint-decimals.insecure.pkg/pkg/src/processor.rs:3745:49-63

[i] radar completed successfully. json results were saved to disk.
[i] Results written to /root/scannertruth/raw/radar-c2-2026-09-02-24c56f9/spl-stake-pool-mint-decimals.insecure/radar.json


STDERR:
 Container postgres  Running
 Container radar-rabbitmq-1  Running
 Container radar-api  Running
 Container radar-rabbitmq-1  Waiting
 Container postgres  Waiting
 Container postgres  Healthy
 Container radar-rabbitmq-1  Healthy

