[i] Cleaning up previous scan results
[i] Running images.. (if frozen - make sure Docker is available)
 Container radar-rabbitmq-1  Running
 Container postgres  Running
 Container radar-api  Running
 Container postgres  Waiting
 Container radar-rabbitmq-1  Waiting
 Container postgres  Healthy
 Container radar-rabbitmq-1  Healthy
[i] Copying folder from radar container to a shared docker volume
[i] Language detected: rust
[i] AST successfully generated for folder
[i] Scan initiated for folder
[i] Ran 57 templates
[i] Scanned 1 file (processor.rs)

[ [94mMedium[0m ] Arbitrary Cross-Program Invocation found at:
 * /tmp/radar-c2-wrap-lf/solido-deposit-reserve-account.secure/pkg/src/processor.rs:138:8-23


[ [94mMedium[0m ] Invoke Signed Unvalidated Seeds found at:
 * /tmp/radar-c2-wrap-lf/solido-deposit-reserve-account.secure/pkg/src/processor.rs:379:9-22
 * /tmp/radar-c2-wrap-lf/solido-deposit-reserve-account.secure/pkg/src/processor.rs:444:5-18
 * /tmp/radar-c2-wrap-lf/solido-deposit-reserve-account.secure/pkg/src/processor.rs:556:9-22
 * /tmp/radar-c2-wrap-lf/solido-deposit-reserve-account.secure/pkg/src/processor.rs:728:5-18


[ [92mLow[0m ] Type Cosplay found at:
 * /tmp/radar-c2-wrap-lf/solido-deposit-reserve-account.secure/pkg/src/processor.rs:64:44-58
 * /tmp/radar-c2-wrap-lf/solido-deposit-reserve-account.secure/pkg/src/processor.rs:143:41-55
 * /tmp/radar-c2-wrap-lf/solido-deposit-reserve-account.secure/pkg/src/processor.rs:192:46-60
 * /tmp/radar-c2-wrap-lf/solido-deposit-reserve-account.secure/pkg/src/processor.rs:407:41-55
 * /tmp/radar-c2-wrap-lf/solido-deposit-reserve-account.secure/pkg/src/processor.rs:499:52-66
 * /tmp/radar-c2-wrap-lf/solido-deposit-reserve-account.secure/pkg/src/processor.rs:590:47-61
 * /tmp/radar-c2-wrap-lf/solido-deposit-reserve-account.secure/pkg/src/processor.rs:694:45-59
 * /tmp/radar-c2-wrap-lf/solido-deposit-reserve-account.secure/pkg/src/processor.rs:760:42-56
 * /tmp/radar-c2-wrap-lf/solido-deposit-reserve-account.secure/pkg/src/processor.rs:869:40-54


[ [92mLow[0m ] Unchecked Arithmetics found at:
 * /tmp/radar-c2-wrap-lf/solido-deposit-reserve-account.secure/pkg/src/processor.rs:56:8-26
 * /tmp/radar-c2-wrap-lf/solido-deposit-reserve-account.secure/pkg/src/processor.rs:85:21-39
 * /tmp/radar-c2-wrap-lf/solido-deposit-reserve-account.secure/pkg/src/processor.rs:187:8-29
 * /tmp/radar-c2-wrap-lf/solido-deposit-reserve-account.secure/pkg/src/processor.rs:402:8-23
 * /tmp/radar-c2-wrap-lf/solido-deposit-reserve-account.secure/pkg/src/processor.rs:464:29-51
 * /tmp/radar-c2-wrap-lf/solido-deposit-reserve-account.secure/pkg/src/processor.rs:586:8-39
 * /tmp/radar-c2-wrap-lf/solido-deposit-reserve-account.secure/pkg/src/processor.rs:673:10-16
 * /tmp/radar-c2-wrap-lf/solido-deposit-reserve-account.secure/pkg/src/processor.rs:680:43-49

[i] radar completed successfully. json results were saved to disk.
[i] Results written to /root/st-fix-20260901/radar-out-lf/solido-deposit-reserve-account.secure.json
