[i] Cleaning up previous scan results
[i] Running images.. (if frozen - make sure Docker is available)
 Container radar-rabbitmq-1  Running
 Container postgres  Running
 Container radar-api  Running
 Container radar-rabbitmq-1  Waiting
 Container postgres  Waiting
 Container radar-rabbitmq-1  Healthy
 Container postgres  Healthy
[i] Copying folder from radar container to a shared docker volume
[i] Language detected: rust
[i] AST successfully generated for folder
[i] Scan initiated for folder
[i] Ran 57 templates
[i] Scanned 1 file (processor.rs)

[ [91mHigh[0m ] Unvalidated Price Data Account found at:
 * /tmp/radar-c2-wrap-lf/spl-stake-pool-mint-decimals.secure/pkg/src/processor.rs:2565:45-60


[ [94mMedium[0m ] Invoke Signed Unvalidated Seeds found at:
 * /tmp/radar-c2-wrap-lf/spl-stake-pool-mint-decimals.secure/pkg/src/processor.rs:346:5-18
 * /tmp/radar-c2-wrap-lf/spl-stake-pool-mint-decimals.secure/pkg/src/processor.rs:383:9-22
 * /tmp/radar-c2-wrap-lf/spl-stake-pool-mint-decimals.secure/pkg/src/processor.rs:411:9-22
 * /tmp/radar-c2-wrap-lf/spl-stake-pool-mint-decimals.secure/pkg/src/processor.rs:430:9-22
 * /tmp/radar-c2-wrap-lf/spl-stake-pool-mint-decimals.secure/pkg/src/processor.rs:457:9-22
 * /tmp/radar-c2-wrap-lf/spl-stake-pool-mint-decimals.secure/pkg/src/processor.rs:530:9-22
 * /tmp/radar-c2-wrap-lf/spl-stake-pool-mint-decimals.secure/pkg/src/processor.rs:579:9-22
 * /tmp/radar-c2-wrap-lf/spl-stake-pool-mint-decimals.secure/pkg/src/processor.rs:614:9-22
 * /tmp/radar-c2-wrap-lf/spl-stake-pool-mint-decimals.secure/pkg/src/processor.rs:672:9-22
 * /tmp/radar-c2-wrap-lf/spl-stake-pool-mint-decimals.secure/pkg/src/processor.rs:3543:9-22
 * /tmp/radar-c2-wrap-lf/spl-stake-pool-mint-decimals.secure/pkg/src/processor.rs:3622:9-22


[ [92mLow[0m ] Account Data Matching found at:
 * /tmp/radar-c2-wrap-lf/spl-stake-pool-mint-decimals.secure/pkg/src/processor.rs:2566:54-60


[ [92mLow[0m ] Account Precreation DoS found at:
 * /tmp/radar-c2-wrap-lf/spl-stake-pool-mint-decimals.secure/pkg/src/processor.rs:710:8-26


[ [92mLow[0m ] Integer Division Overflow found at:
 * /tmp/radar-c2-wrap-lf/spl-stake-pool-mint-decimals.secure/pkg/src/processor.rs:2162:8-45


[ [92mLow[0m ] Type Cosplay found at:
 * /tmp/radar-c2-wrap-lf/spl-stake-pool-mint-decimals.secure/pkg/src/processor.rs:3750:49-63

[i] radar completed successfully. json results were saved to disk.
[i] Results written to /root/st-fix-20260901/radar-out-lf/spl-stake-pool-mint-decimals.secure.json
