[i] Cleaning up previous scan results
[i] Running images.. (if frozen - make sure Docker is available)
 Container postgres  Running
 Container radar-rabbitmq-1  Running
 Container radar-api  Running
 Container radar-rabbitmq-1  Waiting
 Container postgres  Waiting
 Container postgres  Healthy
 Container radar-rabbitmq-1  Healthy
[i] Copying folder from radar container to a shared docker volume
[i] Language detected: rust
[i] AST successfully generated for folder
[i] Scan initiated for folder
[i] Ran 57 templates
[i] Scanned 1 file (processor.rs)

[ [91mHigh[0m ] Unvalidated Price Data Account found at:
 * /tmp/radar-c2-wrap-lf/spl-stake-pool-mint-decimals.insecure/pkg/src/processor.rs:2560:45-60


[ [94mMedium[0m ] Invoke Signed Unvalidated Seeds found at:
 * /tmp/radar-c2-wrap-lf/spl-stake-pool-mint-decimals.insecure/pkg/src/processor.rs:345:5-18
 * /tmp/radar-c2-wrap-lf/spl-stake-pool-mint-decimals.insecure/pkg/src/processor.rs:382:9-22
 * /tmp/radar-c2-wrap-lf/spl-stake-pool-mint-decimals.insecure/pkg/src/processor.rs:410:9-22
 * /tmp/radar-c2-wrap-lf/spl-stake-pool-mint-decimals.insecure/pkg/src/processor.rs:429:9-22
 * /tmp/radar-c2-wrap-lf/spl-stake-pool-mint-decimals.insecure/pkg/src/processor.rs:456:9-22
 * /tmp/radar-c2-wrap-lf/spl-stake-pool-mint-decimals.insecure/pkg/src/processor.rs:529:9-22
 * /tmp/radar-c2-wrap-lf/spl-stake-pool-mint-decimals.insecure/pkg/src/processor.rs:578:9-22
 * /tmp/radar-c2-wrap-lf/spl-stake-pool-mint-decimals.insecure/pkg/src/processor.rs:613:9-22
 * /tmp/radar-c2-wrap-lf/spl-stake-pool-mint-decimals.insecure/pkg/src/processor.rs:671:9-22
 * /tmp/radar-c2-wrap-lf/spl-stake-pool-mint-decimals.insecure/pkg/src/processor.rs:3538:9-22
 * /tmp/radar-c2-wrap-lf/spl-stake-pool-mint-decimals.insecure/pkg/src/processor.rs:3617:9-22


[ [92mLow[0m ] Account Data Matching found at:
 * /tmp/radar-c2-wrap-lf/spl-stake-pool-mint-decimals.insecure/pkg/src/processor.rs:2561:54-60


[ [92mLow[0m ] Account Precreation DoS found at:
 * /tmp/radar-c2-wrap-lf/spl-stake-pool-mint-decimals.insecure/pkg/src/processor.rs:709:8-26


[ [92mLow[0m ] Integer Division Overflow found at:
 * /tmp/radar-c2-wrap-lf/spl-stake-pool-mint-decimals.insecure/pkg/src/processor.rs:2157:8-45


[ [92mLow[0m ] Type Cosplay found at:
 * /tmp/radar-c2-wrap-lf/spl-stake-pool-mint-decimals.insecure/pkg/src/processor.rs:3745:49-63

[i] radar completed successfully. json results were saved to disk.
[i] Results written to /root/st-fix-20260901/radar-out-lf/spl-stake-pool-mint-decimals.insecure.json
