[i] Cleaning up previous scan results
[i] Running images.. (if frozen - make sure Docker is available)
 Container radar-rabbitmq-1  Running
 Container postgres  Running
 Container radar-api  Running
 Container radar-rabbitmq-1  Waiting
 Container postgres  Waiting
 Container radar-rabbitmq-1  Healthy
 Container postgres  Healthy
[i] Copying folder from radar container to a shared docker volume
[i] Language detected: rust
[i] AST successfully generated for folder
[i] Scan initiated for folder
[i] Ran 57 templates
[i] Scanned 1 file (state.rs)

[ [91mHigh[0m ] Unvalidated Price Data Account found at:
 * /tmp/radar-c2-wrap-lf/spl-stake-pool-fee-rounding.secure/pkg/src/state.rs:396:39-54


[ [94mMedium[0m ] Anchor Admin Without Timelock found at:
 * /tmp/radar-c2-wrap-lf/spl-stake-pool-fee-rounding.secure/pkg/src/state.rs:482:15-18


[ [92mLow[0m ] Account Data Matching found at:
 * /tmp/radar-c2-wrap-lf/spl-stake-pool-fee-rounding.secure/pkg/src/state.rs:397:53-59


[ [92mLow[0m ] Type Cosplay found at:
 * /tmp/radar-c2-wrap-lf/spl-stake-pool-fee-rounding.secure/pkg/src/state.rs:747:14-28
 * /tmp/radar-c2-wrap-lf/spl-stake-pool-fee-rounding.secure/pkg/src/state.rs:754:14-28
 * /tmp/radar-c2-wrap-lf/spl-stake-pool-fee-rounding.secure/pkg/src/state.rs:774:30-44

[i] radar completed successfully. json results were saved to disk.
[i] Results written to /root/st-fix-20260901/radar-out-lf/spl-stake-pool-fee-rounding.secure.json
