[i] Cleaning up previous scan results
[i] Running images.. (if frozen - make sure Docker is available)
 Container radar-rabbitmq-1  Running
 Container postgres  Running
 Container radar-api  Running
 Container radar-rabbitmq-1  Waiting
 Container postgres  Waiting
 Container radar-rabbitmq-1  Healthy
 Container postgres  Healthy
[i] Copying folder from radar container to a shared docker volume
[i] Language detected: rust
[i] AST successfully generated for folder
[i] Scan initiated for folder
[i] Ran 57 templates
[i] Scanned 1 file (lib.rs)

[ [94mMedium[0m ] Arbitrary Cross-Program Invocation found at:
 * /tmp/radar-c2-wrap-lf/squads-recursive-execute.insecure/pkg/src/lib.rs:65:12-22


[ [94mMedium[0m ] Invoke Signed Unvalidated Seeds found at:
 * /tmp/radar-c2-wrap-lf/squads-recursive-execute.insecure/pkg/src/lib.rs:415:21-34
 * /tmp/radar-c2-wrap-lf/squads-recursive-execute.insecure/pkg/src/lib.rs:493:9-22


[ [92mLow[0m ] Type Cosplay found at:
 * /tmp/radar-c2-wrap-lf/squads-recursive-execute.insecure/pkg/src/lib.rs:347:55-70


[ [92mLow[0m ] Unchecked Arithmetics found at:
 * /tmp/radar-c2-wrap-lf/squads-recursive-execute.insecure/pkg/src/lib.rs:65:12-22
 * /tmp/radar-c2-wrap-lf/squads-recursive-execute.insecure/pkg/src/lib.rs:77:28-42
 * /tmp/radar-c2-wrap-lf/squads-recursive-execute.insecure/pkg/src/lib.rs:82:30-44

[i] radar completed successfully. json results were saved to disk.
[i] Results written to /root/st-fix-20260901/radar-out-lf/squads-recursive-execute.insecure.json
