COMMAND: radar scan -p /root/scannertruth/raw/radar-c1-2026-09-02-24c56f9/_staged/4-initialization.insecure.pkg -f none -o /root/scannertruth/raw/radar-c1-2026-09-02-24c56f9/4-initialization.insecure.run2/radar.json
EXIT: 0
WALL_SECONDS: 52.99

STDOUT:
[i] Cleaning up previous scan results
[i] Running images.. (if frozen - make sure Docker is available)
[i] Copying folder from radar container to a shared docker volume
[i] Language detected: rust
[i] Framework/Toolchain: Anchor (Solana)
[i] AST successfully generated for folder
[i] Scan initiated for folder
[i] Ran 38 templates
[i] Scanned 1 file (lib.rs)

[ [91mHigh[0m ] Account Reinitialization found at:
 * /root/scannertruth/raw/radar-c1-2026-09-02-24c56f9/_staged/4-initialization.insecure.pkg/pkg/src/lib.rs:11:12-22


[ [92mLow[0m ] Missing Owner Check found at:
 * /root/scannertruth/raw/radar-c1-2026-09-02-24c56f9/_staged/4-initialization.insecure.pkg/pkg/src/lib.rs:29:3-9


[ [92mLow[0m ] Missing has_one Constraint found at:
 * /root/scannertruth/raw/radar-c1-2026-09-02-24c56f9/_staged/4-initialization.insecure.pkg/pkg/src/lib.rs:29:3-9


[ [92mLow[0m ] Type Cosplay found at:
 * /root/scannertruth/raw/radar-c1-2026-09-02-24c56f9/_staged/4-initialization.insecure.pkg/pkg/src/lib.rs:12:30-44

[i] radar completed successfully. json results were saved to disk.
[i] Results written to /root/scannertruth/raw/radar-c1-2026-09-02-24c56f9/4-initialization.insecure.run2/radar.json


STDERR:
 Container radar-rabbitmq-1  Running
 Container postgres  Running
 Container radar-api  Running
 Container postgres  Waiting
 Container radar-rabbitmq-1  Waiting
 Container radar-rabbitmq-1  Healthy
 Container postgres  Healthy

